Archive member included to satisfy reference by file (symbol)

boards/px4/fmu-v6xrt/src/libdrivers_board.a(imxrt_flexspi_nor_boot.c.obj)
                              (g_boot_data)
boards/px4/fmu-v6xrt/src/libdrivers_board.a(imxrt_flexspi_nor_flash.c.obj)
                              (g_flash_config)
NuttX/nuttx/arch/arm/src/libarch.a(imxrt_start.o)
                              (__start)
NuttX/nuttx/arch/arm/src/libarch.a(imxrt_lowputc.o)
                              NuttX/nuttx/arch/arm/src/libarch.a(imxrt_start.o) (imxrt_lowsetup)
NuttX/nuttx/arch/arm/src/libarch.a(imxrt_clockconfig_ver2.o)
                              NuttX/nuttx/arch/arm/src/libarch.a(imxrt_start.o) (imxrt_clockconfig)
NuttX/nuttx/arch/arm/src/libarch.a(imxrt_pmu.o)
                              NuttX/nuttx/arch/arm/src/libarch.a(imxrt_clockconfig_ver2.o) (imxrt_modify_pll1g)
NuttX/nuttx/arch/arm/src/libarch.a(imxrt_mpuinit.o)
                              NuttX/nuttx/arch/arm/src/libarch.a(imxrt_start.o) (imxrt_mpu_initialize)
NuttX/nuttx/arch/arm/src/libarch.a(arm_modifyreg32.o)
                              NuttX/nuttx/arch/arm/src/libarch.a(imxrt_clockconfig_ver2.o) (modifyreg32)
NuttX/nuttx/arch/arm/src/libarch.a(arm_mdelay.o)
                              NuttX/nuttx/arch/arm/src/libarch.a(imxrt_clockconfig_ver2.o) (up_mdelay)
NuttX/nuttx/arch/arm/src/libarch.a(arm_udelay.o)
                              NuttX/nuttx/arch/arm/src/libarch.a(imxrt_pmu.o) (up_udelay)
NuttX/nuttx/arch/arm/src/libarch.a(arm_cache.o)
                              NuttX/nuttx/arch/arm/src/libarch.a(imxrt_start.o) (up_enable_icache)
NuttX/nuttx/arch/arm/src/libarch.a(arm_vectors.o)
                              boards/px4/fmu-v6xrt/src/libdrivers_board.a(imxrt_flexspi_nor_boot.c.obj) (_vectors)
NuttX/nuttx/arch/arm/src/libarch.a(arm_fpuconfig.o)
                              NuttX/nuttx/arch/arm/src/libarch.a(imxrt_start.o) (arm_fpuconfig)
NuttX/nuttx/arch/arm/src/libarch.a(arm_mpu.o)
                              NuttX/nuttx/arch/arm/src/libarch.a(imxrt_mpuinit.o) (mpu_allocregion)
NuttX/nuttx/arch/arm/src/libarch.a(arm_exception.o)
                              NuttX/nuttx/arch/arm/src/libarch.a(arm_vectors.o) (exception_common)
NuttX/nuttx/arch/arm/src/libarch.a(imxrt_periphclks.o)
                              NuttX/nuttx/arch/arm/src/libarch.a(imxrt_lowputc.o) (imxrt_periphclk_configure)
NuttX/nuttx/arch/arm/src/libarch.a(imxrt_gpio.o)
                              NuttX/nuttx/arch/arm/src/libarch.a(imxrt_lowputc.o) (imxrt_config_gpio)
NuttX/nuttx/arch/arm/src/libarch.a(imxrt_daisy.o)
                              NuttX/nuttx/arch/arm/src/libarch.a(imxrt_gpio.o) (imxrt_daisy_select)
NuttX/nuttx/arch/arm/src/libarch.a(imxrt_iomuxc_ver2.o)
                              NuttX/nuttx/arch/arm/src/libarch.a(imxrt_gpio.o) (imxrt_padmux_map)
NuttX/nuttx/arch/arm/src/libarch.a(arm_doirq.o)
                              NuttX/nuttx/arch/arm/src/libarch.a(arm_exception.o) (arm_doirq)
NuttX/nuttx/arch/arm/src/libarch.a(imxrt_irq.o)
                              NuttX/nuttx/arch/arm/src/libarch.a(arm_doirq.o) (arm_ack_irq)
NuttX/nuttx/arch/arm/src/libarch.a(arm_hardfault.o)
                              NuttX/nuttx/arch/arm/src/libarch.a(imxrt_irq.o) (arm_hardfault)
NuttX/nuttx/arch/arm/src/libarch.a(arm_memfault.o)
                              NuttX/nuttx/arch/arm/src/libarch.a(imxrt_irq.o) (arm_memfault)
NuttX/nuttx/arch/arm/src/libarch.a(arm_svcall.o)
                              NuttX/nuttx/arch/arm/src/libarch.a(imxrt_irq.o) (arm_svcall)
NuttX/nuttx/arch/arm/src/libarch.a(arm_usagefault.o)
                              NuttX/nuttx/arch/arm/src/libarch.a(arm_hardfault.o) (arm_usagefault)
NuttX/nuttx/arch/arm/src/libarch.a(arm_ramvec_initialize.o)
                              NuttX/nuttx/arch/arm/src/libarch.a(imxrt_irq.o) (arm_ramvec_initialize)
NuttX/nuttx/libs/libc/libc.a(arch_memcpy.o)
                              NuttX/nuttx/arch/arm/src/libarch.a(arm_svcall.o) (memcpy)
NuttX/nuttx/libs/libc/libc.a(lib_assert.o)
                              NuttX/nuttx/arch/arm/src/libarch.a(imxrt_clockconfig_ver2.o) (_assert)
NuttX/nuttx/libs/libc/libc.a(lib_exit.o)
                              NuttX/nuttx/libs/libc/libc.a(lib_assert.o) (exit)
NuttX/nuttx/libs/libc/libc.a(lib_syslog.o)
                              NuttX/nuttx/arch/arm/src/libarch.a(imxrt_irq.o) (syslog)
NuttX/nuttx/libs/libc/libc.a(lib_setlogmask.o)
                              NuttX/nuttx/libs/libc/libc.a(lib_syslog.o) (g_syslog_mask)
boards/px4/fmu-v6xrt/src/libdrivers_board.a(init.c.obj)
                              NuttX/nuttx/arch/arm/src/libarch.a(imxrt_start.o) (imxrt_boardinitialize)
boards/px4/fmu-v6xrt/src/libdrivers_board.a(usb.c.obj)
                              boards/px4/fmu-v6xrt/src/libdrivers_board.a(init.c.obj) (imxrt_usb_initialize)
boards/px4/fmu-v6xrt/src/libdrivers_board.a(imxrt_clockconfig.c.obj)
[...]
Memory Configuration

Name             Origin             Length             Attributes
flash            0x0000000030000000 0x0000000000020000 xr
sram             0x0000000020240000 0x0000000000140000 xrw
itcm             0x0000000000000000 0x0000000000040000 xrw
dtcm             0x0000000020000000 0x0000000000040000 xrw
*default*        0x0000000000000000 0xffffffffffffffff

Linker script and memory map

LOAD platforms/nuttx/CMakeFiles/px4.dir/__/common/empty.c.obj

.boot_hdr       0x0000000030000000     0x2000
 FILL mask 0xff
                0x0000000000000400                . = 0x400
 *fill*         0x0000000030000000      0x400 ff
                0x0000000030000400                __boot_hdr_start__ = ABSOLUTE (.)
 *(.boot_hdr.conf)
 .boot_hdr.conf
                0x0000000030000400      0x200 boards/px4/fmu-v6xrt/src/libdrivers_board.a(imxrt_flexspi_nor_flash.c.obj)
                0x0000000030000400                g_flash_config
                0x0000000000001000                . = 0x1000
 *fill*         0x0000000030000600      0xa00 ff
 *(.boot_hdr.ivt)
 .boot_hdr.ivt  0x0000000030001000       0x20 boards/px4/fmu-v6xrt/src/libdrivers_board.a(imxrt_flexspi_nor_boot.c.obj)
                0x0000000030001000                g_image_vector_table
                0x0000000000001020                . = 0x1020
 *(.boot_hdr.boot_data)
 .boot_hdr.boot_data
                0x0000000030001020       0x10 boards/px4/fmu-v6xrt/src/libdrivers_board.a(imxrt_flexspi_nor_boot.c.obj)
                0x0000000030001020                g_boot_data
                0x0000000000001030                . = 0x1030
 *(.boot_hdr.dcd_data)
                0x0000000030001030                __boot_hdr_end__ = ABSOLUTE (.)
                0x0000000000002000                . = 0x2000
 *fill*         0x0000000030001030      0xfd0 ff

.vectors        0x0000000030002000      0x838
 *(.vectors)
 .vectors       0x0000000030002000      0x3a8 NuttX/nuttx/arch/arm/src/libarch.a(arm_vectors.o)
                0x0000000030002000                _vectors
 *(.text .text.__start)
 .text.__start  0x00000000300023a8       0xb4 NuttX/nuttx/arch/arm/src/libarch.a(imxrt_start.o)
                0x00000000300023a8                __start
 .text          0x000000003000245c       0xa0 /home/vind/gcc-arm-none-eabi-9-2020-q2-update/bin/../lib/gcc/arm-none-eabi/9.3.1/thumb/v7e-m+dp/hard/libgcc.a(_aeabi_ldivmod.o)
                0x000000003000245c                __aeabi_ldivmod
 .text          0x00000000300024fc       0x30 /home/vind/gcc-arm-none-eabi-9-2020-q2-update/bin/../lib/gcc/arm-none-eabi/9.3.1/thumb/v7e-m+dp/hard/libgcc.a(_aeabi_uldivmod.o)
                0x00000000300024fc                __aeabi_uldivmod
 *fill*         0x000000003000252c        0x4 
 .text          0x0000000030002530       0x40 /home/vind/gcc-arm-none-eabi-9-2020-q2-update/bin/../lib/gcc/arm-none-eabi/9.3.1/thumb/v7e-m+dp/hard/libgcc.a(_fixunsdfdi.o)
                0x0000000030002530                __aeabi_d2ulz
                0x0000000030002530                __fixunsdfdi
 .text          0x0000000030002570      0x2c4 /home/vind/gcc-arm-none-eabi-9-2020-q2-update/bin/../lib/gcc/arm-none-eabi/9.3.1/thumb/v7e-m+dp/hard/libgcc.a(_udivmoddi4.o)
                0x0000000030002570                __udivmoddi4
 .text          0x0000000030002834        0x4 /home/vind/gcc-arm-none-eabi-9-2020-q2-update/bin/../lib/gcc/arm-none-eabi/9.3.1/thumb/v7e-m+dp/hard/libgcc.a(_dvmd_tls.o)
                0x0000000030002834                __aeabi_ldiv0
                0x0000000030002834                __aeabi_idiv0

.itcmfunc       0x0000000000000000       0x40 load address 0x0000000030002838
                0x0000000000000000                . = ALIGN (0x8)
                0x0000000000000000                _sitcmfuncs = ABSOLUTE (.)
 FILL mask 0xff
                0x0000000000000040                . = 0x40
 *fill*         0x0000000000000000       0x40 ff
                0x0000000000000040                . = ALIGN (0x8)
                0x0000000000000040                _eitcmfuncs = ABSOLUTE (.)
                0x0000000030002838                _fitcmfuncs = LOADADDR (.itcmfunc)

.ram_vectors    0x0000000020000000      0x3a8
 *(.ram_vectors)
 .ram_vectors   0x0000000020000000      0x3a8 NuttX/nuttx/arch/arm/src/libarch.a(arm_ramvec_initialize.o)
                0x0000000020000000                g_ram_vectors

.text           0x0000000030002840    0x117c0
                0x0000000030002840                _stext = ABSOLUTE (.)
 *(.vectors)
                0x0000000030002840                . = ALIGN (0x20)
                0x0000000030002840                _bootdelay_signature = ABSOLUTE (.)
 FILL mask 0xffecc2925d7d05c5
                0x0000000030002848                . = (. + 0x8)
 *fill*         0x0000000030002840        0x8 ffecc2925d7d05c5
 *(.text .text.*)
 .text.imxrt_lpuart_clock_enable
                0x0000000030002848       0x84 NuttX/nuttx/arch/arm/src/libarch.a(imxrt_lowputc.o)
                0x0000000030002848                imxrt_lpuart_clock_enable
 .text.imxrt_lowsetup
                0x00000000300028cc       0x30 NuttX/nuttx/arch/arm/src/libarch.a(imxrt_lowputc.o)
                0x00000000300028cc                imxrt_lowsetup
 .text.imxrt_lpuart_configure
                0x00000000300028fc      0x1d8 NuttX/nuttx/arch/arm/src/libarch.a(imxrt_lowputc.o)
                0x00000000300028fc                imxrt_lpuart_configure
 .text.imxrt_lowputc
                0x0000000030002ad4        0x2 NuttX/nuttx/arch/arm/src/libarch.a(imxrt_lowputc.o)
                0x0000000030002ad4                imxrt_lowputc
 *fill*         0x0000000030002ad6        0x2 ffecc2925d7d05c5
 .text.imxrt_clockconfig
                0x0000000030002ad8      0x4bc NuttX/nuttx/arch/arm/src/libarch.a(imxrt_clockconfig_ver2.o)
                0x0000000030002ad8                imxrt_clockconfig
 .text.imxrt_get_pll
                0x0000000030002f94       0x70 NuttX/nuttx/arch/arm/src/libarch.a(imxrt_clockconfig_ver2.o)
                0x0000000030002f94                imxrt_get_pll
 .text.imxrt_get_pll_pfd
                0x0000000030003004       0x60 NuttX/nuttx/arch/arm/src/libarch.a(imxrt_clockconfig_ver2.o)
                0x0000000030003004                imxrt_get_pll_pfd
 .text.imxrt_get_clock
                0x0000000030003064       0xb4 NuttX/nuttx/arch/arm/src/libarch.a(imxrt_clockconfig_ver2.o)
                0x0000000030003064                imxrt_get_clock
 .text.imxrt_get_rootclock
                0x0000000030003118       0x4c NuttX/nuttx/arch/arm/src/libarch.a(imxrt_clockconfig_ver2.o)
                0x0000000030003118                imxrt_get_rootclock
 .text.imxrt_vddsoc_ai_write
                0x0000000030003164       0x28 NuttX/nuttx/arch/arm/src/libarch.a(imxrt_pmu.o)
                0x0000000030003164                imxrt_vddsoc_ai_write
 .text.imxrt_vddsoc_ai_read
                0x000000003000318c       0x30 NuttX/nuttx/arch/arm/src/libarch.a(imxrt_pmu.o)
                0x000000003000318c                imxrt_vddsoc_ai_read
 .text.imxrt_pll1g_ai_write
                0x00000000300031bc       0x3c NuttX/nuttx/arch/arm/src/libarch.a(imxrt_pmu.o)
                0x00000000300031bc                imxrt_pll1g_ai_write
 .text.imxrt_modify_pll1g
                0x00000000300031f8       0x24 NuttX/nuttx/arch/arm/src/libarch.a(imxrt_pmu.o)
                0x00000000300031f8                imxrt_modify_pll1g
 .text.imxrt_pmu_enable_pll_ldo
                0x000000003000321c       0x2c NuttX/nuttx/arch/arm/src/libarch.a(imxrt_pmu.o)
                0x000000003000321c                imxrt_pmu_enable_pll_ldo
 .text.imxrt_pmu_enable_body_bias_fbb_cm7
                0x0000000030003248       0x38 NuttX/nuttx/arch/arm/src/libarch.a(imxrt_pmu.o)
                0x0000000030003248                imxrt_pmu_enable_body_bias_fbb_cm7
 .text.imxrt_pmu_vdd1p0_buckmode_targetvoltage
                0x0000000030003280       0x2c NuttX/nuttx/arch/arm/src/libarch.a(imxrt_pmu.o)
                0x0000000030003280                imxrt_pmu_vdd1p0_buckmode_targetvoltage
 .text.imxrt_pmu_lpsr_ana_ldo_bypassmode
                0x00000000300032ac       0x6c NuttX/nuttx/arch/arm/src/libarch.a(imxrt_pmu.o)
                0x00000000300032ac                imxrt_pmu_lpsr_ana_ldo_bypassmode
 .text.imxrt_pmu_lpsr_dig_ldo_bypassmode
                0x0000000030003318       0x5c NuttX/nuttx/arch/arm/src/libarch.a(imxrt_pmu.o)
                0x0000000030003318                imxrt_pmu_lpsr_dig_ldo_bypassmode
 .text.imxrt_mpu_initialize
                0x0000000030003374      0x104 NuttX/nuttx/arch/arm/src/libarch.a(imxrt_mpuinit.o)
                0x0000000030003374                imxrt_mpu_initialize
 .text.modifyreg32
                0x0000000030003478       0x1e NuttX/nuttx/arch/arm/src/libarch.a(arm_modifyreg32.o)
                0x0000000030003478                modifyreg32
 *fill*         0x0000000030003496        0x2 ffecc2925d7d05c5
 .text.up_mdelay
                0x0000000030003498       0x30 NuttX/nuttx/arch/arm/src/libarch.a(arm_mdelay.o)
                0x0000000030003498                up_mdelay
 .text.up_udelay
                0x00000000300034c8       0x7c NuttX/nuttx/arch/arm/src/libarch.a(arm_udelay.o)
                0x00000000300034c8                up_udelay
 .text.up_enable_icache
                0x0000000030003544       0x2c NuttX/nuttx/arch/arm/src/libarch.a(arm_cache.o)
                0x0000000030003544                up_enable_icache
 .text.up_enable_dcache
                0x0000000030003570       0x6c NuttX/nuttx/arch/arm/src/libarch.a(arm_cache.o)
                0x0000000030003570                up_enable_dcache
 .text.up_invalidate_dcache
                0x00000000300035dc       0x50 NuttX/nuttx/arch/arm/src/libarch.a(arm_cache.o)
                0x00000000300035dc                up_invalidate_dcache
 .text.up_clean_dcache
                0x000000003000362c        0x2 NuttX/nuttx/arch/arm/src/libarch.a(arm_cache.o)
                0x000000003000362c                up_clean_dcache
 .text.up_flush_dcache
                0x000000003000362e        0x4 NuttX/nuttx/arch/arm/src/libarch.a(arm_cache.o)
                0x000000003000362e                up_flush_dcache
 *fill*         0x0000000030003632        0x2 ffecc2925d7d05c5
 .text.arm_fpuconfig
                0x0000000030003634       0x2c NuttX/nuttx/arch/arm/src/libarch.a(arm_fpuconfig.o)
                0x0000000030003634                arm_fpuconfig
 .text.mpu_allocregion
                0x0000000030003660       0x20 NuttX/nuttx/arch/arm/src/libarch.a(arm_mpu.o)
                0x0000000030003660                mpu_allocregion
 .text.mpu_log2regionceil
                0x0000000030003680       0x1e NuttX/nuttx/arch/arm/src/libarch.a(arm_mpu.o)
                0x0000000030003680                mpu_log2regionceil
 *fill*         0x000000003000369e        0x2 ffecc2925d7d05c5
 .text.mpu_subregion
                0x00000000300036a0       0x5c NuttX/nuttx/arch/arm/src/libarch.a(arm_mpu.o)
                0x00000000300036a0                mpu_subregion
 .text.mpu_control
                0x00000000300036fc       0x1c NuttX/nuttx/arch/arm/src/libarch.a(arm_mpu.o)
                0x00000000300036fc                mpu_control
 .text.mpu_configure_region
                0x0000000030003718       0xa8 NuttX/nuttx/arch/arm/src/libarch.a(arm_mpu.o)
                0x0000000030003718                mpu_configure_region
 .text.mpu_reset
                0x00000000300037c0       0x3c NuttX/nuttx/arch/arm/src/libarch.a(arm_mpu.o)
                0x00000000300037c0                mpu_reset
 .text.exception_common
                0x00000000300037fc       0x5c NuttX/nuttx/arch/arm/src/libarch.a(arm_exception.o)
                0x00000000300037fc                exception_common
 .text.imxrt_periphclk_configure
                0x0000000030003858       0x3c NuttX/nuttx/arch/arm/src/libarch.a(imxrt_periphclks.o)
                0x0000000030003858                imxrt_periphclk_configure
 .text.imxrt_padmux_address
                0x0000000030003894       0x2c NuttX/nuttx/arch/arm/src/libarch.a(imxrt_gpio.o)
 .text.imxrt_padctl_address
                0x00000000300038c0       0x2c NuttX/nuttx/arch/arm/src/libarch.a(imxrt_gpio.o)
 .text.imxrt_gpio_configinput
                0x00000000300038ec       0x80 NuttX/nuttx/arch/arm/src/libarch.a(imxrt_gpio.o)
 .text.imxrt_config_gpio
                0x000000003000396c       0xb4 NuttX/nuttx/arch/arm/src/libarch.a(imxrt_gpio.o)
                0x000000003000396c                imxrt_config_gpio
 .text.imxrt_gpio_write
                0x0000000030003a20       0x4c NuttX/nuttx/arch/arm/src/libarch.a(imxrt_gpio.o)
                0x0000000030003a20                imxrt_gpio_write
 .text.imxrt_gpio_read
                0x0000000030003a6c       0x58 NuttX/nuttx/arch/arm/src/libarch.a(imxrt_gpio.o)
                0x0000000030003a6c                imxrt_gpio_read
 .text.imxrt_daisy_select
                0x0000000030003ac4       0x4c NuttX/nuttx/arch/arm/src/libarch.a(imxrt_daisy.o)
                0x0000000030003ac4                imxrt_daisy_select
 .text.imxrt_padmux_map
                0x0000000030003b10       0x1c NuttX/nuttx/arch/arm/src/libarch.a(imxrt_iomuxc_ver2.o)
                0x0000000030003b10                imxrt_padmux_map
 .text.imxrt_iomux_configure
                0x0000000030003b2c      0x160 NuttX/nuttx/arch/arm/src/libarch.a(imxrt_iomuxc_ver2.o)
                0x0000000030003b2c                imxrt_iomux_configure
 .text.arm_doirq
                0x0000000030003c8c       0x30 NuttX/nuttx/arch/arm/src/libarch.a(arm_doirq.o)
                0x0000000030003c8c                arm_doirq
 .text.imxrt_reserved
                0x0000000030003cbc       0x2c NuttX/nuttx/arch/arm/src/libarch.a(imxrt_irq.o)
 .text.imxrt_dbgmonitor
                0x0000000030003ce8       0x2c NuttX/nuttx/arch/arm/src/libarch.a(imxrt_irq.o)
 .text.imxrt_pendsv
                0x0000000030003d14       0x2c NuttX/nuttx/arch/arm/src/libarch.a(imxrt_irq.o)
 .text.imxrt_usagefault
                0x0000000030003d40       0x34 NuttX/nuttx/arch/arm/src/libarch.a(imxrt_irq.o)
 .text.imxrt_busfault
                0x0000000030003d74       0x34 NuttX/nuttx/arch/arm/src/libarch.a(imxrt_irq.o)
 .text.imxrt_nmi
                0x0000000030003da8       0x2c NuttX/nuttx/arch/arm/src/libarch.a(imxrt_irq.o)
 .text.imxrt_irqinfo
                0x0000000030003dd4       0xe8 NuttX/nuttx/arch/arm/src/libarch.a(imxrt_irq.o)
 .text.up_disable_irq
                0x0000000030003ebc       0x28 NuttX/nuttx/arch/arm/src/libarch.a(imxrt_irq.o)
                0x0000000030003ebc                up_disable_irq
 .text.up_enable_irq
                0x0000000030003ee4       0x26 NuttX/nuttx/arch/arm/src/libarch.a(imxrt_irq.o)
                0x0000000030003ee4                up_enable_irq
 *fill*         0x0000000030003f0a        0x2 ffecc2925d7d05c5
 .text.up_irqinitialize
                0x0000000030003f0c      0x110 NuttX/nuttx/arch/arm/src/libarch.a(imxrt_irq.o)
                0x0000000030003f0c                up_irqinitialize
 .text.arm_ack_irq
                0x000000003000401c        0x2 NuttX/nuttx/arch/arm/src/libarch.a(imxrt_irq.o)
                0x000000003000401c                arm_ack_irq
 *fill*         0x000000003000401e        0x2 ffecc2925d7d05c5
 .text.arm_hardfault
                0x0000000030004020      0x104 NuttX/nuttx/arch/arm/src/libarch.a(arm_hardfault.o)
                0x0000000030004020                arm_hardfault
 .text.arm_memfault
                0x0000000030004124       0x20 NuttX/nuttx/arch/arm/src/libarch.a(arm_memfault.o)
                0x0000000030004124                arm_memfault
 .text.arm_svcall
                0x0000000030004144       0x58 NuttX/nuttx/arch/arm/src/libarch.a(arm_svcall.o)
                0x0000000030004144                arm_svcall
 .text.arm_usagefault
                0x000000003000419c      0x138 NuttX/nuttx/arch/arm/src/libarch.a(arm_usagefault.o)
                0x000000003000419c                arm_usagefault
 .text.arm_ramvec_initialize
                0x00000000300042d4       0x3c NuttX/nuttx/arch/arm/src/libarch.a(arm_ramvec_initialize.o)
                0x00000000300042d4                arm_ramvec_initialize
 .text.memcpy   0x0000000030004310      0x230 NuttX/nuttx/libs/libc/libc.a(arch_memcpy.o)
                0x0000000030004330                memcpy
 .text._assert  0x0000000030004540        0xc NuttX/nuttx/libs/libc/libc.a(lib_assert.o)
                0x0000000030004540                _assert
 .text.exit     0x000000003000454c        0x6 NuttX/nuttx/libs/libc/libc.a(lib_exit.o)
                0x000000003000454c                exit
 *fill*         0x0000000030004552        0x2 ffecc2925d7d05c5
 .text.vsyslog  0x0000000030004554       0x20 NuttX/nuttx/libs/libc/libc.a(lib_syslog.o)
                0x0000000030004554                vsyslog
 .text.syslog   0x0000000030004574       0x1a NuttX/nuttx/libs/libc/libc.a(lib_syslog.o)
                0x0000000030004574                syslog
 *fill*         0x000000003000458e        0x2 ffecc2925d7d05c5
 .text.board_on_reset
                0x0000000030004590       0x30 boards/px4/fmu-v6xrt/src/libdrivers_board.a(init.c.obj)
                0x0000000030004590                board_on_reset
 .text.imxrt_boardinitialize
                0x00000000300045c0       0x38 boards/px4/fmu-v6xrt/src/libdrivers_board.a(init.c.obj)
                0x00000000300045c0                imxrt_boardinitialize
 .text.board_app_initialize
                0x00000000300045f8        0x4 boards/px4/fmu-v6xrt/src/libdrivers_board.a(init.c.obj)
                0x00000000300045f8                board_app_initialize
 .text.imxrt_usb_initialize
                0x00000000300045fc        0xe boards/px4/fmu-v6xrt/src/libdrivers_board.a(usb.c.obj)
                0x00000000300045fc                imxrt_usb_initialize
 *fill*         0x000000003000460a        0x2 ffecc2925d7d05c5
 .text.fmuv6xrt_timer_initialize
                0x000000003000460c       0x68 boards/px4/fmu-v6xrt/src/libdrivers_board.a(timer_config.cpp.obj)
                0x000000003000460c                fmuv6xrt_timer_initialize
 .text.nx_vsyslog
                0x0000000030004674       0x1c NuttX/nuttx/drivers/libdrivers.a(vsyslog.o)
                0x0000000030004674                nx_vsyslog
 .text.syslogstream_putc
                0x0000000030004690       0x22 NuttX/nuttx/drivers/libdrivers.a(syslog_stream.o)
 *fill*         0x00000000300046b2        0x2 ffecc2925d7d05c5
 .text.syslogstream_create
                0x00000000300046b4       0x28 NuttX/nuttx/drivers/libdrivers.a(syslog_stream.o)
                0x00000000300046b4                syslogstream_create
 .text.syslog_putc
                0x00000000300046dc       0x4c NuttX/nuttx/drivers/libdrivers.a(syslog_putc.o)
                0x00000000300046dc                syslog_putc
 .text.syslog_default_write
                0x0000000030004728       0x10 NuttX/nuttx/drivers/libdrivers.a(syslog_channel.o)
 .text.syslog_default_putc
                0x0000000030004738        0x6 NuttX/nuttx/drivers/libdrivers.a(syslog_channel.o)
 *fill*         0x000000003000473e        0x2 ffecc2925d7d05c5
 .text.nx_start
                0x0000000030004740      0x158 NuttX/nuttx/sched/libsched.a(nx_start.o)
                0x0000000030004740                nx_start
 .text.nx_start_task
                0x0000000030004898       0x38 NuttX/nuttx/sched/libsched.a(nx_bringup.o)
 .text.nx_bringup
                0x00000000300048d0       0x34 NuttX/nuttx/sched/libsched.a(nx_bringup.o)
                0x00000000300048d0                nx_bringup
 .text.irq_attach
                0x0000000030004904       0x44 NuttX/nuttx/sched/libsched.a(irq_attach.o)
                0x0000000030004904                irq_attach
 .text.irq_dispatch
                0x0000000030004948       0x3c NuttX/nuttx/sched/libsched.a(irq_dispatch.o)
                0x0000000030004948                irq_dispatch
 .text.irq_unexpected_isr
                0x0000000030004984       0x2c NuttX/nuttx/sched/libsched.a(irq_unexpectedisr.o)
                0x0000000030004984                irq_unexpected_isr
 .text.sched_lock
                0x00000000300049b0       0x34 NuttX/nuttx/sched/libsched.a(sched_lock.o)
                0x00000000300049b0                sched_lock
 .text.sched_unlock
                0x00000000300049e4       0x54 NuttX/nuttx/sched/libsched.a(sched_unlock.o)
                0x00000000300049e4                sched_unlock
 .text.sched_idletask
                0x0000000030004a38       0x34 NuttX/nuttx/sched/libsched.a(sched_idletask.o)
                0x0000000030004a38                sched_idletask
 .text.nxthread_create
                0x0000000030004a6c       0x52 NuttX/nuttx/sched/libsched.a(task_create.o)
 .text.nxtask_create
                0x0000000030004abe       0x16 NuttX/nuttx/sched/libsched.a(task_create.o)
                0x0000000030004abe                nxtask_create
 .text.kthread_create_with_stack
                0x0000000030004ad4       0x1a NuttX/nuttx/sched/libsched.a(task_create.o)
                0x0000000030004ad4                kthread_create_with_stack
 .text.kthread_create
                0x0000000030004aee       0x14 NuttX/nuttx/sched/libsched.a(task_create.o)
                0x0000000030004aee                kthread_create
 *fill*         0x0000000030004b02        0x2 ffecc2925d7d05c5
 .text.nxtask_init
                0x0000000030004b04       0xac NuttX/nuttx/sched/libsched.a(task_init.o)
                0x0000000030004b04                nxtask_init
 .text.nxtask_assign_pid
                0x0000000030004bb0       0xd8 NuttX/nuttx/sched/libsched.a(task_setup.o)
 .text.nxtask_setup_scheduler
                0x0000000030004c88       0x64 NuttX/nuttx/sched/libsched.a(task_setup.o)
                0x0000000030004c88                nxtask_setup_scheduler
 .text.nxtask_setup_arguments
                0x0000000030004cec       0xe0 NuttX/nuttx/sched/libsched.a(task_setup.o)
                0x0000000030004cec                nxtask_setup_arguments
 .text.nxtask_activate
                0x0000000030004dcc       0x18 NuttX/nuttx/sched/libsched.a(task_activate.o)
                0x0000000030004dcc                nxtask_activate
 .text.nxtask_start
                0x0000000030004de4       0x64 NuttX/nuttx/sched/libsched.a(task_start.o)
                0x0000000030004de4                nxtask_start
 .text._exit    0x0000000030004e48       0x1c NuttX/nuttx/sched/libsched.a(exit.o)
                0x0000000030004e48                _exit
 .text.tls_init_info
                0x0000000030004e64       0x30 NuttX/nuttx/sched/libsched.a(tls_initinfo.o)
                0x0000000030004e64                tls_init_info
 .text.group_allocate
                0x0000000030004e94       0x5c NuttX/nuttx/sched/libsched.a(group_create.o)
                0x0000000030004e94                group_allocate
 .text.group_initialize
                0x0000000030004ef0       0x20 NuttX/nuttx/sched/libsched.a(group_create.o)
                0x0000000030004ef0                group_initialize
 .text.group_leave
                0x0000000030004f10       0x50 NuttX/nuttx/sched/libsched.a(group_leave.o)
                0x0000000030004f10                group_leave
 .text.group_setupidlefiles
                0x0000000030004f60       0x1c NuttX/nuttx/sched/libsched.a(group_setupidlefiles.o)
                0x0000000030004f60                group_setupidlefiles
 .text.group_setuptaskfiles
                0x0000000030004f7c       0x28 NuttX/nuttx/sched/libsched.a(group_setuptaskfiles.o)
                0x0000000030004f7c                group_setuptaskfiles
 .text.irq_initialize
                0x0000000030004fa4       0x1c NuttX/nuttx/sched/libsched.a(irq_initialize.o)
                0x0000000030004fa4                irq_initialize
 .text.pthread_release
                0x0000000030004fc0       0x40 NuttX/nuttx/sched/libsched.a(pthread_release.o)
                0x0000000030004fc0                pthread_release
 .text.nxsched_release_tcb
                0x0000000030005000       0x50 NuttX/nuttx/sched/libsched.a(sched_releasetcb.o)
                0x0000000030005000                nxsched_release_tcb
 .text.nxsem_destroy
                0x0000000030005050       0x16 NuttX/nuttx/sched/libsched.a(sem_destroy.o)
                0x0000000030005050                nxsem_destroy
 .text.sem_destroy
                0x0000000030005066       0x1a NuttX/nuttx/sched/libsched.a(sem_destroy.o)
                0x0000000030005066                sem_destroy
 .text.nxsig_procmask
                0x0000000030005080       0x64 NuttX/nuttx/sched/libsched.a(sig_procmask.o)
                0x0000000030005080                nxsig_procmask
 .text.nxsig_unmask_pendingsignal
                0x00000000300050e4       0x68 NuttX/nuttx/sched/libsched.a(sig_unmaskpendingsignal.o)
                0x00000000300050e4                nxsig_unmask_pendingsignal
 .text.nxsig_remove_pendingsignal
                0x000000003000514c       0x4c NuttX/nuttx/sched/libsched.a(sig_removependingsignal.o)
                0x000000003000514c                nxsig_remove_pendingsignal
 .text.nxsig_release_pendingsignal
                0x0000000030005198       0x44 NuttX/nuttx/sched/libsched.a(sig_releasependingsignal.o)
                0x0000000030005198                nxsig_release_pendingsignal
 .text.nxsig_lowest
                0x00000000300051dc       0x1e NuttX/nuttx/sched/libsched.a(sig_lowest.o)
                0x00000000300051dc                nxsig_lowest
 .text.nxsig_cleanup
                0x00000000300051fa       0x32 NuttX/nuttx/sched/libsched.a(sig_cleanup.o)
                0x00000000300051fa                nxsig_cleanup
 .text.nxsig_release
                0x000000003000522c       0x28 NuttX/nuttx/sched/libsched.a(sig_cleanup.o)
                0x000000003000522c                nxsig_release
 .text.nxsig_tcbdispatch
                0x0000000030005254      0x1f8 NuttX/nuttx/sched/libsched.a(sig_dispatch.o)
                0x0000000030005254                nxsig_tcbdispatch
 .text.nxsig_deliver
                0x000000003000544c       0xc6 NuttX/nuttx/sched/libsched.a(sig_deliver.o)
                0x000000003000544c                nxsig_deliver
 .text.nxsig_null_action
                0x0000000030005512        0x2 NuttX/nuttx/sched/libsched.a(sig_default.o)
 .text.nxsig_stop_task
                0x0000000030005514       0x1c NuttX/nuttx/sched/libsched.a(sig_default.o)
 .text.nxsig_abnormal_termination
                0x0000000030005530       0x20 NuttX/nuttx/sched/libsched.a(sig_default.o)
 .text.nxsig_isdefault
                0x0000000030005550       0x2c NuttX/nuttx/sched/libsched.a(sig_default.o)
                0x0000000030005550                nxsig_isdefault
 .text.nxsig_iscatchable
                0x000000003000557c       0x28 NuttX/nuttx/sched/libsched.a(sig_default.o)
                0x000000003000557c                nxsig_iscatchable
 .text.nxsig_default
                0x00000000300055a4       0x70 NuttX/nuttx/sched/libsched.a(sig_default.o)
                0x00000000300055a4                nxsig_default
 .text.nxsig_default_initialize
                0x0000000030005614       0x64 NuttX/nuttx/sched/libsched.a(sig_default.o)
                0x0000000030005614                nxsig_default_initialize
 .text.nxtask_exithook
                0x0000000030005678       0x38 NuttX/nuttx/sched/libsched.a(task_exithook.o)
                0x0000000030005678                nxtask_exithook
 .text.nxtask_recover
                0x00000000300056b0       0x18 NuttX/nuttx/sched/libsched.a(task_recover.o)
                0x00000000300056b0                nxtask_recover
 .text.task_init_info
                0x00000000300056c8       0x22 NuttX/nuttx/sched/libsched.a(task_initinfo.o)
                0x00000000300056c8                task_init_info
 .text.task_uninit_info
                0x00000000300056ea       0x14 NuttX/nuttx/sched/libsched.a(task_uninitinfo.o)
                0x00000000300056ea                task_uninit_info
 .text.wd_recover
                0x00000000300056fe        0x6 NuttX/nuttx/sched/libsched.a(wd_recover.o)
                0x00000000300056fe                wd_recover
 .text.group_setupstreams
                0x0000000030005704       0x40 NuttX/nuttx/sched/libsched.a(group_setupstreams.o)
                0x0000000030005704                group_setupstreams
 .text.pthread_mutex_inconsistent
                0x0000000030005744       0x4c NuttX/nuttx/sched/libsched.a(pthread_mutexinconsistent.o)
                0x0000000030005744                pthread_mutex_inconsistent
 .text.nxsched_get_tcb
                0x0000000030005790       0x40 NuttX/nuttx/sched/libsched.a(sched_gettcb.o)
                0x0000000030005790                nxsched_get_tcb
 .text.nxsched_suspend
                0x00000000300057d0       0x4c NuttX/nuttx/sched/libsched.a(sched_suspend.o)
                0x00000000300057d0                nxsched_suspend
 .text.nxsched_continue
                0x000000003000581c       0x2c NuttX/nuttx/sched/libsched.a(sched_continue.o)
                0x000000003000581c                nxsched_continue
 .text.nxsem_recover
                0x0000000030005848       0x3c NuttX/nuttx/sched/libsched.a(sem_recover.o)
                0x0000000030005848                nxsem_recover
 .text.nxsem_wait_irq
                0x0000000030005884       0x44 NuttX/nuttx/sched/libsched.a(sem_waitirq.o)
                0x0000000030005884                nxsem_wait_irq
 .text.nxsig_initialize
                0x00000000300058c8       0xd8 NuttX/nuttx/sched/libsched.a(sig_initialize.o)
                0x00000000300058c8                nxsig_initialize
 .text.nxsig_release_action
                0x00000000300059a0       0x20 NuttX/nuttx/sched/libsched.a(sig_action.o)
                0x00000000300059a0                nxsig_release_action
 .text.nxsig_action
                0x00000000300059c0      0x154 NuttX/nuttx/sched/libsched.a(sig_action.o)
                0x00000000300059c0                nxsig_action
 .text.nxsig_pendingset
                0x0000000030005b14       0x3c NuttX/nuttx/sched/libsched.a(sig_pending.o)
                0x0000000030005b14                nxsig_pendingset
 .text.nxsig_find_action
                0x0000000030005b50       0x22 NuttX/nuttx/sched/libsched.a(sig_findaction.o)
                0x0000000030005b50                nxsig_find_action
 *fill*         0x0000000030005b72        0x2 ffecc2925d7d05c5
 .text.nxsig_alloc_pendingsigaction
                0x0000000030005b74       0x4c NuttX/nuttx/sched/libsched.a(sig_allocpendingsigaction.o)
                0x0000000030005b74                nxsig_alloc_pendingsigaction
 .text.nxsig_release_pendingsigaction
                0x0000000030005bc0       0x44 NuttX/nuttx/sched/libsched.a(sig_releasependingsigaction.o)
                0x0000000030005bc0                nxsig_release_pendingsigaction
 .text.wd_cancel
                0x0000000030005c04       0x64 NuttX/nuttx/sched/libsched.a(wd_cancel.o)
                0x0000000030005c04                wd_cancel
 .text.pthread_sem_give
                0x0000000030005c68       0x20 NuttX/nuttx/sched/libsched.a(pthread_initialize.o)
                0x0000000030005c68                pthread_sem_give
 .text.nxsched_add_blocked
                0x0000000030005c88       0x3c NuttX/nuttx/sched/libsched.a(sched_addblocked.o)
                0x0000000030005c88                nxsched_add_blocked
 .text.nxsched_remove_blocked
                0x0000000030005cc4       0x2c NuttX/nuttx/sched/libsched.a(sched_removeblocked.o)
                0x0000000030005cc4                nxsched_remove_blocked
 .text.nxsem_wait
                0x0000000030005cf0       0x90 NuttX/nuttx/sched/libsched.a(sem_wait.o)
                0x0000000030005cf0                nxsem_wait
 .text.nxsem_wait_uninterruptible
                0x0000000030005d80       0x10 NuttX/nuttx/sched/libsched.a(sem_wait.o)
                0x0000000030005d80                nxsem_wait_uninterruptible
 .text.sem_wait
                0x0000000030005d90       0x1c NuttX/nuttx/sched/libsched.a(sem_wait.o)
                0x0000000030005d90                sem_wait
 .text.nxsem_post
                0x0000000030005dac       0x70 NuttX/nuttx/sched/libsched.a(sem_post.o)
                0x0000000030005dac                nxsem_post
 .text.sem_post
                0x0000000030005e1c       0x1a NuttX/nuttx/sched/libsched.a(sem_post.o)
                0x0000000030005e1c                sem_post
 *fill*         0x0000000030005e36        0x2 ffecc2925d7d05c5
 .text.getpid   0x0000000030005e38       0x1c NuttX/nuttx/sched/libsched.a(task_getpid.o)
                0x0000000030005e38                getpid
 .text.wd_start
                0x0000000030005e54       0xac NuttX/nuttx/sched/libsched.a(wd_start.o)
                0x0000000030005e54                wd_start
 .text.wd_timer
                0x0000000030005f00       0x40 NuttX/nuttx/sched/libsched.a(wd_start.o)
                0x0000000030005f00                wd_timer
 .text.nxsched_add_prioritized
                0x0000000030005f40       0x58 NuttX/nuttx/sched/libsched.a(sched_addprioritized.o)
                0x0000000030005f40                nxsched_add_prioritized
 .text.clock_gettime
                0x0000000030005f98       0xa0 NuttX/nuttx/sched/libsched.a(clock_gettime.o)
                0x0000000030005f98                clock_gettime
 .text.clock_systime_timespec
                0x0000000030006038       0x3c NuttX/nuttx/sched/libsched.a(clock_systime_timespec.o)
                0x0000000030006038                clock_systime_timespec
 .text.clock_initialize
                0x0000000030006074        0x4 NuttX/nuttx/sched/libsched.a(clock_initialize.o)
                0x0000000030006074                clock_initialize
 .text.clock_timer
                0x0000000030006078       0x10 NuttX/nuttx/sched/libsched.a(clock_initialize.o)
                0x0000000030006078                clock_timer
 .text.binfmt_initialize
                0x0000000030006088        0x2 NuttX/nuttx/binfmt/libbinfmt.a(binfmt_initialize.o)
                0x0000000030006088                binfmt_initialize
 *fill*         0x000000003000608a        0x2 ffecc2925d7d05c5
 .text.up_allocate_heap
                0x000000003000608c       0x18 NuttX/nuttx/arch/arm/src/libarch.a(imxrt_allocateheap.o)
                0x000000003000608c                up_allocate_heap
 .text.imxrt_dma_rxint
                0x00000000300060a4        0x6 NuttX/nuttx/arch/arm/src/libarch.a(imxrt_serial.o)
 .text.imxrt_send
                0x00000000300060aa        0x6 NuttX/nuttx/arch/arm/src/libarch.a(imxrt_serial.o)
 .text.imxrt_dma_txint
                0x00000000300060b0        0x2 NuttX/nuttx/arch/arm/src/libarch.a(imxrt_serial.o)
 .text.imxrt_txready
                0x00000000300060b2        0xa NuttX/nuttx/arch/arm/src/libarch.a(imxrt_serial.o)
 .text.imxrt_txempty
                0x00000000300060bc        0xa NuttX/nuttx/arch/arm/src/libarch.a(imxrt_serial.o)
 .text.imxrt_dma_txavailable
                0x00000000300060c6       0x1a NuttX/nuttx/arch/arm/src/libarch.a(imxrt_serial.o)
 .text.imxrt_dma_send
                0x00000000300060e0       0x74 NuttX/nuttx/arch/arm/src/libarch.a(imxrt_serial.o)
 .text.imxrt_dma_txcallback
                0x0000000030006154       0x1c NuttX/nuttx/arch/arm/src/libarch.a(imxrt_serial.o)
 .text.imxrt_ioctl
                0x0000000030006170      0x1b0 NuttX/nuttx/arch/arm/src/libarch.a(imxrt_serial.o)
 .text.imxrt_detach
                0x0000000030006320       0x1c NuttX/nuttx/arch/arm/src/libarch.a(imxrt_serial.o)
 .text.imxrt_attach
                0x000000003000633c       0x24 NuttX/nuttx/arch/arm/src/libarch.a(imxrt_serial.o)
 .text.imxrt_dma_setup
                0x0000000030006360      0x14c NuttX/nuttx/arch/arm/src/libarch.a(imxrt_serial.o)
 .text.imxrt_rxflowcontrol
                0x00000000300064ac       0x16 NuttX/nuttx/arch/arm/src/libarch.a(imxrt_serial.o)
 *fill*         0x00000000300064c2        0x2 ffecc2925d7d05c5
 .text.imxrt_dma_receive
                0x00000000300064c4       0x78 NuttX/nuttx/arch/arm/src/libarch.a(imxrt_serial.o)
 .text.imxrt_dma_shutdown
                0x000000003000653c       0x44 NuttX/nuttx/arch/arm/src/libarch.a(imxrt_serial.o)
 .text.imxrt_dma_rxavailable
                0x0000000030006580       0x30 NuttX/nuttx/arch/arm/src/libarch.a(imxrt_serial.o)
 .text.imxrt_dma_rxcallback
                0x00000000300065b0       0x26 NuttX/nuttx/arch/arm/src/libarch.a(imxrt_serial.o)
 *fill*         0x00000000300065d6        0x2 ffecc2925d7d05c5
 .text.imxrt_interrupt
                0x00000000300065d8       0xb0 NuttX/nuttx/arch/arm/src/libarch.a(imxrt_serial.o)
 .text.arm_serialinit
                0x0000000030006688       0x24 NuttX/nuttx/arch/arm/src/libarch.a(imxrt_serial.o)
                0x0000000030006688                arm_serialinit
 .text.up_putc  0x00000000300066ac        0x2 NuttX/nuttx/arch/arm/src/libarch.a(imxrt_serial.o)
                0x00000000300066ac                up_putc
 *fill*         0x00000000300066ae        0x2 ffecc2925d7d05c5
 .text.imxrt_xbar_connect
                0x00000000300066b0       0x68 NuttX/nuttx/arch/arm/src/libarch.a(imxrt_xbar.o)
                0x00000000300066b0                imxrt_xbar_connect
 .text.up_idle  0x0000000030006718        0x4 NuttX/nuttx/arch/arm/src/libarch.a(imxrt_idle.o)
                0x0000000030006718                up_idle
 .text.imxrt_timerisr
                0x000000003000671c        0xa NuttX/nuttx/arch/arm/src/libarch.a(imxrt_timerisr.o)
 *fill*         0x0000000030006726        0x2 ffecc2925d7d05c5
 .text.up_timer_initialize
                0x0000000030006728       0x34 NuttX/nuttx/arch/arm/src/libarch.a(imxrt_timerisr.o)
                0x0000000030006728                up_timer_initialize
 .text.imxrt_tcd_free
                0x000000003000675c       0x28 NuttX/nuttx/arch/arm/src/libarch.a(imxrt_edma.o)
 .text.imxrt_dmaterminate
                0x0000000030006784       0x60 NuttX/nuttx/arch/arm/src/libarch.a(imxrt_edma.o)
 .text.imxrt_error_interrupt
                0x00000000300067e4       0x4c NuttX/nuttx/arch/arm/src/libarch.a(imxrt_edma.o)
 .text.imxrt_dmach_interrupt
                0x0000000030006830       0x74 NuttX/nuttx/arch/arm/src/libarch.a(imxrt_edma.o)
 .text.imxrt_edma_interrupt
                0x00000000300068a4       0x54 NuttX/nuttx/arch/arm/src/libarch.a(imxrt_edma.o)
 .text.arm_dma_initialize
                0x00000000300068f8      0x100 NuttX/nuttx/arch/arm/src/libarch.a(imxrt_edma.o)
                0x00000000300068f8                arm_dma_initialize
 .text.imxrt_dmach_alloc
                0x00000000300069f8       0x7c NuttX/nuttx/arch/arm/src/libarch.a(imxrt_edma.o)
                0x00000000300069f8                imxrt_dmach_alloc
 .text.imxrt_dmach_free
                0x0000000030006a74       0x40 NuttX/nuttx/arch/arm/src/libarch.a(imxrt_edma.o)
                0x0000000030006a74                imxrt_dmach_free
 .text.imxrt_dmach_xfrsetup
                0x0000000030006ab4      0x218 NuttX/nuttx/arch/arm/src/libarch.a(imxrt_edma.o)
                0x0000000030006ab4                imxrt_dmach_xfrsetup
 .text.imxrt_dmach_start
                0x0000000030006ccc       0x48 NuttX/nuttx/arch/arm/src/libarch.a(imxrt_edma.o)
                0x0000000030006ccc                imxrt_dmach_start
 .text.imxrt_dmach_stop
                0x0000000030006d14       0x2c NuttX/nuttx/arch/arm/src/libarch.a(imxrt_edma.o)
                0x0000000030006d14                imxrt_dmach_stop
 .text.imxrt_dmach_getcount
                0x0000000030006d40       0x3c NuttX/nuttx/arch/arm/src/libarch.a(imxrt_edma.o)
                0x0000000030006d40                imxrt_dmach_getcount
 .text.imxrt_dmach_idle
                0x0000000030006d7c        0xc NuttX/nuttx/arch/arm/src/libarch.a(imxrt_edma.o)
                0x0000000030006d7c                imxrt_dmach_idle
 .text.arm_stackdump
                0x0000000030006d88       0x58 NuttX/nuttx/arch/arm/src/libarch.a(arm_assert.o)
 .text.arm_dump_stack
                0x0000000030006de0       0x94 NuttX/nuttx/arch/arm/src/libarch.a(arm_assert.o)
 .text.arm_dump_task
                0x0000000030006e74       0xd0 NuttX/nuttx/arch/arm/src/libarch.a(arm_assert.o)
 .text.up_assert
                0x0000000030006f44      0x208 NuttX/nuttx/arch/arm/src/libarch.a(arm_assert.o)
                0x0000000030006f44                up_assert
 .text.up_block_task
                0x000000003000714c       0x6c NuttX/nuttx/arch/arm/src/libarch.a(arm_blocktask.o)
                0x000000003000714c                up_block_task
 .text.up_create_stack
                0x00000000300071b8       0x4c NuttX/nuttx/arch/arm/src/libarch.a(arm_createstack.o)
                0x00000000300071b8                up_create_stack
 .text.up_exit  0x0000000030007204       0x20 NuttX/nuttx/arch/arm/src/libarch.a(arm_exit.o)
                0x0000000030007204                up_exit
 .text.arm_fullcontextrestore
                0x0000000030007224        0xc NuttX/nuttx/arch/arm/src/libarch.a(arm_fullcontextrestore.o)
                0x0000000030007224                arm_fullcontextrestore
 .text.up_initialize
                0x0000000030007230       0x34 NuttX/nuttx/arch/arm/src/libarch.a(arm_initialize.o)
                0x0000000030007230                up_initialize
 .text.modifyreg16
                0x0000000030007264       0x20 NuttX/nuttx/arch/arm/src/libarch.a(arm_modifyreg16.o)
                0x0000000030007264                modifyreg16
 .text.up_nputs
                0x0000000030007284       0x1c NuttX/nuttx/arch/arm/src/libarch.a(arm_nputs.o)
                0x0000000030007284                up_nputs
 .text.up_release_pending
                0x00000000300072a0       0x34 NuttX/nuttx/arch/arm/src/libarch.a(arm_releasepending.o)
                0x00000000300072a0                up_release_pending
 .text.up_release_stack
                0x00000000300072d4       0x24 NuttX/nuttx/arch/arm/src/libarch.a(arm_releasestack.o)
                0x00000000300072d4                up_release_stack
 .text.up_saveusercontext
                0x00000000300072f8        0xc NuttX/nuttx/arch/arm/src/libarch.a(arm_saveusercontext.o)
                0x00000000300072f8                up_saveusercontext
 .text.up_stack_frame
                0x0000000030007304       0x36 NuttX/nuttx/arch/arm/src/libarch.a(arm_stackframe.o)
                0x0000000030007304                up_stack_frame
 .text.arm_switchcontext
                0x000000003000733a       0x10 NuttX/nuttx/arch/arm/src/libarch.a(arm_switchcontext.o)
                0x000000003000733a                arm_switchcontext
 *fill*         0x000000003000734a        0x2 ffecc2925d7d05c5
 .text.up_unblock_task
                0x000000003000734c       0x50 NuttX/nuttx/arch/arm/src/libarch.a(arm_unblocktask.o)
                0x000000003000734c                up_unblock_task
 .text.up_use_stack
                0x000000003000739c       0x2e NuttX/nuttx/arch/arm/src/libarch.a(arm_usestack.o)
                0x000000003000739c                up_use_stack
 *fill*         0x00000000300073ca        0x2 ffecc2925d7d05c5
 .text.arm_stack_check
                0x00000000300073cc       0x2c NuttX/nuttx/arch/arm/src/libarch.a(arm_checkstack.o)
                0x00000000300073cc                arm_stack_check
 .text.arm_stack_color
                0x00000000300073f8       0x40 NuttX/nuttx/arch/arm/src/libarch.a(arm_checkstack.o)
                0x00000000300073f8                arm_stack_color
 .text.up_check_tcbstack
                0x0000000030007438        0x8 NuttX/nuttx/arch/arm/src/libarch.a(arm_checkstack.o)
                0x0000000030007438                up_check_tcbstack
 .text.up_check_intstack
                0x0000000030007440       0x30 NuttX/nuttx/arch/arm/src/libarch.a(arm_checkstack.o)
                0x0000000030007440                up_check_intstack
 .text.up_initial_state
                0x0000000030007470       0x7c NuttX/nuttx/arch/arm/src/libarch.a(arm_initialstate.o)
                0x0000000030007470                up_initial_state
 .text.up_schedule_sigaction
                0x00000000300074ec       0x94 NuttX/nuttx/arch/arm/src/libarch.a(arm_schedulesigaction.o)
                0x00000000300074ec                up_schedule_sigaction
 .text.arm_sigdeliver
                0x0000000030007580       0x40 NuttX/nuttx/arch/arm/src/libarch.a(arm_sigdeliver.o)
                0x0000000030007580                arm_sigdeliver
 .text.imxrt_rqdequeue
                0x00000000300075c0       0x14 NuttX/nuttx/arch/arm/src/libarch.a(imxrt_usbdev.o)
 .text.imxrt_reqcomplete
                0x00000000300075d4       0x30 NuttX/nuttx/arch/arm/src/libarch.a(imxrt_usbdev.o)
 .text.imxrt_epstall
                0x0000000030007604       0x60 NuttX/nuttx/arch/arm/src/libarch.a(imxrt_usbdev.o)
 .text.imxrt_allocep
                0x0000000030007664       0xa4 NuttX/nuttx/arch/arm/src/libarch.a(imxrt_usbdev.o)
 .text.imxrt_getframe
                0x0000000030007708       0x10 NuttX/nuttx/arch/arm/src/libarch.a(imxrt_usbdev.o)
 .text.imxrt_wakeup
                0x0000000030007718       0x24 NuttX/nuttx/arch/arm/src/libarch.a(imxrt_usbdev.o)
 .text.imxrt_selfpowered
                0x000000003000773c       0x18 NuttX/nuttx/arch/arm/src/libarch.a(imxrt_usbdev.o)
 .text.imxrt_pullup
                0x0000000030007754       0x2c NuttX/nuttx/arch/arm/src/libarch.a(imxrt_usbdev.o)
 .text.imxrt_writedtd
                0x0000000030007780       0x54 NuttX/nuttx/arch/arm/src/libarch.a(imxrt_usbdev.o)
 .text.imxrt_queuedtd
                0x00000000300077d4       0x48 NuttX/nuttx/arch/arm/src/libarch.a(imxrt_usbdev.o)
 .text.imxrt_progressep
                0x000000003000781c       0x84 NuttX/nuttx/arch/arm/src/libarch.a(imxrt_usbdev.o)
 .text.imxrt_epsubmit
                0x00000000300078a0       0x68 NuttX/nuttx/arch/arm/src/libarch.a(imxrt_usbdev.o)
 .text.imxrt_ep0xfer
                0x0000000030007908       0x20 NuttX/nuttx/arch/arm/src/libarch.a(imxrt_usbdev.o)
 .text.imxrt_epfreebuffer
                0x0000000030007928        0x6 NuttX/nuttx/arch/arm/src/libarch.a(imxrt_usbdev.o)
 .text.imxrt_epfreereq
                0x000000003000792e        0xc NuttX/nuttx/arch/arm/src/libarch.a(imxrt_usbdev.o)
 .text.imxrt_epallocbuffer
                0x000000003000793a        0x6 NuttX/nuttx/arch/arm/src/libarch.a(imxrt_usbdev.o)
 .text.imxrt_epallocreq
                0x0000000030007940       0x1c NuttX/nuttx/arch/arm/src/libarch.a(imxrt_usbdev.o)
 .text.imxrt_epconfigure
                0x000000003000795c       0xd0 NuttX/nuttx/arch/arm/src/libarch.a(imxrt_usbdev.o)
 .text.imxrt_cancelrequests
                0x0000000030007a2c       0x50 NuttX/nuttx/arch/arm/src/libarch.a(imxrt_usbdev.o)
 .text.imxrt_epdisable
                0x0000000030007a7c       0x54 NuttX/nuttx/arch/arm/src/libarch.a(imxrt_usbdev.o)
 .text.imxrt_epcancel
                0x0000000030007ad0       0x28 NuttX/nuttx/arch/arm/src/libarch.a(imxrt_usbdev.o)
 .text.imxrt_freeep
                0x0000000030007af8       0x24 NuttX/nuttx/arch/arm/src/libarch.a(imxrt_usbdev.o)
 .text.imxrt_ep0nak.isra.0.constprop.0
                0x0000000030007b1c       0x6c NuttX/nuttx/arch/arm/src/libarch.a(imxrt_usbdev.o)
 .text.imxrt_epcomplete.constprop.0
                0x0000000030007b88       0xa8 NuttX/nuttx/arch/arm/src/libarch.a(imxrt_usbdev.o)
 .text.imxrt_dispatchrequest.constprop.0
                0x0000000030007c30       0x38 NuttX/nuttx/arch/arm/src/libarch.a(imxrt_usbdev.o)
 .text.imxrt_epfindbyaddr.constprop.0
                0x0000000030007c68       0x38 NuttX/nuttx/arch/arm/src/libarch.a(imxrt_usbdev.o)
 .text.imxrt_ep0complete.constprop.0
                0x0000000030007ca0       0xf8 NuttX/nuttx/arch/arm/src/libarch.a(imxrt_usbdev.o)
 .text.imxrt_usbreset.constprop.0
                0x0000000030007d98      0x148 NuttX/nuttx/arch/arm/src/libarch.a(imxrt_usbdev.o)
 .text.imxrt_usbinterrupt
                0x0000000030007ee0      0x3ec NuttX/nuttx/arch/arm/src/libarch.a(imxrt_usbdev.o)
 .text.arm_usbinitialize
                0x00000000300082cc      0x13c NuttX/nuttx/arch/arm/src/libarch.a(imxrt_usbdev.o)
                0x00000000300082cc                arm_usbinitialize
 .text.usbdev_register
                0x0000000030008408       0x48 NuttX/nuttx/arch/arm/src/libarch.a(imxrt_usbdev.o)
                0x0000000030008408                usbdev_register
 .text.usbdev_unregister
                0x0000000030008450       0x28 NuttX/nuttx/arch/arm/src/libarch.a(imxrt_usbdev.o)
                0x0000000030008450                usbdev_unregister
 .text.umm_initialize
                0x0000000030008478       0x1c NuttX/nuttx/mm/libmm.a(umm_initialize.o)
                0x0000000030008478                umm_initialize
 .text.free     0x0000000030008494       0x10 NuttX/nuttx/mm/libmm.a(umm_free.o)
                0x0000000030008494                free
 .text.malloc   0x00000000300084a4       0x10 NuttX/nuttx/mm/libmm.a(umm_malloc.o)
                0x00000000300084a4                malloc
 .text.memalign
                0x00000000300084b4       0x10 NuttX/nuttx/mm/libmm.a(umm_memalign.o)
                0x00000000300084b4                memalign
 .text.zalloc   0x00000000300084c4       0x10 NuttX/nuttx/mm/libmm.a(umm_zalloc.o)
                0x00000000300084c4                zalloc
 .text.mm_addregion
                0x00000000300084d4       0x64 NuttX/nuttx/mm/libmm.a(mm_initialize.o)
                0x00000000300084d4                mm_addregion
 .text.mm_initialize
                0x0000000030008538       0x64 NuttX/nuttx/mm/libmm.a(mm_initialize.o)
                0x0000000030008538                mm_initialize
 .text.mm_seminitialize
                0x000000003000859c        0x8 NuttX/nuttx/mm/libmm.a(mm_sem.o)
                0x000000003000859c                mm_seminitialize
 .text.mm_takesemaphore
                0x00000000300085a4       0x58 NuttX/nuttx/mm/libmm.a(mm_sem.o)
                0x00000000300085a4                mm_takesemaphore
 .text.mm_givesemaphore
                0x00000000300085fc       0x24 NuttX/nuttx/mm/libmm.a(mm_sem.o)
                0x00000000300085fc                mm_givesemaphore
 .text.mm_addfreechunk
                0x0000000030008620       0x50 NuttX/nuttx/mm/libmm.a(mm_addfreechunk.o)
                0x0000000030008620                mm_addfreechunk
 .text.mm_size2ndx
                0x0000000030008670       0x1a NuttX/nuttx/mm/libmm.a(mm_size2ndx.o)
                0x0000000030008670                mm_size2ndx
 *fill*         0x000000003000868a        0x2 ffecc2925d7d05c5
 .text.mm_free  0x000000003000868c       0xf0 NuttX/nuttx/mm/libmm.a(mm_free.o)
                0x000000003000868c                mm_free
 .text.mm_malloc
                0x000000003000877c       0xe0 NuttX/nuttx/mm/libmm.a(mm_malloc.o)
                0x000000003000877c                mm_malloc
 .text.mm_memalign
                0x000000003000885c       0xe8 NuttX/nuttx/mm/libmm.a(mm_memalign.o)
                0x000000003000885c                mm_memalign
 .text.mm_zalloc
                0x0000000030008944       0x1a NuttX/nuttx/mm/libmm.a(mm_zalloc.o)
                0x0000000030008944                mm_zalloc
 .text.mm_heapmember
                0x000000003000895e       0x16 NuttX/nuttx/mm/libmm.a(mm_heapmember.o)
                0x000000003000895e                mm_heapmember
 .text.mm_shrinkchunk
                0x0000000030008974       0x7c NuttX/nuttx/mm/libmm.a(mm_shrinkchunk.o)
                0x0000000030008974                mm_shrinkchunk
 .text.__errno  0x00000000300089f0       0x14 NuttX/nuttx/libs/libc/libc.a(lib_errno.o)
                0x00000000300089f0                __errno
 .text.pthread_exit
                0x0000000030008a04        0xe NuttX/nuttx/libs/libc/libc.a(pthread_exit.o)
                0x0000000030008a04                pthread_exit
 .text.sq_addlast
                0x0000000030008a12       0x14 NuttX/nuttx/libs/libc/libc.a(sq_addlast.o)
                0x0000000030008a12                sq_addlast
 .text.sq_addfirst
                0x0000000030008a26        0xc NuttX/nuttx/libs/libc/libc.a(sq_addfirst.o)
                0x0000000030008a26                sq_addfirst
 .text.sq_addafter
                0x0000000030008a32       0x1c NuttX/nuttx/libs/libc/libc.a(sq_addafter.o)
                0x0000000030008a32                sq_addafter
 .text.sq_rem   0x0000000030008a4e       0x2c NuttX/nuttx/libs/libc/libc.a(sq_rem.o)
                0x0000000030008a4e                sq_rem
 .text.sq_remfirst
                0x0000000030008a7a       0x14 NuttX/nuttx/libs/libc/libc.a(sq_remfirst.o)
                0x0000000030008a7a                sq_remfirst
 .text.sq_remafter
                0x0000000030008a8e       0x20 NuttX/nuttx/libs/libc/libc.a(sq_remafter.o)
                0x0000000030008a8e                sq_remafter
 .text.dq_addlast
                0x0000000030008aae       0x16 NuttX/nuttx/libs/libc/libc.a(dq_addlast.o)
                0x0000000030008aae                dq_addlast
 .text.dq_addfirst
                0x0000000030008ac4       0x16 NuttX/nuttx/libs/libc/libc.a(dq_addfirst.o)
                0x0000000030008ac4                dq_addfirst
 .text.dq_rem   0x0000000030008ada       0x1c NuttX/nuttx/libs/libc/libc.a(dq_rem.o)
                0x0000000030008ada                dq_rem
 *fill*         0x0000000030008af6        0x2 ffecc2925d7d05c5
 .text.clock_time2ticks
                0x0000000030008af8       0x38 NuttX/nuttx/libs/libc/libc.a(clock_time2ticks.o)
                0x0000000030008af8                clock_time2ticks
 .text.nxtask_startup
                0x0000000030008b30       0x28 NuttX/nuttx/libs/libc/libc.a(task_startup.o)
                0x0000000030008b30                nxtask_startup
 .text.nxsem_init
                0x0000000030008b58       0x16 NuttX/nuttx/libs/libc/libc.a(sem_init.o)
                0x0000000030008b58                nxsem_init
 .text.sem_init
                0x0000000030008b6e       0x20 NuttX/nuttx/libs/libc/libc.a(sem_init.o)
                0x0000000030008b6e                sem_init
 .text.nxsem_get_value
                0x0000000030008b8e       0x14 NuttX/nuttx/libs/libc/libc.a(sem_getvalue.o)
                0x0000000030008b8e                nxsem_get_value
 .text.sem_getvalue
                0x0000000030008ba2       0x1a NuttX/nuttx/libs/libc/libc.a(sem_getvalue.o)
                0x0000000030008ba2                sem_getvalue
 .text.nxsem_set_protocol
                0x0000000030008bbc       0x24 NuttX/nuttx/libs/libc/libc.a(sem_setprotocol.o)
                0x0000000030008bbc                nxsem_set_protocol
 .text.nxsig_addset
                0x0000000030008be0       0x1a NuttX/nuttx/libs/libc/libc.a(sig_addset.o)
                0x0000000030008be0                nxsig_addset
 .text.nxsig_delset
                0x0000000030008bfa       0x1a NuttX/nuttx/libs/libc/libc.a(sig_delset.o)
                0x0000000030008bfa                nxsig_delset
 .text.sigemptyset
                0x0000000030008c14        0x8 NuttX/nuttx/libs/libc/libc.a(sig_emptyset.o)
                0x0000000030008c14                sigemptyset
 .text.nxsig_ismember
                0x0000000030008c1c       0x14 NuttX/nuttx/libs/libc/libc.a(sig_ismember.o)
                0x0000000030008c1c                nxsig_ismember
 .text.snprintf
                0x0000000030008c30       0x30 NuttX/nuttx/libs/libc/libc.a(lib_snprintf.o)
                0x0000000030008c30                snprintf
 .text.lib_vsprintf
                0x0000000030008c60       0x14 NuttX/nuttx/libs/libc/libc.a(lib_libvsprintf.o)
                0x0000000030008c60                lib_vsprintf
 .text.vsprintf_internal.constprop.0
                0x0000000030008c74      0x830 NuttX/nuttx/libs/libc/libc.a(lib_libvsprintf.o)
 .text.__ultoa_invert
                0x00000000300094a4       0x56 NuttX/nuttx/libs/libc/libc.a(lib_ultoa_invert.o)
                0x00000000300094a4                __ultoa_invert
 *fill*         0x00000000300094fa        0x6 ffecc2925d7d05c5
 .text.__dtoa_engine
                0x0000000030009500      0x1a4 NuttX/nuttx/libs/libc/libc.a(lib_dtoa_engine.o)
                0x0000000030009500                __dtoa_engine
 .text.lib_flushall
                0x00000000300096a4       0x58 NuttX/nuttx/libs/libc/libc.a(lib_libflushall.o)
                0x00000000300096a4                lib_flushall
 .text.lib_fflush
                0x00000000300096fc       0x90 NuttX/nuttx/libs/libc/libc.a(lib_libfflush.o)
                0x00000000300096fc                lib_fflush
 .text.nxmutex_destroy
                0x000000003000978c       0x14 NuttX/nuttx/libs/libc/libc.a(lib_libstream.o)
 .text.lib_stream_initialize
                0x00000000300097a0       0x50 NuttX/nuttx/libs/libc/libc.a(lib_libstream.o)
                0x00000000300097a0                lib_stream_initialize
 .text.lib_stream_release
                0x00000000300097f0       0x60 NuttX/nuttx/libs/libc/libc.a(lib_libstream.o)
                0x00000000300097f0                lib_stream_release
 .text.lib_stream_semtake
                0x0000000030009850       0x30 NuttX/nuttx/libs/libc/libc.a(lib_libstream.o)
                0x0000000030009850                lib_stream_semtake
 .text.lib_stream_semgive
                0x0000000030009880        0x4 NuttX/nuttx/libs/libc/libc.a(lib_libstream.o)
                0x0000000030009880                lib_stream_semgive
 .text.lib_sem_initialize
                0x0000000030009884       0x22 NuttX/nuttx/libs/libc/libc.a(lib_libfilesem.o)
                0x0000000030009884                lib_sem_initialize
 *fill*         0x00000000300098a6        0x2 ffecc2925d7d05c5
 .text.lib_take_semaphore
                0x00000000300098a8       0x54 NuttX/nuttx/libs/libc/libc.a(lib_libfilesem.o)
                0x00000000300098a8                lib_take_semaphore
 .text.lib_give_semaphore
                0x00000000300098fc       0x50 NuttX/nuttx/libs/libc/libc.a(lib_libfilesem.o)
                0x00000000300098fc                lib_give_semaphore
 .text.memoutstream_puts
                0x000000003000994c       0x3c NuttX/nuttx/libs/libc/libc.a(lib_memoutstream.o)
 .text.memoutstream_putc
                0x0000000030009988       0x16 NuttX/nuttx/libs/libc/libc.a(lib_memoutstream.o)
 *fill*         0x000000003000999e        0x2 ffecc2925d7d05c5
 .text.lib_memoutstream
                0x00000000300099a0       0x28 NuttX/nuttx/libs/libc/libc.a(lib_memoutstream.o)
                0x00000000300099a0                lib_memoutstream
 .text.nulloutstream_putc
                0x00000000300099c8       0x18 NuttX/nuttx/libs/libc/libc.a(lib_nulloutstream.o)
 .text.lib_nulloutstream
                0x00000000300099e0       0x18 NuttX/nuttx/libs/libc/libc.a(lib_nulloutstream.o)
                0x00000000300099e0                lib_nulloutstream
 .text.lib_noflush
                0x00000000300099f8        0x4 NuttX/nuttx/libs/libc/libc.a(lib_libnoflush.o)
                0x00000000300099f8                lib_noflush
 .text.memset   0x00000000300099fc       0x8e NuttX/nuttx/libs/libc/libc.a(lib_memset.o)
                0x00000000300099fc                memset
 .text.strcpy   0x0000000030009a8a       0x10 NuttX/nuttx/libs/libc/libc.a(lib_strcpy.o)
                0x0000000030009a8a                strcpy
 .text.strlcpy  0x0000000030009a9a       0x38 NuttX/nuttx/libs/libc/libc.a(lib_strlcpy.o)
                0x0000000030009a9a                strlcpy
 .text.strlen   0x0000000030009ad2       0x10 NuttX/nuttx/libs/libc/libc.a(lib_strlen.o)
                0x0000000030009ad2                strlen
 .text.strncpy  0x0000000030009ae2       0x24 NuttX/nuttx/libs/libc/libc.a(lib_strncpy.o)
                0x0000000030009ae2                strncpy
 .text.strnlen  0x0000000030009b06       0x1a NuttX/nuttx/libs/libc/libc.a(lib_strnlen.o)
                0x0000000030009b06                strnlen
 .text.cfsetspeed
                0x0000000030009b20       0x50 NuttX/nuttx/libs/libc/libc.a(lib_cfspeed.o)
                0x0000000030009b20                cfsetspeed
 .text.cfgetspeed
                0x0000000030009b70       0x14 NuttX/nuttx/libs/libc/libc.a(lib_cfspeed.o)
                0x0000000030009b70                cfgetspeed
 .text.tls_get_info
                0x0000000030009b84       0x18 NuttX/nuttx/libs/libc/libc.a(tls_getinfo.o)
                0x0000000030009b84                tls_get_info
 .text.tls_destruct
                0x0000000030009b9c       0x48 NuttX/nuttx/libs/libc/libc.a(tls_destruct.o)
                0x0000000030009b9c                tls_destruct
 .text.lib_cxx_initialize
                0x0000000030009be4       0x44 NuttX/nuttx/libs/libc/libc.a(lib_cxx_initialize.o)
                0x0000000030009be4                lib_cxx_initialize
 .text.task_get_info
                0x0000000030009c28        0xa NuttX/nuttx/libs/libc/libc.a(task_getinfo.o)
                0x0000000030009c28                task_get_info
 .text.board_late_initialize
                0x0000000030009c32        0x8 boards/px4/fmu-v6xrt/src/libdrivers_board.a(bootloader_main.c.obj)
                0x0000000030009c32                board_late_initialize
 .text.board_timerhook
                0x0000000030009c3a        0x4 boards/px4/fmu-v6xrt/src/libdrivers_board.a(bootloader_main.c.obj)
                0x0000000030009c3a                board_timerhook
 .text.drivers_initialize
                0x0000000030009c3e        0xe NuttX/nuttx/drivers/libdrivers.a(drivers_initialize.o)
                0x0000000030009c3e                drivers_initialize
 .text.devnull_read
                0x0000000030009c4c        0x4 NuttX/nuttx/drivers/libdrivers.a(dev_null.o)
 .text.devnull_write
                0x0000000030009c50        0x4 NuttX/nuttx/drivers/libdrivers.a(dev_null.o)
 .text.devnull_poll
                0x0000000030009c54       0x1c NuttX/nuttx/drivers/libdrivers.a(dev_null.o)
 .text.devnull_register
                0x0000000030009c70       0x18 NuttX/nuttx/drivers/libdrivers.a(dev_null.o)
                0x0000000030009c70                devnull_register
 .text.uart_putc
                0x0000000030009c88       0x22 NuttX/nuttx/drivers/libdrivers.a(serial.o)
 .text.uart_putxmitchar
                0x0000000030009caa       0xaa NuttX/nuttx/drivers/libdrivers.a(serial.o)
 .text.uart_read
                0x0000000030009d54      0x1a2 NuttX/nuttx/drivers/libdrivers.a(serial.o)
 .text.uart_open
                0x0000000030009ef6       0x92 NuttX/nuttx/drivers/libdrivers.a(serial.o)
 .text.uart_pollnotify
                0x0000000030009f88       0x3e NuttX/nuttx/drivers/libdrivers.a(serial.o)
 .text.uart_poll
                0x0000000030009fc6       0xda NuttX/nuttx/drivers/libdrivers.a(serial.o)
 .text.uart_write
                0x000000003000a0a0      0x128 NuttX/nuttx/drivers/libdrivers.a(serial.o)
 .text.uart_tcdrain.isra.0
                0x000000003000a1c8       0xc0 NuttX/nuttx/drivers/libdrivers.a(serial.o)
 .text.uart_register
                0x000000003000a288       0x8c NuttX/nuttx/drivers/libdrivers.a(serial.o)
                0x000000003000a288                uart_register
 .text.uart_datareceived
                0x000000003000a314       0x20 NuttX/nuttx/drivers/libdrivers.a(serial.o)
                0x000000003000a314                uart_datareceived
 .text.uart_datasent
                0x000000003000a334       0x20 NuttX/nuttx/drivers/libdrivers.a(serial.o)
                0x000000003000a334                uart_datasent
 .text.uart_ioctl
                0x000000003000a354      0x16a NuttX/nuttx/drivers/libdrivers.a(serial.o)
 .text.uart_connected
                0x000000003000a4be       0x44 NuttX/nuttx/drivers/libdrivers.a(serial.o)
                0x000000003000a4be                uart_connected
 .text.uart_reset_sem
                0x000000003000a502       0x38 NuttX/nuttx/drivers/libdrivers.a(serial.o)
                0x000000003000a502                uart_reset_sem
 .text.uart_close
                0x000000003000a53a       0x74 NuttX/nuttx/drivers/libdrivers.a(serial.o)
 .text.uart_xmitchars
                0x000000003000a5ae       0x6c NuttX/nuttx/drivers/libdrivers.a(serial_io.o)
                0x000000003000a5ae                uart_xmitchars
 .text.uart_recvchars
                0x000000003000a61a       0x80 NuttX/nuttx/drivers/libdrivers.a(serial_io.o)
                0x000000003000a61a                uart_recvchars
 .text.uart_xmitchars_dma
                0x000000003000a69a       0x58 NuttX/nuttx/drivers/libdrivers.a(serial_dma.o)
                0x000000003000a69a                uart_xmitchars_dma
 .text.uart_xmitchars_done
                0x000000003000a6f2       0x40 NuttX/nuttx/drivers/libdrivers.a(serial_dma.o)
                0x000000003000a6f2                uart_xmitchars_done
 *fill*         0x000000003000a732        0x2 ffecc2925d7d05c5
 .text.syslog_flush
                0x000000003000a734       0x18 NuttX/nuttx/drivers/libdrivers.a(syslog_flush.o)
                0x000000003000a734                syslog_flush
 .text.syslog_initialize
                0x000000003000a74c        0x4 NuttX/nuttx/drivers/libdrivers.a(syslog_initialize.o)
                0x000000003000a74c                syslog_initialize
 .text.fs_initialize
                0x000000003000a750        0x4 NuttX/nuttx/fs/libfs.a(fs_initialize.o)
                0x000000003000a750                fs_initialize
 .text.files_extend
                0x000000003000a754       0x74 NuttX/nuttx/fs/libfs.a(fs_files.o)
 .text.files_initlist
                0x000000003000a7c8       0x1c NuttX/nuttx/fs/libfs.a(fs_files.o)
                0x000000003000a7c8                files_initlist
 .text.files_releaselist
                0x000000003000a7e4       0x48 NuttX/nuttx/fs/libfs.a(fs_files.o)
                0x000000003000a7e4                files_releaselist
 .text.files_allocate
                0x000000003000a82c      0x108 NuttX/nuttx/fs/libfs.a(fs_files.o)
                0x000000003000a82c                files_allocate
 .text.fs_getfilep
                0x000000003000a934       0x6c NuttX/nuttx/fs/libfs.a(fs_files.o)
                0x000000003000a934                fs_getfilep
 .text.nx_close
                0x000000003000a9a0       0x74 NuttX/nuttx/fs/libfs.a(fs_files.o)
                0x000000003000a9a0                nx_close
 .text.close    0x000000003000aa14       0x1a NuttX/nuttx/fs/libfs.a(fs_files.o)
                0x000000003000aa14                close
 .text.inode_initialize
                0x000000003000aa2e        0x4 NuttX/nuttx/fs/libfs.a(fs_inode.o)
                0x000000003000aa2e                inode_initialize
 *fill*         0x000000003000aa32        0x2 ffecc2925d7d05c5
 .text.inode_semtake
                0x000000003000aa34       0x5c NuttX/nuttx/fs/libfs.a(fs_inode.o)
                0x000000003000aa34                inode_semtake
 .text.inode_semgive
                0x000000003000aa90       0x5c NuttX/nuttx/fs/libfs.a(fs_inode.o)
                0x000000003000aa90                inode_semgive
 .text.inode_alloc.isra.0
                0x000000003000aaec       0x3c NuttX/nuttx/fs/libfs.a(fs_inodereserve.o)
 .text.inode_root_reserve
                0x000000003000ab28       0x18 NuttX/nuttx/fs/libfs.a(fs_inodereserve.o)
                0x000000003000ab28                inode_root_reserve
 .text.inode_reserve
                0x000000003000ab40       0xc0 NuttX/nuttx/fs/libfs.a(fs_inodereserve.o)
                0x000000003000ab40                inode_reserve
 .text.inode_nextname
                0x000000003000ac00       0x1c NuttX/nuttx/fs/libfs.a(fs_inodesearch.o)
                0x000000003000ac00                inode_nextname
 .text.inode_search
                0x000000003000ac1c       0xd0 NuttX/nuttx/fs/libfs.a(fs_inodesearch.o)
                0x000000003000ac1c                inode_search
 .text.file_close
                0x000000003000acec       0x3c NuttX/nuttx/fs/libfs.a(fs_close.o)
                0x000000003000acec                file_close
 .text.file_write
                0x000000003000ad28       0x2a NuttX/nuttx/fs/libfs.a(fs_write.o)
                0x000000003000ad28                file_write
 .text.nx_write
                0x000000003000ad52       0x26 NuttX/nuttx/fs/libfs.a(fs_write.o)
                0x000000003000ad52                nx_write
 .text.write    0x000000003000ad78       0x1a NuttX/nuttx/fs/libfs.a(fs_write.o)
                0x000000003000ad78                write
 *fill*         0x000000003000ad92        0x2 ffecc2925d7d05c5
 .text.fs_fdopen
                0x000000003000ad94       0xe8 NuttX/nuttx/fs/libfs.a(fs_fdopen.o)
                0x000000003000ad94                fs_fdopen
 .text.register_driver
                0x000000003000ae7c       0x40 NuttX/nuttx/fs/libfs.a(fs_registerdriver.o)
                0x000000003000ae7c                register_driver
 .text.inode_addref
                0x000000003000aebc       0x20 NuttX/nuttx/fs/libfs.a(fs_inodeaddref.o)
                0x000000003000aebc                inode_addref
 .text.inode_release
                0x000000003000aedc       0x54 NuttX/nuttx/fs/libfs.a(fs_inoderelease.o)
                0x000000003000aedc                inode_release
 .text.inode_checkflags
                0x000000003000af30       0x38 NuttX/nuttx/fs/libfs.a(fs_open.o)
                0x000000003000af30                inode_checkflags
 .text.file_vopen
                0x000000003000af68       0xe0 NuttX/nuttx/fs/libfs.a(fs_open.o)
 .text.nx_vopen
                0x000000003000b048       0x40 NuttX/nuttx/fs/libfs.a(fs_open.o)
 .text.open     0x000000003000b088       0x2c NuttX/nuttx/fs/libfs.a(fs_open.o)
                0x000000003000b088                open
 .text.dir_ioctl
                0x000000003000b0b4       0x1c NuttX/nuttx/fs/libfs.a(fs_dir.o)
 .text.dir_read
                0x000000003000b0d0       0xc2 NuttX/nuttx/fs/libfs.a(fs_dir.o)
 .text.dir_close
                0x000000003000b192       0x46 NuttX/nuttx/fs/libfs.a(fs_dir.o)
 .text.dir_seek
                0x000000003000b1d8       0xae NuttX/nuttx/fs/libfs.a(fs_dir.o)
 *fill*         0x000000003000b286        0x2 ffecc2925d7d05c5
 .text.dir_allocate
                0x000000003000b288       0x70 NuttX/nuttx/fs/libfs.a(fs_dir.o)
                0x000000003000b288                dir_allocate
 .text.dir_open
                0x000000003000b2f8        0x8 NuttX/nuttx/fs/libfs.a(fs_dir.o)
 .text.inode_find
                0x000000003000b300       0x34 NuttX/nuttx/fs/libfs.a(fs_inodefind.o)
                0x000000003000b300                inode_find
 .text.inode_free
                0x000000003000b334       0x1e NuttX/nuttx/fs/libfs.a(fs_inodefree.o)
                0x000000003000b334                inode_free
 *fill*         0x000000003000b352        0x2 ffecc2925d7d05c5
 .text.nx_pthread_exit
                0x000000003000b354       0x5c NuttX/nuttx/sched/libsched.a(pthread_exit.o)
                0x000000003000b354                nx_pthread_exit
 .text.pthread_destroyjoin
                0x000000003000b3b0       0x48 NuttX/nuttx/sched/libsched.a(pthread_completejoin.o)
                0x000000003000b3b0                pthread_destroyjoin
 .text.pthread_completejoin
                0x000000003000b3f8       0x9c NuttX/nuttx/sched/libsched.a(pthread_completejoin.o)
                0x000000003000b3f8                pthread_completejoin
 .text.pthread_findjoininfo
                0x000000003000b494       0x20 NuttX/nuttx/sched/libsched.a(pthread_findjoininfo.o)
                0x000000003000b494                pthread_findjoininfo
 .text.nxsched_get_files
                0x000000003000b4b4       0x10 NuttX/nuttx/sched/libsched.a(sched_getfiles.o)
                0x000000003000b4b4                nxsched_get_files
 .text.nxsched_add_readytorun
                0x000000003000b4c4       0x60 NuttX/nuttx/sched/libsched.a(sched_addreadytorun.o)
                0x000000003000b4c4                nxsched_add_readytorun
 .text.nxsched_remove_readytorun
                0x000000003000b524       0x38 NuttX/nuttx/sched/libsched.a(sched_removereadytorun.o)
                0x000000003000b524                nxsched_remove_readytorun
 .text.nxsched_merge_pending
                0x000000003000b55c       0x68 NuttX/nuttx/sched/libsched.a(sched_mergepending.o)
                0x000000003000b55c                nxsched_merge_pending
 .text.nxsched_foreach
                0x000000003000b5c4       0x44 NuttX/nuttx/sched/libsched.a(sched_foreach.o)
                0x000000003000b5c4                nxsched_foreach
 .text.nxsched_self
                0x000000003000b608        0xc NuttX/nuttx/sched/libsched.a(sched_self.o)
                0x000000003000b608                nxsched_self
 .text.nxsched_get_stackinfo
                0x000000003000b614       0x54 NuttX/nuttx/sched/libsched.a(sched_get_stackinfo.o)
                0x000000003000b614                nxsched_get_stackinfo
 .text.nxsched_process_timer
                0x000000003000b668       0x1c NuttX/nuttx/sched/libsched.a(sched_processtimer.o)
                0x000000003000b668                nxsched_process_timer
 .text.nxsem_reset
                0x000000003000b684       0x58 NuttX/nuttx/sched/libsched.a(sem_reset.o)
                0x000000003000b684                nxsem_reset
 .text.nxsig_nanosleep
                0x000000003000b6dc       0x88 NuttX/nuttx/sched/libsched.a(sig_nanosleep.o)
                0x000000003000b6dc                nxsig_nanosleep
 .text.nxsig_usleep
                0x000000003000b764       0x2c NuttX/nuttx/sched/libsched.a(sig_usleep.o)
                0x000000003000b764                nxsig_usleep
 .text.nxtask_exit
                0x000000003000b790       0x48 NuttX/nuttx/sched/libsched.a(task_exit.o)
                0x000000003000b790                nxtask_exit
 .text.task_getgroup
                0x000000003000b7d8        0xc NuttX/nuttx/sched/libsched.a(task_getgroup.o)
                0x000000003000b7d8                task_getgroup
 .text.nxtask_terminate
                0x000000003000b7e4       0x64 NuttX/nuttx/sched/libsched.a(task_terminate.o)
                0x000000003000b7e4                nxtask_terminate
 .text.gettid   0x000000003000b848       0x1c NuttX/nuttx/sched/libsched.a(task_gettid.o)
                0x000000003000b848                gettid
 .text.nxsig_timeout
                0x000000003000b864       0x1e NuttX/nuttx/sched/libsched.a(sig_timedwait.o)
 *fill*         0x000000003000b882        0x2 ffecc2925d7d05c5
 .text.nxsig_timedwait
                0x000000003000b884      0x148 NuttX/nuttx/sched/libsched.a(sig_timedwait.o)
                0x000000003000b884                nxsig_timedwait
 .text.sercon_main
                0x000000003000b9cc       0x60 NuttX/apps/libapps.a(cdcacm_main.c.home.vind.PX4-v1.16.0-rc1.platforms.nuttx.NuttX.apps.system.cdcacm.o)
                0x000000003000b9cc                sercon_main
 .text.realloc  0x000000003000ba2c       0x10 NuttX/nuttx/mm/libmm.a(umm_realloc.o)
                0x000000003000ba2c                realloc
 .text.mm_realloc
                0x000000003000ba3c      0x1e4 NuttX/nuttx/mm/libmm.a(mm_realloc.o)
                0x000000003000ba3c                mm_realloc
 .text.getumask
                0x000000003000bc20        0xa NuttX/nuttx/libs/libc/libc.a(lib_umask.o)
                0x000000003000bc20                getumask
 *fill*         0x000000003000bc2a        0x2 ffecc2925d7d05c5
 .text.clock_ticks2time
                0x000000003000bc2c       0x1c NuttX/nuttx/libs/libc/libc.a(clock_ticks2time.o)
                0x000000003000bc2c                clock_ticks2time
 .text.printf   0x000000003000bc48       0x26 NuttX/nuttx/libs/libc/libc.a(lib_printf.o)
                0x000000003000bc48                printf
 .text.asprintf
                0x000000003000bc6e       0x1a NuttX/nuttx/libs/libc/libc.a(lib_asprintf.o)
                0x000000003000bc6e                asprintf
 .text.vasprintf
                0x000000003000bc88       0x6c NuttX/nuttx/libs/libc/libc.a(lib_vasprintf.o)
                0x000000003000bc88                vasprintf
 .text.vfprintf
                0x000000003000bcf4       0x30 NuttX/nuttx/libs/libc/libc.a(lib_vfprintf.o)
                0x000000003000bcf4                vfprintf
 .text.stdoutstream_flush
                0x000000003000bd24       0x20 NuttX/nuttx/libs/libc/libc.a(lib_stdoutstream.o)
 .text.stdoutstream_putc
                0x000000003000bd44       0x38 NuttX/nuttx/libs/libc/libc.a(lib_stdoutstream.o)
 .text.lib_stdoutstream
                0x000000003000bd7c       0x34 NuttX/nuttx/libs/libc/libc.a(lib_stdoutstream.o)
                0x000000003000bd7c                lib_stdoutstream
 .text.strdup   0x000000003000bdb0       0x1e NuttX/nuttx/libs/libc/libc.a(lib_strdup.o)
                0x000000003000bdb0                strdup
 .text.fputc    0x000000003000bdce       0x3e NuttX/nuttx/libs/libc/libc.a(lib_fputc.o)
                0x000000003000bdce                fputc
 .text.lib_fwrite
                0x000000003000be0c       0xf0 NuttX/nuttx/libs/libc/libc.a(lib_libfwrite.o)
                0x000000003000be0c                lib_fwrite
 .text.lib_rdflush
                0x000000003000befc       0x5a NuttX/nuttx/libs/libc/libc.a(lib_rdflush.o)
                0x000000003000befc                lib_rdflush
 .text.fseek    0x000000003000bf56        0x4 NuttX/nuttx/libs/libc/libc.a(lib_fseek.o)
                0x000000003000bf56                fseek
 .text.fseeko   0x000000003000bf5a       0x46 NuttX/nuttx/libs/libc/libc.a(lib_fseeko.o)
                0x000000003000bf5a                fseeko
 .text.lib_wrflush
                0x000000003000bfa0       0x20 NuttX/nuttx/libs/libc/libc.a(lib_wrflush.o)
                0x000000003000bfa0                lib_wrflush
 .text.cinit    0x000000003000bfc0       0x12 platforms/nuttx/src/bootloader/common/libbootloader.a(bl.c.obj)
                0x000000003000bfc0                cinit
 .text.cfini    0x000000003000bfd2        0xe platforms/nuttx/src/bootloader/common/libbootloader.a(bl.c.obj)
                0x000000003000bfd2                cfini
 .text.cin      0x000000003000bfe0       0x48 platforms/nuttx/src/bootloader/common/libbootloader.a(bl.c.obj)
                0x000000003000bfe0                cin
 .text.cin_wait
                0x000000003000c028       0x2c platforms/nuttx/src/bootloader/common/libbootloader.a(bl.c.obj)
 .text.wait_for_eoc
                0x000000003000c054       0x10 platforms/nuttx/src/bootloader/common/libbootloader.a(bl.c.obj)
 .text.cout     0x000000003000c064       0x2c platforms/nuttx/src/bootloader/common/libbootloader.a(bl.c.obj)
                0x000000003000c064                cout
 .text.jump_to_app
                0x000000003000c090       0x70 platforms/nuttx/src/bootloader/common/libbootloader.a(bl.c.obj)
                0x000000003000c090                jump_to_app
 .text.sys_tick_handler
                0x000000003000c100       0x3c platforms/nuttx/src/bootloader/common/libbootloader.a(bl.c.obj)
                0x000000003000c100                sys_tick_handler
 .text.delay    0x000000003000c13c       0x10 platforms/nuttx/src/bootloader/common/libbootloader.a(bl.c.obj)
                0x000000003000c13c                delay
 .text.bootloader
                0x000000003000c14c      0x5d8 platforms/nuttx/src/bootloader/common/libbootloader.a(bl.c.obj)
                0x000000003000c14c                bootloader
 .text.usb_cinit
                0x000000003000c724       0x54 platforms/nuttx/src/bootloader/common/lib/libbootloader_lib.a(cdcacm.c.obj)
                0x000000003000c724                usb_cinit
 .text.usb_cfini
                0x000000003000c778       0x18 platforms/nuttx/src/bootloader/common/lib/libbootloader_lib.a(cdcacm.c.obj)
                0x000000003000c778                usb_cfini
 .text.usb_cin  0x000000003000c790       0x4c platforms/nuttx/src/bootloader/common/lib/libbootloader_lib.a(cdcacm.c.obj)
                0x000000003000c790                usb_cin
 .text.usb_cout
                0x000000003000c7dc       0x10 platforms/nuttx/src/bootloader/common/lib/libbootloader_lib.a(cdcacm.c.obj)
                0x000000003000c7dc                usb_cout
 .text.uart_cinit
                0x000000003000c7ec       0x8c platforms/nuttx/src/bootloader/common/lib/libbootloader_lib.a(uart.c.obj)
                0x000000003000c7ec                uart_cinit
 .text.uart_cfini
                0x000000003000c878       0x18 platforms/nuttx/src/bootloader/common/lib/libbootloader_lib.a(uart.c.obj)
                0x000000003000c878                uart_cfini
 .text.uart_cin
                0x000000003000c890       0x2c platforms/nuttx/src/bootloader/common/lib/libbootloader_lib.a(uart.c.obj)
                0x000000003000c890                uart_cin
 .text.uart_cout
                0x000000003000c8bc       0x34 platforms/nuttx/src/bootloader/common/lib/libbootloader_lib.a(uart.c.obj)
                0x000000003000c8bc                uart_cout
 .text.boardctl
                0x000000003000c8f0       0x90 NuttX/nuttx/boards/libboards.a(boardctl.o)
                0x000000003000c8f0                boardctl
 .text.cdcacm_allocreq
                0x000000003000c980       0x32 NuttX/nuttx/drivers/libdrivers.a(cdcacm.o)
 .text.cdcacm_ep0incomplete
                0x000000003000c9b2        0x2 NuttX/nuttx/drivers/libdrivers.a(cdcacm.o)
 .text.cdcuart_setup
                0x000000003000c9b4       0x1c NuttX/nuttx/drivers/libdrivers.a(cdcacm.o)
 .text.cdcuart_shutdown
                0x000000003000c9d0        0x2 NuttX/nuttx/drivers/libdrivers.a(cdcacm.o)
 .text.cdcuart_attach
                0x000000003000c9d2        0x4 NuttX/nuttx/drivers/libdrivers.a(cdcacm.o)
 .text.cdcuart_txempty
                0x000000003000c9d6       0x16 NuttX/nuttx/drivers/libdrivers.a(cdcacm.o)
 .text.cdcacm_serialstate
                0x000000003000c9ec       0x9c NuttX/nuttx/drivers/libdrivers.a(cdcacm.o)
 .text.cdcacm_epconfigure
                0x000000003000ca88       0x24 NuttX/nuttx/drivers/libdrivers.a(cdcacm.o)
 .text.cdcacm_sndpacket
                0x000000003000caac       0xe6 NuttX/nuttx/drivers/libdrivers.a(cdcacm.o)
 .text.cdcacm_wrcomplete
                0x000000003000cb92       0x44 NuttX/nuttx/drivers/libdrivers.a(cdcacm.o)
 .text.cdcuart_txint
                0x000000003000cbd6       0x1a NuttX/nuttx/drivers/libdrivers.a(cdcacm.o)
 .text.cdcacm_freereq
                0x000000003000cbf0       0x24 NuttX/nuttx/drivers/libdrivers.a(cdcacm.o)
 .text.cdcacm_resume
                0x000000003000cc14       0x14 NuttX/nuttx/drivers/libdrivers.a(cdcacm.o)
 .text.cdcacm_suspend
                0x000000003000cc28        0xe NuttX/nuttx/drivers/libdrivers.a(cdcacm.o)
 .text.cdcacm_resetconfig
                0x000000003000cc36       0x38 NuttX/nuttx/drivers/libdrivers.a(cdcacm.o)
 .text.cdcacm_disconnect
                0x000000003000cc6e       0x46 NuttX/nuttx/drivers/libdrivers.a(cdcacm.o)
 .text.cdcacm_requeue_rdrequest
                0x000000003000ccb4       0x34 NuttX/nuttx/drivers/libdrivers.a(cdcacm.o)
 .text.cdcacm_release_rxpending
                0x000000003000cce8      0x128 NuttX/nuttx/drivers/libdrivers.a(cdcacm.o)
 .text.cdcuart_rxflowcontrol
                0x000000003000ce10       0x74 NuttX/nuttx/drivers/libdrivers.a(cdcacm.o)
 .text.cdcuart_rxint
                0x000000003000ce84       0x32 NuttX/nuttx/drivers/libdrivers.a(cdcacm.o)
 *fill*         0x000000003000ceb6        0x2 ffecc2925d7d05c5
 .text.cdcuart_ioctl
                0x000000003000ceb8      0x224 NuttX/nuttx/drivers/libdrivers.a(cdcacm.o)
 .text.cdcacm_rdcomplete
                0x000000003000d0dc       0x60 NuttX/nuttx/drivers/libdrivers.a(cdcacm.o)
 .text.cdcacm_rxtimeout
                0x000000003000d13c       0x1c NuttX/nuttx/drivers/libdrivers.a(cdcacm.o)
 .text.cdcacm_setconfig
                0x000000003000d158      0x11c NuttX/nuttx/drivers/libdrivers.a(cdcacm.o)
 .text.cdcacm_setup
                0x000000003000d274      0x21e NuttX/nuttx/drivers/libdrivers.a(cdcacm.o)
 *fill*         0x000000003000d492        0x2 ffecc2925d7d05c5
 .text.cdcacm_unbind
                0x000000003000d494       0xfc NuttX/nuttx/drivers/libdrivers.a(cdcacm.o)
 .text.cdcacm_bind
                0x000000003000d590      0x134 NuttX/nuttx/drivers/libdrivers.a(cdcacm.o)
 .text.cdcuart_detach
                0x000000003000d6c4        0x2 NuttX/nuttx/drivers/libdrivers.a(cdcacm.o)
 *fill*         0x000000003000d6c6        0x2 ffecc2925d7d05c5
 .text.cdcacm_initialize
                0x000000003000d6c8      0x104 NuttX/nuttx/drivers/libdrivers.a(cdcacm.o)
                0x000000003000d6c8                cdcacm_initialize
 .text.cdcacm_uninitialize
                0x000000003000d7cc       0x38 NuttX/nuttx/drivers/libdrivers.a(cdcacm.o)
                0x000000003000d7cc                cdcacm_uninitialize
 .text.cdcacm_mkstrdesc
                0x000000003000d804       0x78 NuttX/nuttx/drivers/libdrivers.a(cdcacm_desc.o)
                0x000000003000d804                cdcacm_mkstrdesc
 .text.cdcacm_getdevdesc
                0x000000003000d87c        0x8 NuttX/nuttx/drivers/libdrivers.a(cdcacm_desc.o)
                0x000000003000d87c                cdcacm_getdevdesc
 .text.cdcacm_copy_epdesc
                0x000000003000d884       0x6e NuttX/nuttx/drivers/libdrivers.a(cdcacm_desc.o)
                0x000000003000d884                cdcacm_copy_epdesc
 .text.cdcacm_mkcfgdesc
                0x000000003000d8f2      0x112 NuttX/nuttx/drivers/libdrivers.a(cdcacm_desc.o)
                0x000000003000d8f2                cdcacm_mkcfgdesc
 .text.cdcacm_getqualdesc
                0x000000003000da04        0x8 NuttX/nuttx/drivers/libdrivers.a(cdcacm_desc.o)
                0x000000003000da04                cdcacm_getqualdesc
 .text.file_seek
                0x000000003000da0c       0x50 NuttX/nuttx/fs/libfs.a(fs_lseek.o)
                0x000000003000da0c                file_seek
 .text.nx_seek  0x000000003000da5c       0x2c NuttX/nuttx/fs/libfs.a(fs_lseek.o)
                0x000000003000da5c                nx_seek
 .text.lseek    0x000000003000da88       0x1a NuttX/nuttx/fs/libfs.a(fs_lseek.o)
                0x000000003000da88                lseek
 *fill*         0x000000003000daa2        0x2 ffecc2925d7d05c5
 .text.file_read
                0x000000003000daa4       0x34 NuttX/nuttx/fs/libfs.a(fs_read.o)
                0x000000003000daa4                file_read
 .text.nx_read  0x000000003000dad8       0x1e NuttX/nuttx/fs/libfs.a(fs_read.o)
                0x000000003000dad8                nx_read
 .text.read     0x000000003000daf6       0x1a NuttX/nuttx/fs/libfs.a(fs_read.o)
                0x000000003000daf6                read
 .text.unregister_driver
                0x000000003000db10       0x1c NuttX/nuttx/fs/libfs.a(fs_unregisterdriver.o)
                0x000000003000db10                unregister_driver
 .text.inode_unlink
                0x000000003000db2c       0x60 NuttX/nuttx/fs/libfs.a(fs_inoderemove.o)
                0x000000003000db2c                inode_unlink
 .text.inode_remove
                0x000000003000db8c       0x3c NuttX/nuttx/fs/libfs.a(fs_inoderemove.o)
                0x000000003000db8c                inode_remove
 .text.nxsched_get_streams
                0x000000003000dbc8       0x20 NuttX/nuttx/sched/libsched.a(sched_getstreams.o)
                0x000000003000dbc8                nxsched_get_streams
 .text.atol     0x000000003000dbe8        0x8 NuttX/nuttx/libs/libc/libc.a(lib_atol.o)
                0x000000003000dbe8                atol
 .text.strtol   0x000000003000dbf0       0x74 NuttX/nuttx/libs/libc/libc.a(lib_strtol.o)
                0x000000003000dbf0                strtol
 .text.strtoul  0x000000003000dc64       0xba NuttX/nuttx/libs/libc/libc.a(lib_strtoul.o)
                0x000000003000dc64                strtoul
 .text.lib_checkbase
                0x000000003000dd1e       0x5c NuttX/nuttx/libs/libc/libc.a(lib_checkbase.o)
                0x000000003000dd1e                lib_checkbase
 .text.lib_isbasedigit
                0x000000003000dd7a       0x4c NuttX/nuttx/libs/libc/libc.a(lib_isbasedigit.o)
                0x000000003000dd7a                lib_isbasedigit
 .text.lib_skipspace
                0x000000003000ddc6       0x18 NuttX/nuttx/libs/libc/libc.a(lib_skipspace.o)
                0x000000003000ddc6                lib_skipspace
 *fill*         0x000000003000ddde        0x2 ffecc2925d7d05c5
 .text.strtok   0x000000003000dde0        0xc NuttX/nuttx/libs/libc/libc.a(lib_strtok.o)
                0x000000003000dde0                strtok
 .text.strtok_r
                0x000000003000ddec       0x4c NuttX/nuttx/libs/libc/libc.a(lib_strtokr.o)
                0x000000003000ddec                strtok_r
 .text.strchr   0x000000003000de38       0x14 NuttX/nuttx/libs/libc/libc.a(lib_strchr.o)
                0x000000003000de38                strchr
 .text.tcgetattr
                0x000000003000de4c        0xa NuttX/nuttx/libs/libc/libc.a(lib_tcgetattr.o)
                0x000000003000de4c                tcgetattr
 .text.tcsetattr
                0x000000003000de56       0x2a NuttX/nuttx/libs/libc/libc.a(lib_tcsetattr.o)
                0x000000003000de56                tcsetattr
 .text.isspace  0x000000003000de80       0x14 NuttX/nuttx/libs/libc/libc.a(lib_isspace.o)
                0x000000003000de80                isspace
 .text.tcflush  0x000000003000de94        0xa NuttX/nuttx/libs/libc/libc.a(lib_tcflush.o)
                0x000000003000de94                tcflush
 .text.tcdrain  0x000000003000de9e        0xa NuttX/nuttx/libs/libc/libc.a(lib_tcdrain.o)
                0x000000003000de9e                tcdrain
 .text.file_vioctl
                0x000000003000dea8       0xcc NuttX/nuttx/fs/libfs.a(fs_ioctl.o)
                0x000000003000dea8                file_vioctl
 .text.ioctl    0x000000003000df74       0x3c NuttX/nuttx/fs/libfs.a(fs_ioctl.o)
                0x000000003000df74                ioctl
 .text.inode_getpath
                0x000000003000dfb0       0x48 NuttX/nuttx/fs/libfs.a(fs_inodegetpath.o)
                0x000000003000dfb0                inode_getpath
 .text.strcat   0x000000003000dff8       0x20 NuttX/nuttx/libs/libc/libc.a(lib_strcat.o)
                0x000000003000dff8                strcat
 .text.board_get_devices
                0x000000003000e018        0x4 platforms/nuttx/src/bootloader/nxp/rt117x/arch_bootloader/libarch_bootloader.a(main.c.obj)
                0x000000003000e018                board_get_devices
 .text.board_deinit
                0x000000003000e01c       0x48 platforms/nuttx/src/bootloader/nxp/rt117x/arch_bootloader/libarch_bootloader.a(main.c.obj)
                0x000000003000e01c                board_deinit
 .text.arch_systic_init
                0x000000003000e064        0x2 platforms/nuttx/src/bootloader/nxp/rt117x/arch_bootloader/libarch_bootloader.a(main.c.obj)
                0x000000003000e064                arch_systic_init
 *fill*         0x000000003000e066        0x2 ffecc2925d7d05c5
 .text.arch_systic_deinit
                0x000000003000e068       0x20 platforms/nuttx/src/bootloader/nxp/rt117x/arch_bootloader/libarch_bootloader.a(main.c.obj)
                0x000000003000e068                arch_systic_deinit
 .text.clock_deinit
                0x000000003000e088        0x2 platforms/nuttx/src/bootloader/nxp/rt117x/arch_bootloader/libarch_bootloader.a(main.c.obj)
                0x000000003000e088                clock_deinit
 .text.arch_flash_lock
                0x000000003000e08a        0x2 platforms/nuttx/src/bootloader/nxp/rt117x/arch_bootloader/libarch_bootloader.a(main.c.obj)
                0x000000003000e08a                arch_flash_lock
 .text.arch_flash_unlock
                0x000000003000e08c        0x4 platforms/nuttx/src/bootloader/nxp/rt117x/arch_bootloader/libarch_bootloader.a(main.c.obj)
                0x000000003000e08c                arch_flash_unlock
 .text.arch_flash_write
                0x000000003000e090       0x58 platforms/nuttx/src/bootloader/nxp/rt117x/arch_bootloader/libarch_bootloader.a(main.c.obj)
                0x000000003000e090                arch_flash_write
 .text.arch_setvtor
                0x000000003000e0e8        0xc platforms/nuttx/src/bootloader/nxp/rt117x/arch_bootloader/libarch_bootloader.a(main.c.obj)
                0x000000003000e0e8                arch_setvtor
 .text.flash_func_sector_size
                0x000000003000e0f4        0xe platforms/nuttx/src/bootloader/nxp/rt117x/arch_bootloader/libarch_bootloader.a(main.c.obj)
                0x000000003000e0f4                flash_func_sector_size
 .text.up_progmem_ispageerased
                0x000000003000e102       0x2a platforms/nuttx/src/bootloader/nxp/rt117x/arch_bootloader/libarch_bootloader.a(main.c.obj)
                0x000000003000e102                up_progmem_ispageerased
 .text.flash_func_write_word
                0x000000003000e12c        0xc platforms/nuttx/src/bootloader/nxp/rt117x/arch_bootloader/libarch_bootloader.a(main.c.obj)
                0x000000003000e12c                flash_func_write_word
 .text.flash_func_read_word
                0x000000003000e138       0x14 platforms/nuttx/src/bootloader/nxp/rt117x/arch_bootloader/libarch_bootloader.a(main.c.obj)
                0x000000003000e138                flash_func_read_word
 .text.flash_func_read_otp
                0x000000003000e14c        0x4 platforms/nuttx/src/bootloader/nxp/rt117x/arch_bootloader/libarch_bootloader.a(main.c.obj)
                0x000000003000e14c                flash_func_read_otp
 .text.get_mcu_id
                0x000000003000e150        0xc platforms/nuttx/src/bootloader/nxp/rt117x/arch_bootloader/libarch_bootloader.a(main.c.obj)
                0x000000003000e150                get_mcu_id
 .text.get_mcu_desc
                0x000000003000e15c       0x48 platforms/nuttx/src/bootloader/nxp/rt117x/arch_bootloader/libarch_bootloader.a(main.c.obj)
                0x000000003000e15c                get_mcu_desc
 .text.flash_func_read_sn
                0x000000003000e1a4       0x1c platforms/nuttx/src/bootloader/nxp/rt117x/arch_bootloader/libarch_bootloader.a(main.c.obj)
                0x000000003000e1a4                flash_func_read_sn
 .text.led_on   0x000000003000e1c0       0x20 platforms/nuttx/src/bootloader/nxp/rt117x/arch_bootloader/libarch_bootloader.a(main.c.obj)
                0x000000003000e1c0                led_on
 .text.led_off  0x000000003000e1e0       0x20 platforms/nuttx/src/bootloader/nxp/rt117x/arch_bootloader/libarch_bootloader.a(main.c.obj)