Archive member included to satisfy reference by file (symbol)

boards/px4/fmu-v6xrt/src/libdrivers_board.a(imxrt_flexspi_nor_boot.c.obj)
                              (g_boot_data)
boards/px4/fmu-v6xrt/src/libdrivers_board.a(imxrt_flexspi_nor_flash.c.obj)
                              (g_flash_config)
NuttX/nuttx/arch/arm/src/libarch.a(imxrt_start.o)
                              (__start)
NuttX/nuttx/arch/arm/src/libarch.a(imxrt_lowputc.o)
                              NuttX/nuttx/arch/arm/src/libarch.a(imxrt_start.o) (imxrt_lowsetup)
NuttX/nuttx/arch/arm/src/libarch.a(imxrt_clockconfig_ver2.o)
                              NuttX/nuttx/arch/arm/src/libarch.a(imxrt_start.o) (imxrt_clockconfig)
NuttX/nuttx/arch/arm/src/libarch.a(imxrt_pmu.o)
                              NuttX/nuttx/arch/arm/src/libarch.a(imxrt_clockconfig_ver2.o) (imxrt_modify_pll1g)
NuttX/nuttx/arch/arm/src/libarch.a(imxrt_mpuinit.o)
                              NuttX/nuttx/arch/arm/src/libarch.a(imxrt_start.o) (imxrt_mpu_initialize)
NuttX/nuttx/arch/arm/src/libarch.a(arm_modifyreg32.o)
                              NuttX/nuttx/arch/arm/src/libarch.a(imxrt_clockconfig_ver2.o) (modifyreg32)
NuttX/nuttx/arch/arm/src/libarch.a(arm_mdelay.o)
                              NuttX/nuttx/arch/arm/src/libarch.a(imxrt_clockconfig_ver2.o) (up_mdelay)
NuttX/nuttx/arch/arm/src/libarch.a(arm_udelay.o)
                              NuttX/nuttx/arch/arm/src/libarch.a(imxrt_pmu.o) (up_udelay)
NuttX/nuttx/arch/arm/src/libarch.a(arm_cache.o)
                              NuttX/nuttx/arch/arm/src/libarch.a(imxrt_start.o) (up_enable_icache)
NuttX/nuttx/arch/arm/src/libarch.a(arm_vectors.o)
                              boards/px4/fmu-v6xrt/src/libdrivers_board.a(imxrt_flexspi_nor_boot.c.obj) (_vectors)
NuttX/nuttx/arch/arm/src/libarch.a(arm_fpuconfig.o)
                              NuttX/nuttx/arch/arm/src/libarch.a(imxrt_start.o) (arm_fpuconfig)
NuttX/nuttx/arch/arm/src/libarch.a(arm_ramvec_initialize.o)
                              NuttX/nuttx/arch/arm/src/libarch.a(imxrt_start.o) (arm_ramvec_initialize)
NuttX/nuttx/arch/arm/src/libarch.a(arm_mpu.o)
                              NuttX/nuttx/arch/arm/src/libarch.a(imxrt_mpuinit.o) (mpu_allocregion)
NuttX/nuttx/arch/arm/src/libarch.a(arm_exception.o)
                              NuttX/nuttx/arch/arm/src/libarch.a(arm_vectors.o) (exception_common)
NuttX/nuttx/arch/arm/src/libarch.a(imxrt_periphclks.o)
                              NuttX/nuttx/arch/arm/src/libarch.a(imxrt_lowputc.o) (imxrt_periphclk_configure)
NuttX/nuttx/arch/arm/src/libarch.a(imxrt_gpio.o)
                              NuttX/nuttx/arch/arm/src/libarch.a(imxrt_lowputc.o) (imxrt_config_gpio)
NuttX/nuttx/arch/arm/src/libarch.a(imxrt_daisy.o)
                              NuttX/nuttx/arch/arm/src/libarch.a(imxrt_gpio.o) (imxrt_daisy_select)
NuttX/nuttx/arch/arm/src/libarch.a(imxrt_iomuxc_ver2.o)
                              NuttX/nuttx/arch/arm/src/libarch.a(imxrt_gpio.o) (imxrt_padmux_map)
NuttX/nuttx/arch/arm/src/libarch.a(arm_doirq.o)
                              NuttX/nuttx/arch/arm/src/libarch.a(arm_exception.o) (arm_doirq)
NuttX/nuttx/arch/arm/src/libarch.a(imxrt_irq.o)
                              NuttX/nuttx/arch/arm/src/libarch.a(arm_doirq.o) (arm_ack_irq)
NuttX/nuttx/arch/arm/src/libarch.a(arm_hardfault.o)
                              NuttX/nuttx/arch/arm/src/libarch.a(imxrt_irq.o) (arm_hardfault)
NuttX/nuttx/arch/arm/src/libarch.a(arm_memfault.o)
                              NuttX/nuttx/arch/arm/src/libarch.a(imxrt_irq.o) (arm_memfault)
NuttX/nuttx/arch/arm/src/libarch.a(arm_svcall.o)
                              NuttX/nuttx/arch/arm/src/libarch.a(imxrt_irq.o) (arm_svcall)
NuttX/nuttx/arch/arm/src/libarch.a(arm_usagefault.o)
                              NuttX/nuttx/arch/arm/src/libarch.a(arm_hardfault.o) (arm_usagefault)
NuttX/nuttx/libs/libc/libc.a(arch_memcpy.o)
                              NuttX/nuttx/arch/arm/src/libarch.a(arm_svcall.o) (memcpy)
NuttX/nuttx/libs/libc/libc.a(lib_assert.o)
                              NuttX/nuttx/arch/arm/src/libarch.a(imxrt_clockconfig_ver2.o) (_assert)
NuttX/nuttx/libs/libc/libc.a(lib_exit.o)
                              NuttX/nuttx/libs/libc/libc.a(lib_assert.o) (exit)
NuttX/nuttx/libs/libc/libc.a(lib_syslog.o)
                              NuttX/nuttx/arch/arm/src/libarch.a(imxrt_irq.o) (syslog)
NuttX/nuttx/libs/libc/libc.a(lib_setlogmask.o)
                              NuttX/nuttx/libs/libc/libc.a(lib_syslog.o) (g_syslog_mask)
boards/px4/fmu-v6xrt/src/libdrivers_board.a(init.c.obj)
                              NuttX/nuttx/arch/arm/src/libarch.a(imxrt_start.o) (imxrt_boardinitialize)
boards/px4/fmu-v6xrt/src/libdrivers_board.a(usb.c.obj)
                              boards/px4/fmu-v6xrt/src/libdrivers_board.a(init.c.obj) (imxrt_usb_initialize)
boards/px4/fmu-v6xrt/src/libdrivers_board.a(imxrt_clockconfig.c.obj)
[...]
Memory Configuration

Name             Origin             Length             Attributes
flash            0x0000000030000000 0x0000000000020000 xr
sram             0x0000000020240000 0x0000000000140000 xrw
itcm             0x0000000000000000 0x0000000000040000 xrw
dtcm             0x0000000020000000 0x0000000000040000 xrw
*default*        0x0000000000000000 0xffffffffffffffff

Linker script and memory map

LOAD platforms/nuttx/CMakeFiles/px4.dir/__/common/empty.c.obj

.boot_hdr       0x0000000030000000     0x2000
 FILL mask 0xff
                0x0000000000000400                . = 0x400
 *fill*         0x0000000030000000      0x400 ff
                0x0000000030000400                __boot_hdr_start__ = ABSOLUTE (.)
 *(.boot_hdr.conf)
 .boot_hdr.conf
                0x0000000030000400      0x200 boards/px4/fmu-v6xrt/src/libdrivers_board.a(imxrt_flexspi_nor_flash.c.obj)
                0x0000000030000400                g_flash_config
                0x0000000000001000                . = 0x1000
 *fill*         0x0000000030000600      0xa00 ff
 *(.boot_hdr.ivt)
 .boot_hdr.ivt  0x0000000030001000       0x20 boards/px4/fmu-v6xrt/src/libdrivers_board.a(imxrt_flexspi_nor_boot.c.obj)
                0x0000000030001000                g_image_vector_table
                0x0000000000001020                . = 0x1020
 *(.boot_hdr.boot_data)
 .boot_hdr.boot_data
                0x0000000030001020       0x10 boards/px4/fmu-v6xrt/src/libdrivers_board.a(imxrt_flexspi_nor_boot.c.obj)
                0x0000000030001020                g_boot_data
                0x0000000000001030                . = 0x1030
 *(.boot_hdr.dcd_data)
                0x0000000030001030                __boot_hdr_end__ = ABSOLUTE (.)
                0x0000000000002000                . = 0x2000
 *fill*         0x0000000030001030      0xfd0 ff

.vectors        0x0000000030002000      0x838
 *(.vectors)
 .vectors       0x0000000030002000      0x3a8 NuttX/nuttx/arch/arm/src/libarch.a(arm_vectors.o)
                0x0000000030002000                _vectors
 *(.text .text.__start)
 .text.__start  0x00000000300023a8       0xb8 NuttX/nuttx/arch/arm/src/libarch.a(imxrt_start.o)
                0x00000000300023a8                __start
 .text          0x0000000030002460       0xa0 /opt/gcc-arm-none-eabi-9-2020-q2-update/bin/../lib/gcc/arm-none-eabi/9.3.1/thumb/v7e-m+dp/hard/libgcc.a(_aeabi_ldivmod.o)
                0x0000000030002460                __aeabi_ldivmod
 .text          0x0000000030002500       0x30 /opt/gcc-arm-none-eabi-9-2020-q2-update/bin/../lib/gcc/arm-none-eabi/9.3.1/thumb/v7e-m+dp/hard/libgcc.a(_aeabi_uldivmod.o)
                0x0000000030002500                __aeabi_uldivmod
 .text          0x0000000030002530       0x40 /opt/gcc-arm-none-eabi-9-2020-q2-update/bin/../lib/gcc/arm-none-eabi/9.3.1/thumb/v7e-m+dp/hard/libgcc.a(_fixunsdfdi.o)
                0x0000000030002530                __aeabi_d2ulz
                0x0000000030002530                __fixunsdfdi
 .text          0x0000000030002570      0x2c4 /opt/gcc-arm-none-eabi-9-2020-q2-update/bin/../lib/gcc/arm-none-eabi/9.3.1/thumb/v7e-m+dp/hard/libgcc.a(_udivmoddi4.o)
                0x0000000030002570                __udivmoddi4
 .text          0x0000000030002834        0x4 /opt/gcc-arm-none-eabi-9-2020-q2-update/bin/../lib/gcc/arm-none-eabi/9.3.1/thumb/v7e-m+dp/hard/libgcc.a(_dvmd_tls.o)
                0x0000000030002834                __aeabi_ldiv0
                0x0000000030002834                __aeabi_idiv0

.itcmfunc       0x0000000000000000       0x40 load address 0x0000000030002838
                0x0000000000000000                . = ALIGN (0x8)
                0x0000000000000000                _sitcmfuncs = ABSOLUTE (.)
 FILL mask 0xff
                0x0000000000000040                . = 0x40
 *fill*         0x0000000000000000       0x40 ff
                0x0000000000000040                . = ALIGN (0x8)
                0x0000000000000040                _eitcmfuncs = ABSOLUTE (.)
                0x0000000030002838                _fitcmfuncs = LOADADDR (.itcmfunc)

.ram_vectors    0x0000000020000000      0x3a8
 *(.ram_vectors)
 .ram_vectors   0x0000000020000000      0x3a8 NuttX/nuttx/arch/arm/src/libarch.a(arm_ramvec_initialize.o)
                0x0000000020000000                g_ram_vectors

.text           0x0000000030002840    0x117c0
                0x0000000030002840                _stext = ABSOLUTE (.)
 *(.vectors)
                0x0000000030002840                . = ALIGN (0x20)
                0x0000000030002840                _bootdelay_signature = ABSOLUTE (.)
 FILL mask 0xffecc2925d7d05c5
                0x0000000030002848                . = (. + 0x8)
 *fill*         0x0000000030002840        0x8 ffecc2925d7d05c5
 *(.text .text.*)
 .text.imxrt_lpuart_clock_enable
                0x0000000030002848       0x84 NuttX/nuttx/arch/arm/src/libarch.a(imxrt_lowputc.o)
                0x0000000030002848                imxrt_lpuart_clock_enable
 .text.imxrt_lowsetup
                0x00000000300028cc       0x30 NuttX/nuttx/arch/arm/src/libarch.a(imxrt_lowputc.o)
                0x00000000300028cc                imxrt_lowsetup
 .text.imxrt_lpuart_configure
                0x00000000300028fc      0x1d8 NuttX/nuttx/arch/arm/src/libarch.a(imxrt_lowputc.o)
                0x00000000300028fc                imxrt_lpuart_configure
 .text.imxrt_lowputc
                0x0000000030002ad4        0x2 NuttX/nuttx/arch/arm/src/libarch.a(imxrt_lowputc.o)
                0x0000000030002ad4                imxrt_lowputc
 *fill*         0x0000000030002ad6        0x2 ffecc2925d7d05c5
 .text.imxrt_clockconfig
                0x0000000030002ad8      0x4cc NuttX/nuttx/arch/arm/src/libarch.a(imxrt_clockconfig_ver2.o)
                0x0000000030002ad8                imxrt_clockconfig
 .text.imxrt_get_pll
                0x0000000030002fa4       0x70 NuttX/nuttx/arch/arm/src/libarch.a(imxrt_clockconfig_ver2.o)
                0x0000000030002fa4                imxrt_get_pll
 .text.imxrt_get_pll_pfd
                0x0000000030003014       0x60 NuttX/nuttx/arch/arm/src/libarch.a(imxrt_clockconfig_ver2.o)
                0x0000000030003014                imxrt_get_pll_pfd
 .text.imxrt_get_clock
                0x0000000030003074       0xb4 NuttX/nuttx/arch/arm/src/libarch.a(imxrt_clockconfig_ver2.o)
                0x0000000030003074                imxrt_get_clock
 .text.imxrt_get_rootclock
                0x0000000030003128       0x4c NuttX/nuttx/arch/arm/src/libarch.a(imxrt_clockconfig_ver2.o)
                0x0000000030003128                imxrt_get_rootclock
 .text.imxrt_vddsoc_ai_write
                0x0000000030003174       0x28 NuttX/nuttx/arch/arm/src/libarch.a(imxrt_pmu.o)
                0x0000000030003174                imxrt_vddsoc_ai_write
 .text.imxrt_vddsoc_ai_read
                0x000000003000319c       0x30 NuttX/nuttx/arch/arm/src/libarch.a(imxrt_pmu.o)
                0x000000003000319c                imxrt_vddsoc_ai_read
 .text.imxrt_pll1g_ai_write
                0x00000000300031cc       0x3c NuttX/nuttx/arch/arm/src/libarch.a(imxrt_pmu.o)
                0x00000000300031cc                imxrt_pll1g_ai_write
 .text.imxrt_modify_pll1g
                0x0000000030003208       0x24 NuttX/nuttx/arch/arm/src/libarch.a(imxrt_pmu.o)
                0x0000000030003208                imxrt_modify_pll1g
 .text.imxrt_pmu_enable_pll_ldo
                0x000000003000322c       0x2c NuttX/nuttx/arch/arm/src/libarch.a(imxrt_pmu.o)
                0x000000003000322c                imxrt_pmu_enable_pll_ldo
 .text.imxrt_pmu_enable_body_bias_fbb_cm7
                0x0000000030003258       0x38 NuttX/nuttx/arch/arm/src/libarch.a(imxrt_pmu.o)
                0x0000000030003258                imxrt_pmu_enable_body_bias_fbb_cm7
 .text.imxrt_pmu_vdd1p0_buckmode_targetvoltage
                0x0000000030003290       0x2c NuttX/nuttx/arch/arm/src/libarch.a(imxrt_pmu.o)
                0x0000000030003290                imxrt_pmu_vdd1p0_buckmode_targetvoltage
 .text.imxrt_pmu_lpsr_ana_ldo_bypassmode
                0x00000000300032bc       0x6c NuttX/nuttx/arch/arm/src/libarch.a(imxrt_pmu.o)
                0x00000000300032bc                imxrt_pmu_lpsr_ana_ldo_bypassmode
 .text.imxrt_pmu_lpsr_dig_ldo_bypassmode
                0x0000000030003328       0x5c NuttX/nuttx/arch/arm/src/libarch.a(imxrt_pmu.o)
                0x0000000030003328                imxrt_pmu_lpsr_dig_ldo_bypassmode
 .text.imxrt_mpu_initialize
                0x0000000030003384      0x104 NuttX/nuttx/arch/arm/src/libarch.a(imxrt_mpuinit.o)
                0x0000000030003384                imxrt_mpu_initialize
 .text.modifyreg32
                0x0000000030003488       0x1e NuttX/nuttx/arch/arm/src/libarch.a(arm_modifyreg32.o)
                0x0000000030003488                modifyreg32
 *fill*         0x00000000300034a6        0x2 ffecc2925d7d05c5
 .text.up_mdelay
                0x00000000300034a8       0x30 NuttX/nuttx/arch/arm/src/libarch.a(arm_mdelay.o)
                0x00000000300034a8                up_mdelay
 .text.up_udelay
                0x00000000300034d8       0x7c NuttX/nuttx/arch/arm/src/libarch.a(arm_udelay.o)
                0x00000000300034d8                up_udelay
 .text.up_enable_icache
                0x0000000030003554       0x2c NuttX/nuttx/arch/arm/src/libarch.a(arm_cache.o)
                0x0000000030003554                up_enable_icache
 .text.up_enable_dcache
                0x0000000030003580       0x6c NuttX/nuttx/arch/arm/src/libarch.a(arm_cache.o)
                0x0000000030003580                up_enable_dcache
 .text.up_invalidate_dcache
                0x00000000300035ec       0x60 NuttX/nuttx/arch/arm/src/libarch.a(arm_cache.o)
                0x00000000300035ec                up_invalidate_dcache
 .text.up_clean_dcache
                0x000000003000364c        0x2 NuttX/nuttx/arch/arm/src/libarch.a(arm_cache.o)
                0x000000003000364c                up_clean_dcache
 .text.up_flush_dcache
                0x000000003000364e        0x4 NuttX/nuttx/arch/arm/src/libarch.a(arm_cache.o)
                0x000000003000364e                up_flush_dcache
 *fill*         0x0000000030003652        0x2 ffecc2925d7d05c5
 .text.arm_fpuconfig
                0x0000000030003654       0x2c NuttX/nuttx/arch/arm/src/libarch.a(arm_fpuconfig.o)
                0x0000000030003654                arm_fpuconfig
 .text.arm_ramvec_initialize
                0x0000000030003680       0x3c NuttX/nuttx/arch/arm/src/libarch.a(arm_ramvec_initialize.o)
                0x0000000030003680                arm_ramvec_initialize
 .text.mpu_allocregion
                0x00000000300036bc       0x20 NuttX/nuttx/arch/arm/src/libarch.a(arm_mpu.o)
                0x00000000300036bc                mpu_allocregion
 .text.mpu_log2regionceil
                0x00000000300036dc       0x1e NuttX/nuttx/arch/arm/src/libarch.a(arm_mpu.o)
                0x00000000300036dc                mpu_log2regionceil
 *fill*         0x00000000300036fa        0x2 ffecc2925d7d05c5
 .text.mpu_subregion
                0x00000000300036fc       0x5c NuttX/nuttx/arch/arm/src/libarch.a(arm_mpu.o)
                0x00000000300036fc                mpu_subregion
 .text.mpu_control
                0x0000000030003758       0x1c NuttX/nuttx/arch/arm/src/libarch.a(arm_mpu.o)
                0x0000000030003758                mpu_control
 .text.mpu_configure_region
                0x0000000030003774       0xa8 NuttX/nuttx/arch/arm/src/libarch.a(arm_mpu.o)
                0x0000000030003774                mpu_configure_region
 .text.mpu_reset
                0x000000003000381c       0x3c NuttX/nuttx/arch/arm/src/libarch.a(arm_mpu.o)
                0x000000003000381c                mpu_reset
 .text.exception_common
                0x0000000030003858       0x5c NuttX/nuttx/arch/arm/src/libarch.a(arm_exception.o)
                0x0000000030003858                exception_common
 .text.imxrt_periphclk_configure
                0x00000000300038b4       0x3c NuttX/nuttx/arch/arm/src/libarch.a(imxrt_periphclks.o)
                0x00000000300038b4                imxrt_periphclk_configure
 .text.imxrt_padmux_address
                0x00000000300038f0       0x2c NuttX/nuttx/arch/arm/src/libarch.a(imxrt_gpio.o)
 .text.imxrt_padctl_address
                0x000000003000391c       0x2c NuttX/nuttx/arch/arm/src/libarch.a(imxrt_gpio.o)
 .text.imxrt_gpio_configinput
                0x0000000030003948       0x80 NuttX/nuttx/arch/arm/src/libarch.a(imxrt_gpio.o)
 .text.imxrt_config_gpio
                0x00000000300039c8       0xb4 NuttX/nuttx/arch/arm/src/libarch.a(imxrt_gpio.o)
                0x00000000300039c8                imxrt_config_gpio
 .text.imxrt_gpio_write
                0x0000000030003a7c       0x4c NuttX/nuttx/arch/arm/src/libarch.a(imxrt_gpio.o)
                0x0000000030003a7c                imxrt_gpio_write
 .text.imxrt_gpio_read
                0x0000000030003ac8       0x58 NuttX/nuttx/arch/arm/src/libarch.a(imxrt_gpio.o)
                0x0000000030003ac8                imxrt_gpio_read
 .text.imxrt_daisy_select
                0x0000000030003b20       0x4c NuttX/nuttx/arch/arm/src/libarch.a(imxrt_daisy.o)
                0x0000000030003b20                imxrt_daisy_select
 .text.imxrt_padmux_map
                0x0000000030003b6c       0x1c NuttX/nuttx/arch/arm/src/libarch.a(imxrt_iomuxc_ver2.o)
                0x0000000030003b6c                imxrt_padmux_map
 .text.imxrt_iomux_configure
                0x0000000030003b88      0x160 NuttX/nuttx/arch/arm/src/libarch.a(imxrt_iomuxc_ver2.o)
                0x0000000030003b88                imxrt_iomux_configure
 .text.arm_doirq
                0x0000000030003ce8       0x30 NuttX/nuttx/arch/arm/src/libarch.a(arm_doirq.o)
                0x0000000030003ce8                arm_doirq
 .text.imxrt_reserved
                0x0000000030003d18       0x2c NuttX/nuttx/arch/arm/src/libarch.a(imxrt_irq.o)
 .text.imxrt_dbgmonitor
                0x0000000030003d44       0x2c NuttX/nuttx/arch/arm/src/libarch.a(imxrt_irq.o)
 .text.imxrt_pendsv
                0x0000000030003d70       0x2c NuttX/nuttx/arch/arm/src/libarch.a(imxrt_irq.o)
 .text.imxrt_usagefault
                0x0000000030003d9c       0x34 NuttX/nuttx/arch/arm/src/libarch.a(imxrt_irq.o)
 .text.imxrt_busfault
                0x0000000030003dd0       0x34 NuttX/nuttx/arch/arm/src/libarch.a(imxrt_irq.o)
 .text.imxrt_nmi
                0x0000000030003e04       0x2c NuttX/nuttx/arch/arm/src/libarch.a(imxrt_irq.o)
 .text.imxrt_irqinfo
                0x0000000030003e30       0xe8 NuttX/nuttx/arch/arm/src/libarch.a(imxrt_irq.o)
 .text.up_disable_irq
                0x0000000030003f18       0x28 NuttX/nuttx/arch/arm/src/libarch.a(imxrt_irq.o)
                0x0000000030003f18                up_disable_irq
 .text.up_enable_irq
                0x0000000030003f40       0x26 NuttX/nuttx/arch/arm/src/libarch.a(imxrt_irq.o)
                0x0000000030003f40                up_enable_irq
 *fill*         0x0000000030003f66        0x2 ffecc2925d7d05c5
 .text.up_irqinitialize
                0x0000000030003f68      0x10c NuttX/nuttx/arch/arm/src/libarch.a(imxrt_irq.o)
                0x0000000030003f68                up_irqinitialize
 .text.arm_ack_irq
                0x0000000030004074        0x2 NuttX/nuttx/arch/arm/src/libarch.a(imxrt_irq.o)
                0x0000000030004074                arm_ack_irq
 *fill*         0x0000000030004076        0x2 ffecc2925d7d05c5
 .text.arm_hardfault
                0x0000000030004078      0x104 NuttX/nuttx/arch/arm/src/libarch.a(arm_hardfault.o)
                0x0000000030004078                arm_hardfault
 .text.arm_memfault
                0x000000003000417c       0x20 NuttX/nuttx/arch/arm/src/libarch.a(arm_memfault.o)
                0x000000003000417c                arm_memfault
 .text.arm_svcall
                0x000000003000419c       0x58 NuttX/nuttx/arch/arm/src/libarch.a(arm_svcall.o)
                0x000000003000419c                arm_svcall
 .text.arm_usagefault
                0x00000000300041f4      0x138 NuttX/nuttx/arch/arm/src/libarch.a(arm_usagefault.o)
                0x00000000300041f4                arm_usagefault
 *fill*         0x000000003000432c        0x4 ffecc2925d7d05c5
 .text.memcpy   0x0000000030004330      0x230 NuttX/nuttx/libs/libc/libc.a(arch_memcpy.o)
                0x0000000030004350                memcpy
 .text._assert  0x0000000030004560        0xc NuttX/nuttx/libs/libc/libc.a(lib_assert.o)
                0x0000000030004560                _assert
 .text.exit     0x000000003000456c        0x6 NuttX/nuttx/libs/libc/libc.a(lib_exit.o)
                0x000000003000456c                exit
 *fill*         0x0000000030004572        0x2 ffecc2925d7d05c5
 .text.vsyslog  0x0000000030004574       0x20 NuttX/nuttx/libs/libc/libc.a(lib_syslog.o)
                0x0000000030004574                vsyslog
 .text.syslog   0x0000000030004594       0x1a NuttX/nuttx/libs/libc/libc.a(lib_syslog.o)
                0x0000000030004594                syslog
 *fill*         0x00000000300045ae        0x2 ffecc2925d7d05c5
 .text.board_on_reset
                0x00000000300045b0       0x30 boards/px4/fmu-v6xrt/src/libdrivers_board.a(init.c.obj)
                0x00000000300045b0                board_on_reset
 .text.imxrt_boardinitialize
                0x00000000300045e0       0x38 boards/px4/fmu-v6xrt/src/libdrivers_board.a(init.c.obj)
                0x00000000300045e0                imxrt_boardinitialize
 .text.board_app_initialize
                0x0000000030004618        0x4 boards/px4/fmu-v6xrt/src/libdrivers_board.a(init.c.obj)
                0x0000000030004618                board_app_initialize
 .text.imxrt_usb_initialize
                0x000000003000461c        0xe boards/px4/fmu-v6xrt/src/libdrivers_board.a(usb.c.obj)
                0x000000003000461c                imxrt_usb_initialize
 *fill*         0x000000003000462a        0x2 ffecc2925d7d05c5
 .text.fmuv6xrt_timer_initialize
                0x000000003000462c       0x68 boards/px4/fmu-v6xrt/src/libdrivers_board.a(timer_config.cpp.obj)
                0x000000003000462c                fmuv6xrt_timer_initialize
 .text.nx_vsyslog
                0x0000000030004694       0x1c NuttX/nuttx/drivers/libdrivers.a(vsyslog.o)
                0x0000000030004694                nx_vsyslog
 .text.syslogstream_putc
                0x00000000300046b0       0x22 NuttX/nuttx/drivers/libdrivers.a(syslog_stream.o)
 *fill*         0x00000000300046d2        0x2 ffecc2925d7d05c5
 .text.syslogstream_create
                0x00000000300046d4       0x28 NuttX/nuttx/drivers/libdrivers.a(syslog_stream.o)
                0x00000000300046d4                syslogstream_create
 .text.syslog_putc
                0x00000000300046fc       0x4c NuttX/nuttx/drivers/libdrivers.a(syslog_putc.o)
                0x00000000300046fc                syslog_putc
 .text.syslog_default_write
                0x0000000030004748       0x10 NuttX/nuttx/drivers/libdrivers.a(syslog_channel.o)
 .text.syslog_default_putc
                0x0000000030004758        0x6 NuttX/nuttx/drivers/libdrivers.a(syslog_channel.o)
 *fill*         0x000000003000475e        0x2 ffecc2925d7d05c5
 .text.nx_start
                0x0000000030004760      0x158 NuttX/nuttx/sched/libsched.a(nx_start.o)
                0x0000000030004760                nx_start
 .text.nx_start_task
                0x00000000300048b8       0x38 NuttX/nuttx/sched/libsched.a(nx_bringup.o)
 .text.nx_bringup
                0x00000000300048f0       0x34 NuttX/nuttx/sched/libsched.a(nx_bringup.o)
                0x00000000300048f0                nx_bringup
 .text.irq_attach
                0x0000000030004924       0x44 NuttX/nuttx/sched/libsched.a(irq_attach.o)
                0x0000000030004924                irq_attach
 .text.irq_dispatch
                0x0000000030004968       0x3c NuttX/nuttx/sched/libsched.a(irq_dispatch.o)
                0x0000000030004968                irq_dispatch
 .text.irq_unexpected_isr
                0x00000000300049a4       0x2c NuttX/nuttx/sched/libsched.a(irq_unexpectedisr.o)
                0x00000000300049a4                irq_unexpected_isr
 .text.sched_lock
                0x00000000300049d0       0x34 NuttX/nuttx/sched/libsched.a(sched_lock.o)
                0x00000000300049d0                sched_lock
 .text.sched_unlock
                0x0000000030004a04       0x54 NuttX/nuttx/sched/libsched.a(sched_unlock.o)
                0x0000000030004a04                sched_unlock
 .text.sched_idletask
                0x0000000030004a58       0x34 NuttX/nuttx/sched/libsched.a(sched_idletask.o)
                0x0000000030004a58                sched_idletask
 .text.nxthread_create
                0x0000000030004a8c       0x52 NuttX/nuttx/sched/libsched.a(task_create.o)
 .text.nxtask_create
                0x0000000030004ade       0x16 NuttX/nuttx/sched/libsched.a(task_create.o)
                0x0000000030004ade                nxtask_create
 .text.kthread_create_with_stack
                0x0000000030004af4       0x1a NuttX/nuttx/sched/libsched.a(task_create.o)
                0x0000000030004af4                kthread_create_with_stack
 .text.kthread_create
                0x0000000030004b0e       0x14 NuttX/nuttx/sched/libsched.a(task_create.o)
                0x0000000030004b0e                kthread_create
 *fill*         0x0000000030004b22        0x2 ffecc2925d7d05c5
 .text.nxtask_init
                0x0000000030004b24       0xac NuttX/nuttx/sched/libsched.a(task_init.o)
                0x0000000030004b24                nxtask_init
 .text.nxtask_assign_pid
                0x0000000030004bd0       0xd8 NuttX/nuttx/sched/libsched.a(task_setup.o)
 .text.nxtask_setup_scheduler
                0x0000000030004ca8       0x64 NuttX/nuttx/sched/libsched.a(task_setup.o)
                0x0000000030004ca8                nxtask_setup_scheduler
 .text.nxtask_setup_arguments
                0x0000000030004d0c       0xe0 NuttX/nuttx/sched/libsched.a(task_setup.o)
                0x0000000030004d0c                nxtask_setup_arguments
 .text.nxtask_activate
                0x0000000030004dec       0x18 NuttX/nuttx/sched/libsched.a(task_activate.o)
                0x0000000030004dec                nxtask_activate
 .text.nxtask_start
                0x0000000030004e04       0x64 NuttX/nuttx/sched/libsched.a(task_start.o)
                0x0000000030004e04                nxtask_start
 .text._exit    0x0000000030004e68       0x1c NuttX/nuttx/sched/libsched.a(exit.o)
                0x0000000030004e68                _exit
 .text.tls_init_info
                0x0000000030004e84       0x30 NuttX/nuttx/sched/libsched.a(tls_initinfo.o)
                0x0000000030004e84                tls_init_info
 .text.group_allocate
                0x0000000030004eb4       0x5c NuttX/nuttx/sched/libsched.a(group_create.o)
                0x0000000030004eb4                group_allocate
 .text.group_initialize
                0x0000000030004f10       0x20 NuttX/nuttx/sched/libsched.a(group_create.o)
                0x0000000030004f10                group_initialize
 .text.group_leave
                0x0000000030004f30       0x50 NuttX/nuttx/sched/libsched.a(group_leave.o)
                0x0000000030004f30                group_leave
 .text.group_setupidlefiles
                0x0000000030004f80       0x1c NuttX/nuttx/sched/libsched.a(group_setupidlefiles.o)
                0x0000000030004f80                group_setupidlefiles
 .text.group_setuptaskfiles
                0x0000000030004f9c       0x28 NuttX/nuttx/sched/libsched.a(group_setuptaskfiles.o)
                0x0000000030004f9c                group_setuptaskfiles
 .text.irq_initialize
                0x0000000030004fc4       0x1c NuttX/nuttx/sched/libsched.a(irq_initialize.o)
                0x0000000030004fc4                irq_initialize
 .text.pthread_release
                0x0000000030004fe0       0x40 NuttX/nuttx/sched/libsched.a(pthread_release.o)
                0x0000000030004fe0                pthread_release
 .text.nxsched_release_tcb
                0x0000000030005020       0x50 NuttX/nuttx/sched/libsched.a(sched_releasetcb.o)
                0x0000000030005020                nxsched_release_tcb
 .text.nxsem_destroy
                0x0000000030005070       0x16 NuttX/nuttx/sched/libsched.a(sem_destroy.o)
                0x0000000030005070                nxsem_destroy
 .text.sem_destroy
                0x0000000030005086       0x1a NuttX/nuttx/sched/libsched.a(sem_destroy.o)
                0x0000000030005086                sem_destroy
 .text.nxsig_procmask
                0x00000000300050a0       0x64 NuttX/nuttx/sched/libsched.a(sig_procmask.o)
                0x00000000300050a0                nxsig_procmask
 .text.nxsig_unmask_pendingsignal
                0x0000000030005104       0x68 NuttX/nuttx/sched/libsched.a(sig_unmaskpendingsignal.o)
                0x0000000030005104                nxsig_unmask_pendingsignal
 .text.nxsig_remove_pendingsignal
                0x000000003000516c       0x4c NuttX/nuttx/sched/libsched.a(sig_removependingsignal.o)
                0x000000003000516c                nxsig_remove_pendingsignal
 .text.nxsig_release_pendingsignal
                0x00000000300051b8       0x44 NuttX/nuttx/sched/libsched.a(sig_releasependingsignal.o)
                0x00000000300051b8                nxsig_release_pendingsignal
 .text.nxsig_lowest
                0x00000000300051fc       0x1e NuttX/nuttx/sched/libsched.a(sig_lowest.o)
                0x00000000300051fc                nxsig_lowest
 .text.nxsig_cleanup
                0x000000003000521a       0x32 NuttX/nuttx/sched/libsched.a(sig_cleanup.o)
                0x000000003000521a                nxsig_cleanup
 .text.nxsig_release
                0x000000003000524c       0x28 NuttX/nuttx/sched/libsched.a(sig_cleanup.o)
                0x000000003000524c                nxsig_release
 .text.nxsig_tcbdispatch
                0x0000000030005274      0x1f8 NuttX/nuttx/sched/libsched.a(sig_dispatch.o)
                0x0000000030005274                nxsig_tcbdispatch
 .text.nxsig_deliver
                0x000000003000546c       0xc6 NuttX/nuttx/sched/libsched.a(sig_deliver.o)
                0x000000003000546c                nxsig_deliver
 .text.nxsig_null_action
                0x0000000030005532        0x2 NuttX/nuttx/sched/libsched.a(sig_default.o)
 .text.nxsig_stop_task
                0x0000000030005534       0x1c NuttX/nuttx/sched/libsched.a(sig_default.o)
 .text.nxsig_abnormal_termination
                0x0000000030005550       0x20 NuttX/nuttx/sched/libsched.a(sig_default.o)
 .text.nxsig_isdefault
                0x0000000030005570       0x2c NuttX/nuttx/sched/libsched.a(sig_default.o)
                0x0000000030005570                nxsig_isdefault
 .text.nxsig_iscatchable
                0x000000003000559c       0x28 NuttX/nuttx/sched/libsched.a(sig_default.o)
                0x000000003000559c                nxsig_iscatchable
 .text.nxsig_default
                0x00000000300055c4       0x70 NuttX/nuttx/sched/libsched.a(sig_default.o)
                0x00000000300055c4                nxsig_default
 .text.nxsig_default_initialize
                0x0000000030005634       0x64 NuttX/nuttx/sched/libsched.a(sig_default.o)
                0x0000000030005634                nxsig_default_initialize
 .text.nxtask_exithook
                0x0000000030005698       0x38 NuttX/nuttx/sched/libsched.a(task_exithook.o)
                0x0000000030005698                nxtask_exithook
 .text.nxtask_recover
                0x00000000300056d0       0x18 NuttX/nuttx/sched/libsched.a(task_recover.o)
                0x00000000300056d0                nxtask_recover
 .text.task_init_info
                0x00000000300056e8       0x22 NuttX/nuttx/sched/libsched.a(task_initinfo.o)
                0x00000000300056e8                task_init_info
 .text.task_uninit_info
                0x000000003000570a       0x14 NuttX/nuttx/sched/libsched.a(task_uninitinfo.o)
                0x000000003000570a                task_uninit_info
 .text.wd_recover
                0x000000003000571e        0x6 NuttX/nuttx/sched/libsched.a(wd_recover.o)
                0x000000003000571e                wd_recover
 .text.group_setupstreams
                0x0000000030005724       0x40 NuttX/nuttx/sched/libsched.a(group_setupstreams.o)
                0x0000000030005724                group_setupstreams
 .text.pthread_mutex_inconsistent
                0x0000000030005764       0x4c NuttX/nuttx/sched/libsched.a(pthread_mutexinconsistent.o)
                0x0000000030005764                pthread_mutex_inconsistent
 .text.nxsched_get_tcb
                0x00000000300057b0       0x40 NuttX/nuttx/sched/libsched.a(sched_gettcb.o)
                0x00000000300057b0                nxsched_get_tcb
 .text.nxsched_suspend
                0x00000000300057f0       0x4c NuttX/nuttx/sched/libsched.a(sched_suspend.o)
                0x00000000300057f0                nxsched_suspend
 .text.nxsched_continue
                0x000000003000583c       0x2c NuttX/nuttx/sched/libsched.a(sched_continue.o)
                0x000000003000583c                nxsched_continue
 .text.nxsem_recover
                0x0000000030005868       0x3c NuttX/nuttx/sched/libsched.a(sem_recover.o)
                0x0000000030005868                nxsem_recover
 .text.nxsem_wait_irq
                0x00000000300058a4       0x44 NuttX/nuttx/sched/libsched.a(sem_waitirq.o)
                0x00000000300058a4                nxsem_wait_irq
 .text.nxsig_initialize
                0x00000000300058e8       0xd8 NuttX/nuttx/sched/libsched.a(sig_initialize.o)
                0x00000000300058e8                nxsig_initialize
 .text.nxsig_release_action
                0x00000000300059c0       0x20 NuttX/nuttx/sched/libsched.a(sig_action.o)
                0x00000000300059c0                nxsig_release_action
 .text.nxsig_action
                0x00000000300059e0      0x154 NuttX/nuttx/sched/libsched.a(sig_action.o)
                0x00000000300059e0                nxsig_action
 .text.nxsig_pendingset
                0x0000000030005b34       0x3c NuttX/nuttx/sched/libsched.a(sig_pending.o)
                0x0000000030005b34                nxsig_pendingset
 .text.nxsig_find_action
                0x0000000030005b70       0x22 NuttX/nuttx/sched/libsched.a(sig_findaction.o)
                0x0000000030005b70                nxsig_find_action
 *fill*         0x0000000030005b92        0x2 ffecc2925d7d05c5
 .text.nxsig_alloc_pendingsigaction
                0x0000000030005b94       0x4c NuttX/nuttx/sched/libsched.a(sig_allocpendingsigaction.o)
                0x0000000030005b94                nxsig_alloc_pendingsigaction
 .text.nxsig_release_pendingsigaction
                0x0000000030005be0       0x44 NuttX/nuttx/sched/libsched.a(sig_releasependingsigaction.o)
                0x0000000030005be0                nxsig_release_pendingsigaction
 .text.wd_cancel
                0x0000000030005c24       0x64 NuttX/nuttx/sched/libsched.a(wd_cancel.o)
                0x0000000030005c24                wd_cancel
 .text.pthread_sem_give
                0x0000000030005c88       0x20 NuttX/nuttx/sched/libsched.a(pthread_initialize.o)
                0x0000000030005c88                pthread_sem_give
 .text.nxsched_add_blocked
                0x0000000030005ca8       0x3c NuttX/nuttx/sched/libsched.a(sched_addblocked.o)
                0x0000000030005ca8                nxsched_add_blocked
 .text.nxsched_remove_blocked
                0x0000000030005ce4       0x2c NuttX/nuttx/sched/libsched.a(sched_removeblocked.o)
                0x0000000030005ce4                nxsched_remove_blocked
 .text.nxsem_wait
                0x0000000030005d10       0x90 NuttX/nuttx/sched/libsched.a(sem_wait.o)
                0x0000000030005d10                nxsem_wait
 .text.nxsem_wait_uninterruptible
                0x0000000030005da0       0x10 NuttX/nuttx/sched/libsched.a(sem_wait.o)
                0x0000000030005da0                nxsem_wait_uninterruptible
 .text.sem_wait
                0x0000000030005db0       0x1c NuttX/nuttx/sched/libsched.a(sem_wait.o)
                0x0000000030005db0                sem_wait
 .text.nxsem_post
                0x0000000030005dcc       0x70 NuttX/nuttx/sched/libsched.a(sem_post.o)
                0x0000000030005dcc                nxsem_post
 .text.sem_post
                0x0000000030005e3c       0x1a NuttX/nuttx/sched/libsched.a(sem_post.o)
                0x0000000030005e3c                sem_post
 *fill*         0x0000000030005e56        0x2 ffecc2925d7d05c5
 .text.getpid   0x0000000030005e58       0x1c NuttX/nuttx/sched/libsched.a(task_getpid.o)
                0x0000000030005e58                getpid
 .text.wd_start
                0x0000000030005e74       0xac NuttX/nuttx/sched/libsched.a(wd_start.o)
                0x0000000030005e74                wd_start
 .text.wd_timer
                0x0000000030005f20       0x40 NuttX/nuttx/sched/libsched.a(wd_start.o)
                0x0000000030005f20                wd_timer
 .text.nxsched_add_prioritized
                0x0000000030005f60       0x58 NuttX/nuttx/sched/libsched.a(sched_addprioritized.o)
                0x0000000030005f60                nxsched_add_prioritized
 .text.clock_gettime
                0x0000000030005fb8       0xa0 NuttX/nuttx/sched/libsched.a(clock_gettime.o)
                0x0000000030005fb8                clock_gettime
 .text.clock_systime_timespec
                0x0000000030006058       0x3c NuttX/nuttx/sched/libsched.a(clock_systime_timespec.o)
                0x0000000030006058                clock_systime_timespec
 .text.clock_initialize
                0x0000000030006094        0x4 NuttX/nuttx/sched/libsched.a(clock_initialize.o)
                0x0000000030006094                clock_initialize
 .text.clock_timer
                0x0000000030006098       0x10 NuttX/nuttx/sched/libsched.a(clock_initialize.o)
                0x0000000030006098                clock_timer
 .text.binfmt_initialize
                0x00000000300060a8        0x2 NuttX/nuttx/binfmt/libbinfmt.a(binfmt_initialize.o)
                0x00000000300060a8                binfmt_initialize
 *fill*         0x00000000300060aa        0x2 ffecc2925d7d05c5
 .text.up_allocate_heap
                0x00000000300060ac       0x18 NuttX/nuttx/arch/arm/src/libarch.a(imxrt_allocateheap.o)
                0x00000000300060ac                up_allocate_heap
 .text.imxrt_dma_rxint
                0x00000000300060c4        0x6 NuttX/nuttx/arch/arm/src/libarch.a(imxrt_serial.o)
 .text.imxrt_send
                0x00000000300060ca        0x6 NuttX/nuttx/arch/arm/src/libarch.a(imxrt_serial.o)
 .text.imxrt_dma_txint
                0x00000000300060d0        0x2 NuttX/nuttx/arch/arm/src/libarch.a(imxrt_serial.o)
 .text.imxrt_txready
                0x00000000300060d2        0xa NuttX/nuttx/arch/arm/src/libarch.a(imxrt_serial.o)
 .text.imxrt_txempty
                0x00000000300060dc        0xa NuttX/nuttx/arch/arm/src/libarch.a(imxrt_serial.o)
 .text.imxrt_dma_txavailable
                0x00000000300060e6       0x1a NuttX/nuttx/arch/arm/src/libarch.a(imxrt_serial.o)
 .text.imxrt_dma_send
                0x0000000030006100       0x74 NuttX/nuttx/arch/arm/src/libarch.a(imxrt_serial.o)
 .text.imxrt_dma_txcallback
                0x0000000030006174       0x1c NuttX/nuttx/arch/arm/src/libarch.a(imxrt_serial.o)
 .text.imxrt_ioctl
                0x0000000030006190      0x1b0 NuttX/nuttx/arch/arm/src/libarch.a(imxrt_serial.o)
 .text.imxrt_detach
                0x0000000030006340       0x1c NuttX/nuttx/arch/arm/src/libarch.a(imxrt_serial.o)
 .text.imxrt_attach
                0x000000003000635c       0x24 NuttX/nuttx/arch/arm/src/libarch.a(imxrt_serial.o)
 .text.imxrt_dma_setup
                0x0000000030006380      0x14c NuttX/nuttx/arch/arm/src/libarch.a(imxrt_serial.o)
 .text.imxrt_rxflowcontrol
                0x00000000300064cc       0x16 NuttX/nuttx/arch/arm/src/libarch.a(imxrt_serial.o)
 *fill*         0x00000000300064e2        0x2 ffecc2925d7d05c5
 .text.imxrt_dma_receive
                0x00000000300064e4       0x78 NuttX/nuttx/arch/arm/src/libarch.a(imxrt_serial.o)
 .text.imxrt_dma_shutdown
                0x000000003000655c       0x44 NuttX/nuttx/arch/arm/src/libarch.a(imxrt_serial.o)
 .text.imxrt_dma_rxavailable
                0x00000000300065a0       0x30 NuttX/nuttx/arch/arm/src/libarch.a(imxrt_serial.o)
 .text.imxrt_dma_rxcallback
                0x00000000300065d0       0x26 NuttX/nuttx/arch/arm/src/libarch.a(imxrt_serial.o)
 *fill*         0x00000000300065f6        0x2 ffecc2925d7d05c5
 .text.imxrt_interrupt
                0x00000000300065f8       0xb0 NuttX/nuttx/arch/arm/src/libarch.a(imxrt_serial.o)
 .text.arm_serialinit
                0x00000000300066a8       0x24 NuttX/nuttx/arch/arm/src/libarch.a(imxrt_serial.o)
                0x00000000300066a8                arm_serialinit
 .text.up_putc  0x00000000300066cc        0x2 NuttX/nuttx/arch/arm/src/libarch.a(imxrt_serial.o)
                0x00000000300066cc                up_putc
 *fill*         0x00000000300066ce        0x2 ffecc2925d7d05c5
 .text.imxrt_xbar_connect
                0x00000000300066d0       0x68 NuttX/nuttx/arch/arm/src/libarch.a(imxrt_xbar.o)
                0x00000000300066d0                imxrt_xbar_connect
 .text.up_idle  0x0000000030006738        0x4 NuttX/nuttx/arch/arm/src/libarch.a(imxrt_idle.o)
                0x0000000030006738                up_idle
 .text.imxrt_timerisr
                0x000000003000673c        0xa NuttX/nuttx/arch/arm/src/libarch.a(imxrt_timerisr.o)
 *fill*         0x0000000030006746        0x2 ffecc2925d7d05c5
 .text.up_timer_initialize
                0x0000000030006748       0x34 NuttX/nuttx/arch/arm/src/libarch.a(imxrt_timerisr.o)
                0x0000000030006748                up_timer_initialize
 .text.imxrt_tcd_free
                0x000000003000677c       0x28 NuttX/nuttx/arch/arm/src/libarch.a(imxrt_edma.o)
 .text.imxrt_dmaterminate
                0x00000000300067a4       0x60 NuttX/nuttx/arch/arm/src/libarch.a(imxrt_edma.o)
 .text.imxrt_error_interrupt
                0x0000000030006804       0x4c NuttX/nuttx/arch/arm/src/libarch.a(imxrt_edma.o)
 .text.imxrt_dmach_interrupt
                0x0000000030006850       0x74 NuttX/nuttx/arch/arm/src/libarch.a(imxrt_edma.o)
 .text.imxrt_edma_interrupt
                0x00000000300068c4       0x54 NuttX/nuttx/arch/arm/src/libarch.a(imxrt_edma.o)
 .text.arm_dma_initialize
                0x0000000030006918      0x100 NuttX/nuttx/arch/arm/src/libarch.a(imxrt_edma.o)
                0x0000000030006918                arm_dma_initialize
 .text.imxrt_dmach_alloc
                0x0000000030006a18       0x7c NuttX/nuttx/arch/arm/src/libarch.a(imxrt_edma.o)
                0x0000000030006a18                imxrt_dmach_alloc
 .text.imxrt_dmach_free
                0x0000000030006a94       0x40 NuttX/nuttx/arch/arm/src/libarch.a(imxrt_edma.o)
                0x0000000030006a94                imxrt_dmach_free
 .text.imxrt_dmach_xfrsetup
                0x0000000030006ad4      0x218 NuttX/nuttx/arch/arm/src/libarch.a(imxrt_edma.o)
                0x0000000030006ad4                imxrt_dmach_xfrsetup
 .text.imxrt_dmach_start
                0x0000000030006cec       0x48 NuttX/nuttx/arch/arm/src/libarch.a(imxrt_edma.o)
                0x0000000030006cec                imxrt_dmach_start
 .text.imxrt_dmach_stop
                0x0000000030006d34       0x2c NuttX/nuttx/arch/arm/src/libarch.a(imxrt_edma.o)
                0x0000000030006d34                imxrt_dmach_stop
 .text.imxrt_dmach_getcount
                0x0000000030006d60       0x3c NuttX/nuttx/arch/arm/src/libarch.a(imxrt_edma.o)
                0x0000000030006d60                imxrt_dmach_getcount
 .text.imxrt_dmach_idle
                0x0000000030006d9c        0xc NuttX/nuttx/arch/arm/src/libarch.a(imxrt_edma.o)
                0x0000000030006d9c                imxrt_dmach_idle
 .text.arm_stackdump
                0x0000000030006da8       0x58 NuttX/nuttx/arch/arm/src/libarch.a(arm_assert.o)
 .text.arm_dump_stack
                0x0000000030006e00       0x94 NuttX/nuttx/arch/arm/src/libarch.a(arm_assert.o)
 .text.arm_dump_task
                0x0000000030006e94       0xd0 NuttX/nuttx/arch/arm/src/libarch.a(arm_assert.o)
 .text.up_assert
                0x0000000030006f64      0x208 NuttX/nuttx/arch/arm/src/libarch.a(arm_assert.o)
                0x0000000030006f64                up_assert
 .text.up_block_task
                0x000000003000716c       0x6c NuttX/nuttx/arch/arm/src/libarch.a(arm_blocktask.o)
                0x000000003000716c                up_block_task
 .text.up_create_stack
                0x00000000300071d8       0x4c NuttX/nuttx/arch/arm/src/libarch.a(arm_createstack.o)
                0x00000000300071d8                up_create_stack
 .text.up_exit  0x0000000030007224       0x20 NuttX/nuttx/arch/arm/src/libarch.a(arm_exit.o)
                0x0000000030007224                up_exit
 .text.arm_fullcontextrestore
                0x0000000030007244        0xc NuttX/nuttx/arch/arm/src/libarch.a(arm_fullcontextrestore.o)
                0x0000000030007244                arm_fullcontextrestore
 .text.up_initialize
                0x0000000030007250       0x34 NuttX/nuttx/arch/arm/src/libarch.a(arm_initialize.o)
                0x0000000030007250                up_initialize
 .text.modifyreg16
                0x0000000030007284       0x20 NuttX/nuttx/arch/arm/src/libarch.a(arm_modifyreg16.o)
                0x0000000030007284                modifyreg16
 .text.up_nputs
                0x00000000300072a4       0x1c NuttX/nuttx/arch/arm/src/libarch.a(arm_nputs.o)
                0x00000000300072a4                up_nputs
 .text.up_release_pending
                0x00000000300072c0       0x34 NuttX/nuttx/arch/arm/src/libarch.a(arm_releasepending.o)
                0x00000000300072c0                up_release_pending
 .text.up_release_stack
                0x00000000300072f4       0x24 NuttX/nuttx/arch/arm/src/libarch.a(arm_releasestack.o)
                0x00000000300072f4                up_release_stack
 .text.up_saveusercontext
                0x0000000030007318        0xc NuttX/nuttx/arch/arm/src/libarch.a(arm_saveusercontext.o)
                0x0000000030007318                up_saveusercontext
 .text.up_stack_frame
                0x0000000030007324       0x36 NuttX/nuttx/arch/arm/src/libarch.a(arm_stackframe.o)
                0x0000000030007324                up_stack_frame
 .text.arm_switchcontext
                0x000000003000735a       0x10 NuttX/nuttx/arch/arm/src/libarch.a(arm_switchcontext.o)
                0x000000003000735a                arm_switchcontext
 *fill*         0x000000003000736a        0x2 ffecc2925d7d05c5
 .text.up_unblock_task
                0x000000003000736c       0x50 NuttX/nuttx/arch/arm/src/libarch.a(arm_unblocktask.o)
                0x000000003000736c                up_unblock_task
 .text.up_use_stack
                0x00000000300073bc       0x2e NuttX/nuttx/arch/arm/src/libarch.a(arm_usestack.o)
                0x00000000300073bc                up_use_stack
 *fill*         0x00000000300073ea        0x2 ffecc2925d7d05c5
 .text.arm_stack_check
                0x00000000300073ec       0x2c NuttX/nuttx/arch/arm/src/libarch.a(arm_checkstack.o)
                0x00000000300073ec                arm_stack_check
 .text.arm_stack_color
                0x0000000030007418       0x40 NuttX/nuttx/arch/arm/src/libarch.a(arm_checkstack.o)
                0x0000000030007418                arm_stack_color
 .text.up_check_tcbstack
                0x0000000030007458        0x8 NuttX/nuttx/arch/arm/src/libarch.a(arm_checkstack.o)
                0x0000000030007458                up_check_tcbstack
 .text.up_check_intstack
                0x0000000030007460       0x30 NuttX/nuttx/arch/arm/src/libarch.a(arm_checkstack.o)
                0x0000000030007460                up_check_intstack
 .text.up_initial_state
                0x0000000030007490       0x7c NuttX/nuttx/arch/arm/src/libarch.a(arm_initialstate.o)
                0x0000000030007490                up_initial_state
 .text.up_schedule_sigaction
                0x000000003000750c       0x94 NuttX/nuttx/arch/arm/src/libarch.a(arm_schedulesigaction.o)
                0x000000003000750c                up_schedule_sigaction
 .text.arm_sigdeliver
                0x00000000300075a0       0x40 NuttX/nuttx/arch/arm/src/libarch.a(arm_sigdeliver.o)
                0x00000000300075a0                arm_sigdeliver
 .text.imxrt_rqdequeue
                0x00000000300075e0       0x14 NuttX/nuttx/arch/arm/src/libarch.a(imxrt_usbdev.o)
 .text.imxrt_reqcomplete
                0x00000000300075f4       0x30 NuttX/nuttx/arch/arm/src/libarch.a(imxrt_usbdev.o)
 .text.imxrt_epstall
                0x0000000030007624       0x60 NuttX/nuttx/arch/arm/src/libarch.a(imxrt_usbdev.o)
 .text.imxrt_allocep
                0x0000000030007684       0xa4 NuttX/nuttx/arch/arm/src/libarch.a(imxrt_usbdev.o)
 .text.imxrt_getframe
                0x0000000030007728       0x10 NuttX/nuttx/arch/arm/src/libarch.a(imxrt_usbdev.o)
 .text.imxrt_wakeup
                0x0000000030007738       0x24 NuttX/nuttx/arch/arm/src/libarch.a(imxrt_usbdev.o)
 .text.imxrt_selfpowered
                0x000000003000775c       0x18 NuttX/nuttx/arch/arm/src/libarch.a(imxrt_usbdev.o)
 .text.imxrt_pullup
                0x0000000030007774       0x2c NuttX/nuttx/arch/arm/src/libarch.a(imxrt_usbdev.o)
 .text.imxrt_writedtd
                0x00000000300077a0       0x54 NuttX/nuttx/arch/arm/src/libarch.a(imxrt_usbdev.o)
 .text.imxrt_queuedtd
                0x00000000300077f4       0x48 NuttX/nuttx/arch/arm/src/libarch.a(imxrt_usbdev.o)
 .text.imxrt_progressep
                0x000000003000783c       0x84 NuttX/nuttx/arch/arm/src/libarch.a(imxrt_usbdev.o)
 .text.imxrt_epsubmit
                0x00000000300078c0       0x68 NuttX/nuttx/arch/arm/src/libarch.a(imxrt_usbdev.o)
 .text.imxrt_ep0xfer
                0x0000000030007928       0x20 NuttX/nuttx/arch/arm/src/libarch.a(imxrt_usbdev.o)
 .text.imxrt_epfreebuffer
                0x0000000030007948        0x6 NuttX/nuttx/arch/arm/src/libarch.a(imxrt_usbdev.o)
 .text.imxrt_epfreereq
                0x000000003000794e        0xc NuttX/nuttx/arch/arm/src/libarch.a(imxrt_usbdev.o)
 .text.imxrt_epallocbuffer
                0x000000003000795a        0x6 NuttX/nuttx/arch/arm/src/libarch.a(imxrt_usbdev.o)
 .text.imxrt_epallocreq
                0x0000000030007960       0x1c NuttX/nuttx/arch/arm/src/libarch.a(imxrt_usbdev.o)
 .text.imxrt_epconfigure
                0x000000003000797c       0xd0 NuttX/nuttx/arch/arm/src/libarch.a(imxrt_usbdev.o)
 .text.imxrt_cancelrequests
                0x0000000030007a4c       0x50 NuttX/nuttx/arch/arm/src/libarch.a(imxrt_usbdev.o)
 .text.imxrt_epdisable
                0x0000000030007a9c       0x54 NuttX/nuttx/arch/arm/src/libarch.a(imxrt_usbdev.o)
 .text.imxrt_epcancel
                0x0000000030007af0       0x28 NuttX/nuttx/arch/arm/src/libarch.a(imxrt_usbdev.o)
 .text.imxrt_freeep
                0x0000000030007b18       0x24 NuttX/nuttx/arch/arm/src/libarch.a(imxrt_usbdev.o)
 .text.imxrt_ep0nak.isra.0.constprop.0
                0x0000000030007b3c       0x6c NuttX/nuttx/arch/arm/src/libarch.a(imxrt_usbdev.o)
 .text.imxrt_epcomplete.constprop.0
                0x0000000030007ba8       0xa8 NuttX/nuttx/arch/arm/src/libarch.a(imxrt_usbdev.o)
 .text.imxrt_dispatchrequest.constprop.0
                0x0000000030007c50       0x38 NuttX/nuttx/arch/arm/src/libarch.a(imxrt_usbdev.o)
 .text.imxrt_epfindbyaddr.constprop.0
                0x0000000030007c88       0x38 NuttX/nuttx/arch/arm/src/libarch.a(imxrt_usbdev.o)
 .text.imxrt_ep0complete.constprop.0
                0x0000000030007cc0       0xf8 NuttX/nuttx/arch/arm/src/libarch.a(imxrt_usbdev.o)
 .text.imxrt_usbreset.constprop.0
                0x0000000030007db8      0x148 NuttX/nuttx/arch/arm/src/libarch.a(imxrt_usbdev.o)
 .text.imxrt_usbinterrupt
                0x0000000030007f00      0x3ec NuttX/nuttx/arch/arm/src/libarch.a(imxrt_usbdev.o)
 .text.arm_usbinitialize
                0x00000000300082ec      0x13c NuttX/nuttx/arch/arm/src/libarch.a(imxrt_usbdev.o)
                0x00000000300082ec                arm_usbinitialize
 .text.usbdev_register
                0x0000000030008428       0x48 NuttX/nuttx/arch/arm/src/libarch.a(imxrt_usbdev.o)
                0x0000000030008428                usbdev_register
 .text.usbdev_unregister
                0x0000000030008470       0x28 NuttX/nuttx/arch/arm/src/libarch.a(imxrt_usbdev.o)
                0x0000000030008470                usbdev_unregister
 .text.umm_initialize
                0x0000000030008498       0x1c NuttX/nuttx/mm/libmm.a(umm_initialize.o)
                0x0000000030008498                umm_initialize
 .text.free     0x00000000300084b4       0x10 NuttX/nuttx/mm/libmm.a(umm_free.o)
                0x00000000300084b4                free
 .text.malloc   0x00000000300084c4       0x10 NuttX/nuttx/mm/libmm.a(umm_malloc.o)
                0x00000000300084c4                malloc
 .text.memalign
                0x00000000300084d4       0x10 NuttX/nuttx/mm/libmm.a(umm_memalign.o)
                0x00000000300084d4                memalign
 .text.zalloc   0x00000000300084e4       0x10 NuttX/nuttx/mm/libmm.a(umm_zalloc.o)
                0x00000000300084e4                zalloc
 .text.mm_addregion
                0x00000000300084f4       0x64 NuttX/nuttx/mm/libmm.a(mm_initialize.o)
                0x00000000300084f4                mm_addregion
 .text.mm_initialize
                0x0000000030008558       0x64 NuttX/nuttx/mm/libmm.a(mm_initialize.o)
                0x0000000030008558                mm_initialize
 .text.mm_seminitialize
                0x00000000300085bc        0x8 NuttX/nuttx/mm/libmm.a(mm_sem.o)
                0x00000000300085bc                mm_seminitialize
 .text.mm_takesemaphore
                0x00000000300085c4       0x58 NuttX/nuttx/mm/libmm.a(mm_sem.o)
                0x00000000300085c4                mm_takesemaphore
 .text.mm_givesemaphore
                0x000000003000861c       0x24 NuttX/nuttx/mm/libmm.a(mm_sem.o)
                0x000000003000861c                mm_givesemaphore
 .text.mm_addfreechunk
                0x0000000030008640       0x50 NuttX/nuttx/mm/libmm.a(mm_addfreechunk.o)
                0x0000000030008640                mm_addfreechunk
 .text.mm_size2ndx
                0x0000000030008690       0x1a NuttX/nuttx/mm/libmm.a(mm_size2ndx.o)
                0x0000000030008690                mm_size2ndx
 *fill*         0x00000000300086aa        0x2 ffecc2925d7d05c5
 .text.mm_free  0x00000000300086ac       0xf0 NuttX/nuttx/mm/libmm.a(mm_free.o)
                0x00000000300086ac                mm_free
 .text.mm_malloc
                0x000000003000879c       0xe0 NuttX/nuttx/mm/libmm.a(mm_malloc.o)
                0x000000003000879c                mm_malloc
 .text.mm_memalign
                0x000000003000887c       0xe8 NuttX/nuttx/mm/libmm.a(mm_memalign.o)
                0x000000003000887c                mm_memalign
 .text.mm_zalloc
                0x0000000030008964       0x1a NuttX/nuttx/mm/libmm.a(mm_zalloc.o)
                0x0000000030008964                mm_zalloc
 .text.mm_heapmember
                0x000000003000897e       0x16 NuttX/nuttx/mm/libmm.a(mm_heapmember.o)
                0x000000003000897e                mm_heapmember
 .text.mm_shrinkchunk
                0x0000000030008994       0x7c NuttX/nuttx/mm/libmm.a(mm_shrinkchunk.o)
                0x0000000030008994                mm_shrinkchunk
 .text.__errno  0x0000000030008a10       0x14 NuttX/nuttx/libs/libc/libc.a(lib_errno.o)
                0x0000000030008a10                __errno
 .text.pthread_exit
                0x0000000030008a24        0xe NuttX/nuttx/libs/libc/libc.a(pthread_exit.o)
                0x0000000030008a24                pthread_exit
 .text.sq_addlast
                0x0000000030008a32       0x14 NuttX/nuttx/libs/libc/libc.a(sq_addlast.o)
                0x0000000030008a32                sq_addlast
 .text.sq_addfirst
                0x0000000030008a46        0xc NuttX/nuttx/libs/libc/libc.a(sq_addfirst.o)
                0x0000000030008a46                sq_addfirst
 .text.sq_addafter
                0x0000000030008a52       0x1c NuttX/nuttx/libs/libc/libc.a(sq_addafter.o)
                0x0000000030008a52                sq_addafter
 .text.sq_rem   0x0000000030008a6e       0x2c NuttX/nuttx/libs/libc/libc.a(sq_rem.o)
                0x0000000030008a6e                sq_rem
 .text.sq_remfirst
                0x0000000030008a9a       0x14 NuttX/nuttx/libs/libc/libc.a(sq_remfirst.o)
                0x0000000030008a9a                sq_remfirst
 .text.sq_remafter
                0x0000000030008aae       0x20 NuttX/nuttx/libs/libc/libc.a(sq_remafter.o)
                0x0000000030008aae                sq_remafter
 .text.dq_addlast
                0x0000000030008ace       0x16 NuttX/nuttx/libs/libc/libc.a(dq_addlast.o)
                0x0000000030008ace                dq_addlast
 .text.dq_addfirst
                0x0000000030008ae4       0x16 NuttX/nuttx/libs/libc/libc.a(dq_addfirst.o)
                0x0000000030008ae4                dq_addfirst
 .text.dq_rem   0x0000000030008afa       0x1c NuttX/nuttx/libs/libc/libc.a(dq_rem.o)
                0x0000000030008afa                dq_rem
 *fill*         0x0000000030008b16        0x2 ffecc2925d7d05c5
 .text.clock_time2ticks
                0x0000000030008b18       0x38 NuttX/nuttx/libs/libc/libc.a(clock_time2ticks.o)
                0x0000000030008b18                clock_time2ticks
 .text.nxtask_startup
                0x0000000030008b50       0x28 NuttX/nuttx/libs/libc/libc.a(task_startup.o)
                0x0000000030008b50                nxtask_startup
 .text.nxsem_init
                0x0000000030008b78       0x16 NuttX/nuttx/libs/libc/libc.a(sem_init.o)
                0x0000000030008b78                nxsem_init
 .text.sem_init
                0x0000000030008b8e       0x20 NuttX/nuttx/libs/libc/libc.a(sem_init.o)
                0x0000000030008b8e                sem_init
 .text.nxsem_get_value
                0x0000000030008bae       0x14 NuttX/nuttx/libs/libc/libc.a(sem_getvalue.o)
                0x0000000030008bae                nxsem_get_value
 .text.sem_getvalue
                0x0000000030008bc2       0x1a NuttX/nuttx/libs/libc/libc.a(sem_getvalue.o)
                0x0000000030008bc2                sem_getvalue
 .text.nxsem_set_protocol
                0x0000000030008bdc       0x24 NuttX/nuttx/libs/libc/libc.a(sem_setprotocol.o)
                0x0000000030008bdc                nxsem_set_protocol
 .text.nxsig_addset
                0x0000000030008c00       0x1a NuttX/nuttx/libs/libc/libc.a(sig_addset.o)
                0x0000000030008c00                nxsig_addset
 .text.nxsig_delset
                0x0000000030008c1a       0x1a NuttX/nuttx/libs/libc/libc.a(sig_delset.o)
                0x0000000030008c1a                nxsig_delset
 .text.sigemptyset
                0x0000000030008c34        0x8 NuttX/nuttx/libs/libc/libc.a(sig_emptyset.o)
                0x0000000030008c34                sigemptyset
 .text.nxsig_ismember
                0x0000000030008c3c       0x14 NuttX/nuttx/libs/libc/libc.a(sig_ismember.o)
                0x0000000030008c3c                nxsig_ismember
 .text.snprintf
                0x0000000030008c50       0x30 NuttX/nuttx/libs/libc/libc.a(lib_snprintf.o)
                0x0000000030008c50                snprintf
 .text.lib_vsprintf
                0x0000000030008c80       0x14 NuttX/nuttx/libs/libc/libc.a(lib_libvsprintf.o)
                0x0000000030008c80                lib_vsprintf
 .text.vsprintf_internal.constprop.0
                0x0000000030008c94      0x830 NuttX/nuttx/libs/libc/libc.a(lib_libvsprintf.o)
 .text.__ultoa_invert
                0x00000000300094c4       0x56 NuttX/nuttx/libs/libc/libc.a(lib_ultoa_invert.o)
                0x00000000300094c4                __ultoa_invert
 *fill*         0x000000003000951a        0x6 ffecc2925d7d05c5
 .text.__dtoa_engine
                0x0000000030009520      0x1a4 NuttX/nuttx/libs/libc/libc.a(lib_dtoa_engine.o)
                0x0000000030009520                __dtoa_engine
 .text.lib_flushall
                0x00000000300096c4       0x58 NuttX/nuttx/libs/libc/libc.a(lib_libflushall.o)
                0x00000000300096c4                lib_flushall
 .text.lib_fflush
                0x000000003000971c       0x90 NuttX/nuttx/libs/libc/libc.a(lib_libfflush.o)
                0x000000003000971c                lib_fflush
 .text.nxmutex_destroy
                0x00000000300097ac       0x14 NuttX/nuttx/libs/libc/libc.a(lib_libstream.o)
 .text.lib_stream_initialize
                0x00000000300097c0       0x50 NuttX/nuttx/libs/libc/libc.a(lib_libstream.o)
                0x00000000300097c0                lib_stream_initialize
 .text.lib_stream_release
                0x0000000030009810       0x60 NuttX/nuttx/libs/libc/libc.a(lib_libstream.o)
                0x0000000030009810                lib_stream_release
 .text.lib_stream_semtake
                0x0000000030009870       0x30 NuttX/nuttx/libs/libc/libc.a(lib_libstream.o)
                0x0000000030009870                lib_stream_semtake
 .text.lib_stream_semgive
                0x00000000300098a0        0x4 NuttX/nuttx/libs/libc/libc.a(lib_libstream.o)
                0x00000000300098a0                lib_stream_semgive
 .text.lib_sem_initialize
                0x00000000300098a4       0x22 NuttX/nuttx/libs/libc/libc.a(lib_libfilesem.o)
                0x00000000300098a4                lib_sem_initialize
 *fill*         0x00000000300098c6        0x2 ffecc2925d7d05c5
 .text.lib_take_semaphore
                0x00000000300098c8       0x54 NuttX/nuttx/libs/libc/libc.a(lib_libfilesem.o)
                0x00000000300098c8                lib_take_semaphore
 .text.lib_give_semaphore
                0x000000003000991c       0x50 NuttX/nuttx/libs/libc/libc.a(lib_libfilesem.o)
                0x000000003000991c                lib_give_semaphore
 .text.memoutstream_puts
                0x000000003000996c       0x3c NuttX/nuttx/libs/libc/libc.a(lib_memoutstream.o)
 .text.memoutstream_putc
                0x00000000300099a8       0x16 NuttX/nuttx/libs/libc/libc.a(lib_memoutstream.o)
 *fill*         0x00000000300099be        0x2 ffecc2925d7d05c5
 .text.lib_memoutstream
                0x00000000300099c0       0x28 NuttX/nuttx/libs/libc/libc.a(lib_memoutstream.o)
                0x00000000300099c0                lib_memoutstream
 .text.nulloutstream_putc
                0x00000000300099e8       0x18 NuttX/nuttx/libs/libc/libc.a(lib_nulloutstream.o)
 .text.lib_nulloutstream
                0x0000000030009a00       0x18 NuttX/nuttx/libs/libc/libc.a(lib_nulloutstream.o)
                0x0000000030009a00                lib_nulloutstream
 .text.lib_noflush
                0x0000000030009a18        0x4 NuttX/nuttx/libs/libc/libc.a(lib_libnoflush.o)
                0x0000000030009a18                lib_noflush
 .text.memset   0x0000000030009a1c       0x8e NuttX/nuttx/libs/libc/libc.a(lib_memset.o)
                0x0000000030009a1c                memset
 .text.strcpy   0x0000000030009aaa       0x10 NuttX/nuttx/libs/libc/libc.a(lib_strcpy.o)
                0x0000000030009aaa                strcpy
 .text.strlcpy  0x0000000030009aba       0x38 NuttX/nuttx/libs/libc/libc.a(lib_strlcpy.o)
                0x0000000030009aba                strlcpy
 .text.strlen   0x0000000030009af2       0x10 NuttX/nuttx/libs/libc/libc.a(lib_strlen.o)
                0x0000000030009af2                strlen
 .text.strncpy  0x0000000030009b02       0x24 NuttX/nuttx/libs/libc/libc.a(lib_strncpy.o)
                0x0000000030009b02                strncpy
 .text.strnlen  0x0000000030009b26       0x1a NuttX/nuttx/libs/libc/libc.a(lib_strnlen.o)
                0x0000000030009b26                strnlen
 .text.cfsetspeed
                0x0000000030009b40       0x50 NuttX/nuttx/libs/libc/libc.a(lib_cfspeed.o)
                0x0000000030009b40                cfsetspeed
 .text.cfgetspeed
                0x0000000030009b90       0x14 NuttX/nuttx/libs/libc/libc.a(lib_cfspeed.o)
                0x0000000030009b90                cfgetspeed
 .text.tls_get_info
                0x0000000030009ba4       0x18 NuttX/nuttx/libs/libc/libc.a(tls_getinfo.o)
                0x0000000030009ba4                tls_get_info
 .text.tls_destruct
                0x0000000030009bbc       0x48 NuttX/nuttx/libs/libc/libc.a(tls_destruct.o)
                0x0000000030009bbc                tls_destruct
 .text.lib_cxx_initialize
                0x0000000030009c04       0x44 NuttX/nuttx/libs/libc/libc.a(lib_cxx_initialize.o)
                0x0000000030009c04                lib_cxx_initialize
 .text.task_get_info
                0x0000000030009c48        0xa NuttX/nuttx/libs/libc/libc.a(task_getinfo.o)
                0x0000000030009c48                task_get_info
 .text.board_late_initialize
                0x0000000030009c52        0x8 boards/px4/fmu-v6xrt/src/libdrivers_board.a(bootloader_main.c.obj)
                0x0000000030009c52                board_late_initialize
 .text.board_timerhook
                0x0000000030009c5a        0x4 boards/px4/fmu-v6xrt/src/libdrivers_board.a(bootloader_main.c.obj)
                0x0000000030009c5a                board_timerhook
 .text.drivers_initialize
                0x0000000030009c5e        0xe NuttX/nuttx/drivers/libdrivers.a(drivers_initialize.o)
                0x0000000030009c5e                drivers_initialize
 .text.devnull_read
                0x0000000030009c6c        0x4 NuttX/nuttx/drivers/libdrivers.a(dev_null.o)
 .text.devnull_write
                0x0000000030009c70        0x4 NuttX/nuttx/drivers/libdrivers.a(dev_null.o)
 .text.devnull_poll
                0x0000000030009c74       0x1c NuttX/nuttx/drivers/libdrivers.a(dev_null.o)
 .text.devnull_register
                0x0000000030009c90       0x18 NuttX/nuttx/drivers/libdrivers.a(dev_null.o)
                0x0000000030009c90                devnull_register
 .text.uart_putc
                0x0000000030009ca8       0x22 NuttX/nuttx/drivers/libdrivers.a(serial.o)
 .text.uart_putxmitchar
                0x0000000030009cca       0xaa NuttX/nuttx/drivers/libdrivers.a(serial.o)
 .text.uart_read
                0x0000000030009d74      0x1a2 NuttX/nuttx/drivers/libdrivers.a(serial.o)
 .text.uart_open
                0x0000000030009f16       0x92 NuttX/nuttx/drivers/libdrivers.a(serial.o)
 .text.uart_pollnotify
                0x0000000030009fa8       0x3e NuttX/nuttx/drivers/libdrivers.a(serial.o)
 .text.uart_poll
                0x0000000030009fe6       0xda NuttX/nuttx/drivers/libdrivers.a(serial.o)
 .text.uart_write
                0x000000003000a0c0      0x128 NuttX/nuttx/drivers/libdrivers.a(serial.o)
 .text.uart_tcdrain.isra.0
                0x000000003000a1e8       0xc0 NuttX/nuttx/drivers/libdrivers.a(serial.o)
 .text.uart_register
                0x000000003000a2a8       0x8c NuttX/nuttx/drivers/libdrivers.a(serial.o)
                0x000000003000a2a8                uart_register
 .text.uart_datareceived
                0x000000003000a334       0x20 NuttX/nuttx/drivers/libdrivers.a(serial.o)
                0x000000003000a334                uart_datareceived
 .text.uart_datasent
                0x000000003000a354       0x20 NuttX/nuttx/drivers/libdrivers.a(serial.o)
                0x000000003000a354                uart_datasent
 .text.uart_ioctl
                0x000000003000a374      0x16a NuttX/nuttx/drivers/libdrivers.a(serial.o)
 .text.uart_connected
                0x000000003000a4de       0x44 NuttX/nuttx/drivers/libdrivers.a(serial.o)
                0x000000003000a4de                uart_connected
 .text.uart_reset_sem
                0x000000003000a522       0x38 NuttX/nuttx/drivers/libdrivers.a(serial.o)
                0x000000003000a522                uart_reset_sem
 .text.uart_close
                0x000000003000a55a       0x74 NuttX/nuttx/drivers/libdrivers.a(serial.o)
 .text.uart_xmitchars
                0x000000003000a5ce       0x6c NuttX/nuttx/drivers/libdrivers.a(serial_io.o)
                0x000000003000a5ce                uart_xmitchars
 .text.uart_recvchars
                0x000000003000a63a       0x80 NuttX/nuttx/drivers/libdrivers.a(serial_io.o)
                0x000000003000a63a                uart_recvchars
 .text.uart_xmitchars_dma
                0x000000003000a6ba       0x58 NuttX/nuttx/drivers/libdrivers.a(serial_dma.o)
                0x000000003000a6ba                uart_xmitchars_dma
 .text.uart_xmitchars_done
                0x000000003000a712       0x40 NuttX/nuttx/drivers/libdrivers.a(serial_dma.o)
                0x000000003000a712                uart_xmitchars_done
 *fill*         0x000000003000a752        0x2 ffecc2925d7d05c5
 .text.syslog_flush
                0x000000003000a754       0x18 NuttX/nuttx/drivers/libdrivers.a(syslog_flush.o)
                0x000000003000a754                syslog_flush
 .text.syslog_initialize
                0x000000003000a76c        0x4 NuttX/nuttx/drivers/libdrivers.a(syslog_initialize.o)
                0x000000003000a76c                syslog_initialize
 .text.fs_initialize
                0x000000003000a770        0x4 NuttX/nuttx/fs/libfs.a(fs_initialize.o)
                0x000000003000a770                fs_initialize
 .text.files_extend
                0x000000003000a774       0x74 NuttX/nuttx/fs/libfs.a(fs_files.o)
 .text.files_initlist
                0x000000003000a7e8       0x1c NuttX/nuttx/fs/libfs.a(fs_files.o)
                0x000000003000a7e8                files_initlist
 .text.files_releaselist
                0x000000003000a804       0x48 NuttX/nuttx/fs/libfs.a(fs_files.o)
                0x000000003000a804                files_releaselist
 .text.files_allocate
                0x000000003000a84c      0x108 NuttX/nuttx/fs/libfs.a(fs_files.o)
                0x000000003000a84c                files_allocate
 .text.fs_getfilep
                0x000000003000a954       0x6c NuttX/nuttx/fs/libfs.a(fs_files.o)
                0x000000003000a954                fs_getfilep
 .text.nx_close
                0x000000003000a9c0       0x74 NuttX/nuttx/fs/libfs.a(fs_files.o)
                0x000000003000a9c0                nx_close
 .text.close    0x000000003000aa34       0x1a NuttX/nuttx/fs/libfs.a(fs_files.o)
                0x000000003000aa34                close
 .text.inode_initialize
                0x000000003000aa4e        0x4 NuttX/nuttx/fs/libfs.a(fs_inode.o)
                0x000000003000aa4e                inode_initialize
 *fill*         0x000000003000aa52        0x2 ffecc2925d7d05c5
 .text.inode_semtake
                0x000000003000aa54       0x5c NuttX/nuttx/fs/libfs.a(fs_inode.o)
                0x000000003000aa54                inode_semtake
 .text.inode_semgive
                0x000000003000aab0       0x5c NuttX/nuttx/fs/libfs.a(fs_inode.o)
                0x000000003000aab0                inode_semgive
 .text.inode_alloc.isra.0
                0x000000003000ab0c       0x3c NuttX/nuttx/fs/libfs.a(fs_inodereserve.o)
 .text.inode_root_reserve
                0x000000003000ab48       0x18 NuttX/nuttx/fs/libfs.a(fs_inodereserve.o)
                0x000000003000ab48                inode_root_reserve
 .text.inode_reserve
                0x000000003000ab60       0xc0 NuttX/nuttx/fs/libfs.a(fs_inodereserve.o)
                0x000000003000ab60                inode_reserve
 .text.inode_nextname
                0x000000003000ac20       0x1c NuttX/nuttx/fs/libfs.a(fs_inodesearch.o)
                0x000000003000ac20                inode_nextname
 .text.inode_search
                0x000000003000ac3c       0xd0 NuttX/nuttx/fs/libfs.a(fs_inodesearch.o)
                0x000000003000ac3c                inode_search
 .text.file_close
                0x000000003000ad0c       0x3c NuttX/nuttx/fs/libfs.a(fs_close.o)
                0x000000003000ad0c                file_close
 .text.file_write
                0x000000003000ad48       0x2a NuttX/nuttx/fs/libfs.a(fs_write.o)
                0x000000003000ad48                file_write
 .text.nx_write
                0x000000003000ad72       0x26 NuttX/nuttx/fs/libfs.a(fs_write.o)
                0x000000003000ad72                nx_write
 .text.write    0x000000003000ad98       0x1a NuttX/nuttx/fs/libfs.a(fs_write.o)
                0x000000003000ad98                write
 *fill*         0x000000003000adb2        0x2 ffecc2925d7d05c5
 .text.fs_fdopen
                0x000000003000adb4       0xe8 NuttX/nuttx/fs/libfs.a(fs_fdopen.o)
                0x000000003000adb4                fs_fdopen
 .text.register_driver
                0x000000003000ae9c       0x40 NuttX/nuttx/fs/libfs.a(fs_registerdriver.o)
                0x000000003000ae9c                register_driver
 .text.inode_addref
                0x000000003000aedc       0x20 NuttX/nuttx/fs/libfs.a(fs_inodeaddref.o)
                0x000000003000aedc                inode_addref
 .text.inode_release
                0x000000003000aefc       0x54 NuttX/nuttx/fs/libfs.a(fs_inoderelease.o)
                0x000000003000aefc                inode_release
 .text.inode_checkflags
                0x000000003000af50       0x38 NuttX/nuttx/fs/libfs.a(fs_open.o)
                0x000000003000af50                inode_checkflags
 .text.file_vopen
                0x000000003000af88       0xe0 NuttX/nuttx/fs/libfs.a(fs_open.o)
 .text.nx_vopen
                0x000000003000b068       0x40 NuttX/nuttx/fs/libfs.a(fs_open.o)
 .text.open     0x000000003000b0a8       0x2c NuttX/nuttx/fs/libfs.a(fs_open.o)
                0x000000003000b0a8                open
 .text.dir_ioctl
                0x000000003000b0d4       0x1c NuttX/nuttx/fs/libfs.a(fs_dir.o)
 .text.dir_read
                0x000000003000b0f0       0xc2 NuttX/nuttx/fs/libfs.a(fs_dir.o)
 .text.dir_close
                0x000000003000b1b2       0x46 NuttX/nuttx/fs/libfs.a(fs_dir.o)
 .text.dir_seek
                0x000000003000b1f8       0xae NuttX/nuttx/fs/libfs.a(fs_dir.o)
 *fill*         0x000000003000b2a6        0x2 ffecc2925d7d05c5
 .text.dir_allocate
                0x000000003000b2a8       0x70 NuttX/nuttx/fs/libfs.a(fs_dir.o)
                0x000000003000b2a8                dir_allocate
 .text.dir_open
                0x000000003000b318        0x8 NuttX/nuttx/fs/libfs.a(fs_dir.o)
 .text.inode_find
                0x000000003000b320       0x34 NuttX/nuttx/fs/libfs.a(fs_inodefind.o)
                0x000000003000b320                inode_find
 .text.inode_free
                0x000000003000b354       0x1e NuttX/nuttx/fs/libfs.a(fs_inodefree.o)
                0x000000003000b354                inode_free
 *fill*         0x000000003000b372        0x2 ffecc2925d7d05c5
 .text.nx_pthread_exit
                0x000000003000b374       0x5c NuttX/nuttx/sched/libsched.a(pthread_exit.o)
                0x000000003000b374                nx_pthread_exit
 .text.pthread_destroyjoin
                0x000000003000b3d0       0x48 NuttX/nuttx/sched/libsched.a(pthread_completejoin.o)
                0x000000003000b3d0                pthread_destroyjoin
 .text.pthread_completejoin
                0x000000003000b418       0x9c NuttX/nuttx/sched/libsched.a(pthread_completejoin.o)
                0x000000003000b418                pthread_completejoin
 .text.pthread_findjoininfo
                0x000000003000b4b4       0x20 NuttX/nuttx/sched/libsched.a(pthread_findjoininfo.o)
                0x000000003000b4b4                pthread_findjoininfo
 .text.nxsched_get_files
                0x000000003000b4d4       0x10 NuttX/nuttx/sched/libsched.a(sched_getfiles.o)
                0x000000003000b4d4                nxsched_get_files
 .text.nxsched_add_readytorun
                0x000000003000b4e4       0x60 NuttX/nuttx/sched/libsched.a(sched_addreadytorun.o)
                0x000000003000b4e4                nxsched_add_readytorun
 .text.nxsched_remove_readytorun
                0x000000003000b544       0x38 NuttX/nuttx/sched/libsched.a(sched_removereadytorun.o)
                0x000000003000b544                nxsched_remove_readytorun
 .text.nxsched_merge_pending
                0x000000003000b57c       0x68 NuttX/nuttx/sched/libsched.a(sched_mergepending.o)
                0x000000003000b57c                nxsched_merge_pending
 .text.nxsched_foreach
                0x000000003000b5e4       0x44 NuttX/nuttx/sched/libsched.a(sched_foreach.o)
                0x000000003000b5e4                nxsched_foreach
 .text.nxsched_self
                0x000000003000b628        0xc NuttX/nuttx/sched/libsched.a(sched_self.o)
                0x000000003000b628                nxsched_self
 .text.nxsched_get_stackinfo
                0x000000003000b634       0x54 NuttX/nuttx/sched/libsched.a(sched_get_stackinfo.o)
                0x000000003000b634                nxsched_get_stackinfo
 .text.nxsched_process_timer
                0x000000003000b688       0x1c NuttX/nuttx/sched/libsched.a(sched_processtimer.o)
                0x000000003000b688                nxsched_process_timer
 .text.nxsem_reset
                0x000000003000b6a4       0x58 NuttX/nuttx/sched/libsched.a(sem_reset.o)
                0x000000003000b6a4                nxsem_reset
 .text.nxsig_nanosleep
                0x000000003000b6fc       0x88 NuttX/nuttx/sched/libsched.a(sig_nanosleep.o)
                0x000000003000b6fc                nxsig_nanosleep
 .text.nxsig_usleep
                0x000000003000b784       0x2c NuttX/nuttx/sched/libsched.a(sig_usleep.o)
                0x000000003000b784                nxsig_usleep
 .text.nxtask_exit
                0x000000003000b7b0       0x48 NuttX/nuttx/sched/libsched.a(task_exit.o)
                0x000000003000b7b0                nxtask_exit
 .text.task_getgroup
                0x000000003000b7f8        0xc NuttX/nuttx/sched/libsched.a(task_getgroup.o)
                0x000000003000b7f8                task_getgroup
 .text.nxtask_terminate
                0x000000003000b804       0x64 NuttX/nuttx/sched/libsched.a(task_terminate.o)
                0x000000003000b804                nxtask_terminate
 .text.gettid   0x000000003000b868       0x1c NuttX/nuttx/sched/libsched.a(task_gettid.o)
                0x000000003000b868                gettid
 .text.nxsig_timeout
                0x000000003000b884       0x1e NuttX/nuttx/sched/libsched.a(sig_timedwait.o)
 *fill*         0x000000003000b8a2        0x2 ffecc2925d7d05c5
 .text.nxsig_timedwait
                0x000000003000b8a4      0x148 NuttX/nuttx/sched/libsched.a(sig_timedwait.o)
                0x000000003000b8a4                nxsig_timedwait
 .text.sercon_main
                0x000000003000b9ec       0x60 NuttX/apps/libapps.a(cdcacm_main.c.home.pxlabs.PX4-Autopilot.platforms.nuttx.NuttX.apps.system.cdcacm.o)
                0x000000003000b9ec                sercon_main
 .text.realloc  0x000000003000ba4c       0x10 NuttX/nuttx/mm/libmm.a(umm_realloc.o)
                0x000000003000ba4c                realloc
 .text.mm_realloc
                0x000000003000ba5c      0x1e4 NuttX/nuttx/mm/libmm.a(mm_realloc.o)
                0x000000003000ba5c                mm_realloc
 .text.getumask
                0x000000003000bc40        0xa NuttX/nuttx/libs/libc/libc.a(lib_umask.o)
                0x000000003000bc40                getumask
 *fill*         0x000000003000bc4a        0x2 ffecc2925d7d05c5
 .text.clock_ticks2time
                0x000000003000bc4c       0x1c NuttX/nuttx/libs/libc/libc.a(clock_ticks2time.o)
                0x000000003000bc4c                clock_ticks2time
 .text.printf   0x000000003000bc68       0x26 NuttX/nuttx/libs/libc/libc.a(lib_printf.o)
                0x000000003000bc68                printf
 .text.asprintf
                0x000000003000bc8e       0x1a NuttX/nuttx/libs/libc/libc.a(lib_asprintf.o)
                0x000000003000bc8e                asprintf
 .text.vasprintf
                0x000000003000bca8       0x6c NuttX/nuttx/libs/libc/libc.a(lib_vasprintf.o)
                0x000000003000bca8                vasprintf
 .text.vfprintf
                0x000000003000bd14       0x30 NuttX/nuttx/libs/libc/libc.a(lib_vfprintf.o)
                0x000000003000bd14                vfprintf
 .text.stdoutstream_flush
                0x000000003000bd44       0x20 NuttX/nuttx/libs/libc/libc.a(lib_stdoutstream.o)
 .text.stdoutstream_putc
                0x000000003000bd64       0x38 NuttX/nuttx/libs/libc/libc.a(lib_stdoutstream.o)
 .text.lib_stdoutstream
                0x000000003000bd9c       0x34 NuttX/nuttx/libs/libc/libc.a(lib_stdoutstream.o)
                0x000000003000bd9c                lib_stdoutstream
 .text.strdup   0x000000003000bdd0       0x1e NuttX/nuttx/libs/libc/libc.a(lib_strdup.o)
                0x000000003000bdd0                strdup
 .text.fputc    0x000000003000bdee       0x3e NuttX/nuttx/libs/libc/libc.a(lib_fputc.o)
                0x000000003000bdee                fputc
 .text.lib_fwrite
                0x000000003000be2c       0xf0 NuttX/nuttx/libs/libc/libc.a(lib_libfwrite.o)
                0x000000003000be2c                lib_fwrite
 .text.lib_rdflush
                0x000000003000bf1c       0x5a NuttX/nuttx/libs/libc/libc.a(lib_rdflush.o)
                0x000000003000bf1c                lib_rdflush
 .text.fseek    0x000000003000bf76        0x4 NuttX/nuttx/libs/libc/libc.a(lib_fseek.o)
                0x000000003000bf76                fseek
 .text.fseeko   0x000000003000bf7a       0x46 NuttX/nuttx/libs/libc/libc.a(lib_fseeko.o)
                0x000000003000bf7a                fseeko
 .text.lib_wrflush
                0x000000003000bfc0       0x20 NuttX/nuttx/libs/libc/libc.a(lib_wrflush.o)
                0x000000003000bfc0                lib_wrflush
 .text.cinit    0x000000003000bfe0       0x12 platforms/nuttx/src/bootloader/common/libbootloader.a(bl.c.obj)
                0x000000003000bfe0                cinit
 .text.cfini    0x000000003000bff2        0xe platforms/nuttx/src/bootloader/common/libbootloader.a(bl.c.obj)
                0x000000003000bff2                cfini
 .text.cin      0x000000003000c000       0x48 platforms/nuttx/src/bootloader/common/libbootloader.a(bl.c.obj)
                0x000000003000c000                cin
 .text.cin_wait
                0x000000003000c048       0x2c platforms/nuttx/src/bootloader/common/libbootloader.a(bl.c.obj)
 .text.wait_for_eoc
                0x000000003000c074       0x10 platforms/nuttx/src/bootloader/common/libbootloader.a(bl.c.obj)
 .text.cout     0x000000003000c084       0x2c platforms/nuttx/src/bootloader/common/libbootloader.a(bl.c.obj)
                0x000000003000c084                cout
 .text.jump_to_app
                0x000000003000c0b0       0x70 platforms/nuttx/src/bootloader/common/libbootloader.a(bl.c.obj)
                0x000000003000c0b0                jump_to_app
 .text.sys_tick_handler
                0x000000003000c120       0x3c platforms/nuttx/src/bootloader/common/libbootloader.a(bl.c.obj)
                0x000000003000c120                sys_tick_handler
 .text.delay    0x000000003000c15c       0x10 platforms/nuttx/src/bootloader/common/libbootloader.a(bl.c.obj)
                0x000000003000c15c                delay
 .text.bootloader
                0x000000003000c16c      0x5d8 platforms/nuttx/src/bootloader/common/libbootloader.a(bl.c.obj)
                0x000000003000c16c                bootloader
 .text.usb_cinit
                0x000000003000c744       0x54 platforms/nuttx/src/bootloader/common/lib/libbootloader_lib.a(cdcacm.c.obj)
                0x000000003000c744                usb_cinit
 .text.usb_cfini
                0x000000003000c798       0x18 platforms/nuttx/src/bootloader/common/lib/libbootloader_lib.a(cdcacm.c.obj)
                0x000000003000c798                usb_cfini
 .text.usb_cin  0x000000003000c7b0       0x4c platforms/nuttx/src/bootloader/common/lib/libbootloader_lib.a(cdcacm.c.obj)
                0x000000003000c7b0                usb_cin
 .text.usb_cout
                0x000000003000c7fc       0x10 platforms/nuttx/src/bootloader/common/lib/libbootloader_lib.a(cdcacm.c.obj)
                0x000000003000c7fc                usb_cout
 .text.uart_cinit
                0x000000003000c80c       0x8c platforms/nuttx/src/bootloader/common/lib/libbootloader_lib.a(uart.c.obj)
                0x000000003000c80c                uart_cinit
 .text.uart_cfini
                0x000000003000c898       0x18 platforms/nuttx/src/bootloader/common/lib/libbootloader_lib.a(uart.c.obj)
                0x000000003000c898                uart_cfini
 .text.uart_cin
                0x000000003000c8b0       0x2c platforms/nuttx/src/bootloader/common/lib/libbootloader_lib.a(uart.c.obj)
                0x000000003000c8b0                uart_cin
 .text.uart_cout
                0x000000003000c8dc       0x34 platforms/nuttx/src/bootloader/common/lib/libbootloader_lib.a(uart.c.obj)
                0x000000003000c8dc                uart_cout
 .text.boardctl
                0x000000003000c910       0x90 NuttX/nuttx/boards/libboards.a(boardctl.o)
                0x000000003000c910                boardctl
 .text.cdcacm_allocreq
                0x000000003000c9a0       0x32 NuttX/nuttx/drivers/libdrivers.a(cdcacm.o)
 .text.cdcacm_ep0incomplete
                0x000000003000c9d2        0x2 NuttX/nuttx/drivers/libdrivers.a(cdcacm.o)
 .text.cdcuart_setup
                0x000000003000c9d4       0x1c NuttX/nuttx/drivers/libdrivers.a(cdcacm.o)
 .text.cdcuart_shutdown
                0x000000003000c9f0        0x2 NuttX/nuttx/drivers/libdrivers.a(cdcacm.o)
 .text.cdcuart_attach
                0x000000003000c9f2        0x4 NuttX/nuttx/drivers/libdrivers.a(cdcacm.o)
 .text.cdcuart_txempty
                0x000000003000c9f6       0x16 NuttX/nuttx/drivers/libdrivers.a(cdcacm.o)
 .text.cdcacm_serialstate
                0x000000003000ca0c       0x9c NuttX/nuttx/drivers/libdrivers.a(cdcacm.o)
 .text.cdcacm_epconfigure
                0x000000003000caa8       0x24 NuttX/nuttx/drivers/libdrivers.a(cdcacm.o)
 .text.cdcacm_sndpacket
                0x000000003000cacc       0xe6 NuttX/nuttx/drivers/libdrivers.a(cdcacm.o)
 .text.cdcacm_wrcomplete
                0x000000003000cbb2       0x44 NuttX/nuttx/drivers/libdrivers.a(cdcacm.o)
 .text.cdcuart_txint
                0x000000003000cbf6       0x1a NuttX/nuttx/drivers/libdrivers.a(cdcacm.o)
 .text.cdcacm_freereq
                0x000000003000cc10       0x24 NuttX/nuttx/drivers/libdrivers.a(cdcacm.o)
 .text.cdcacm_resume
                0x000000003000cc34       0x14 NuttX/nuttx/drivers/libdrivers.a(cdcacm.o)
 .text.cdcacm_suspend
                0x000000003000cc48        0xe NuttX/nuttx/drivers/libdrivers.a(cdcacm.o)
 .text.cdcacm_resetconfig
                0x000000003000cc56       0x38 NuttX/nuttx/drivers/libdrivers.a(cdcacm.o)
 .text.cdcacm_disconnect
                0x000000003000cc8e       0x46 NuttX/nuttx/drivers/libdrivers.a(cdcacm.o)
 .text.cdcacm_requeue_rdrequest
                0x000000003000ccd4       0x34 NuttX/nuttx/drivers/libdrivers.a(cdcacm.o)
 .text.cdcacm_release_rxpending
                0x000000003000cd08      0x128 NuttX/nuttx/drivers/libdrivers.a(cdcacm.o)
 .text.cdcuart_rxflowcontrol
                0x000000003000ce30       0x74 NuttX/nuttx/drivers/libdrivers.a(cdcacm.o)
 .text.cdcuart_rxint
                0x000000003000cea4       0x32 NuttX/nuttx/drivers/libdrivers.a(cdcacm.o)
 *fill*         0x000000003000ced6        0x2 ffecc2925d7d05c5
 .text.cdcuart_ioctl
                0x000000003000ced8      0x224 NuttX/nuttx/drivers/libdrivers.a(cdcacm.o)
 .text.cdcacm_rdcomplete
                0x000000003000d0fc       0x60 NuttX/nuttx/drivers/libdrivers.a(cdcacm.o)
 .text.cdcacm_rxtimeout
                0x000000003000d15c       0x1c NuttX/nuttx/drivers/libdrivers.a(cdcacm.o)
 .text.cdcacm_setconfig
                0x000000003000d178      0x11c NuttX/nuttx/drivers/libdrivers.a(cdcacm.o)
 .text.cdcacm_setup
                0x000000003000d294      0x21e NuttX/nuttx/drivers/libdrivers.a(cdcacm.o)
 *fill*         0x000000003000d4b2        0x2 ffecc2925d7d05c5
 .text.cdcacm_unbind
                0x000000003000d4b4       0xfc NuttX/nuttx/drivers/libdrivers.a(cdcacm.o)
 .text.cdcacm_bind
                0x000000003000d5b0      0x134 NuttX/nuttx/drivers/libdrivers.a(cdcacm.o)
 .text.cdcuart_detach
                0x000000003000d6e4        0x2 NuttX/nuttx/drivers/libdrivers.a(cdcacm.o)
 *fill*         0x000000003000d6e6        0x2 ffecc2925d7d05c5
 .text.cdcacm_initialize
                0x000000003000d6e8      0x104 NuttX/nuttx/drivers/libdrivers.a(cdcacm.o)
                0x000000003000d6e8                cdcacm_initialize
 .text.cdcacm_uninitialize
                0x000000003000d7ec       0x38 NuttX/nuttx/drivers/libdrivers.a(cdcacm.o)
                0x000000003000d7ec                cdcacm_uninitialize
 .text.cdcacm_mkstrdesc
                0x000000003000d824       0x78 NuttX/nuttx/drivers/libdrivers.a(cdcacm_desc.o)
                0x000000003000d824                cdcacm_mkstrdesc
 .text.cdcacm_getdevdesc
                0x000000003000d89c        0x8 NuttX/nuttx/drivers/libdrivers.a(cdcacm_desc.o)
                0x000000003000d89c                cdcacm_getdevdesc
 .text.cdcacm_copy_epdesc
                0x000000003000d8a4       0x6e NuttX/nuttx/drivers/libdrivers.a(cdcacm_desc.o)
                0x000000003000d8a4                cdcacm_copy_epdesc
 .text.cdcacm_mkcfgdesc
                0x000000003000d912      0x112 NuttX/nuttx/drivers/libdrivers.a(cdcacm_desc.o)
                0x000000003000d912                cdcacm_mkcfgdesc
 .text.cdcacm_getqualdesc
                0x000000003000da24        0x8 NuttX/nuttx/drivers/libdrivers.a(cdcacm_desc.o)
                0x000000003000da24                cdcacm_getqualdesc
 .text.file_seek
                0x000000003000da2c       0x50 NuttX/nuttx/fs/libfs.a(fs_lseek.o)
                0x000000003000da2c                file_seek
 .text.nx_seek  0x000000003000da7c       0x2c NuttX/nuttx/fs/libfs.a(fs_lseek.o)
                0x000000003000da7c                nx_seek
 .text.lseek    0x000000003000daa8       0x1a NuttX/nuttx/fs/libfs.a(fs_lseek.o)
                0x000000003000daa8                lseek
 *fill*         0x000000003000dac2        0x2 ffecc2925d7d05c5
 .text.file_read
                0x000000003000dac4       0x34 NuttX/nuttx/fs/libfs.a(fs_read.o)
                0x000000003000dac4                file_read
 .text.nx_read  0x000000003000daf8       0x1e NuttX/nuttx/fs/libfs.a(fs_read.o)
                0x000000003000daf8                nx_read
 .text.read     0x000000003000db16       0x1a NuttX/nuttx/fs/libfs.a(fs_read.o)
                0x000000003000db16                read
 .text.unregister_driver
                0x000000003000db30       0x1c NuttX/nuttx/fs/libfs.a(fs_unregisterdriver.o)
                0x000000003000db30                unregister_driver
 .text.inode_unlink
                0x000000003000db4c       0x60 NuttX/nuttx/fs/libfs.a(fs_inoderemove.o)
                0x000000003000db4c                inode_unlink
 .text.inode_remove
                0x000000003000dbac       0x3c NuttX/nuttx/fs/libfs.a(fs_inoderemove.o)
                0x000000003000dbac                inode_remove
 .text.nxsched_get_streams
                0x000000003000dbe8       0x20 NuttX/nuttx/sched/libsched.a(sched_getstreams.o)
                0x000000003000dbe8                nxsched_get_streams
 .text.atol     0x000000003000dc08        0x8 NuttX/nuttx/libs/libc/libc.a(lib_atol.o)
                0x000000003000dc08                atol
 .text.strtol   0x000000003000dc10       0x74 NuttX/nuttx/libs/libc/libc.a(lib_strtol.o)
                0x000000003000dc10                strtol
 .text.strtoul  0x000000003000dc84       0xba NuttX/nuttx/libs/libc/libc.a(lib_strtoul.o)
                0x000000003000dc84                strtoul
 .text.lib_checkbase
                0x000000003000dd3e       0x5c NuttX/nuttx/libs/libc/libc.a(lib_checkbase.o)
                0x000000003000dd3e                lib_checkbase
 .text.lib_isbasedigit
                0x000000003000dd9a       0x4c NuttX/nuttx/libs/libc/libc.a(lib_isbasedigit.o)
                0x000000003000dd9a                lib_isbasedigit
 .text.lib_skipspace
                0x000000003000dde6       0x18 NuttX/nuttx/libs/libc/libc.a(lib_skipspace.o)
                0x000000003000dde6                lib_skipspace
 *fill*         0x000000003000ddfe        0x2 ffecc2925d7d05c5
 .text.strtok   0x000000003000de00        0xc NuttX/nuttx/libs/libc/libc.a(lib_strtok.o)
                0x000000003000de00                strtok
 .text.strtok_r
                0x000000003000de0c       0x4c NuttX/nuttx/libs/libc/libc.a(lib_strtokr.o)
                0x000000003000de0c                strtok_r
 .text.strchr   0x000000003000de58       0x14 NuttX/nuttx/libs/libc/libc.a(lib_strchr.o)
                0x000000003000de58                strchr
 .text.tcgetattr
                0x000000003000de6c        0xa NuttX/nuttx/libs/libc/libc.a(lib_tcgetattr.o)
                0x000000003000de6c                tcgetattr
 .text.tcsetattr
                0x000000003000de76       0x2a NuttX/nuttx/libs/libc/libc.a(lib_tcsetattr.o)
                0x000000003000de76                tcsetattr
 .text.isspace  0x000000003000dea0       0x14 NuttX/nuttx/libs/libc/libc.a(lib_isspace.o)
                0x000000003000dea0                isspace
 .text.tcflush  0x000000003000deb4        0xa NuttX/nuttx/libs/libc/libc.a(lib_tcflush.o)
                0x000000003000deb4                tcflush
 .text.tcdrain  0x000000003000debe        0xa NuttX/nuttx/libs/libc/libc.a(lib_tcdrain.o)
                0x000000003000debe                tcdrain
 .text.file_vioctl
                0x000000003000dec8       0xcc NuttX/nuttx/fs/libfs.a(fs_ioctl.o)
                0x000000003000dec8                file_vioctl
 .text.ioctl    0x000000003000df94       0x3c NuttX/nuttx/fs/libfs.a(fs_ioctl.o)
                0x000000003000df94                ioctl
 .text.inode_getpath
                0x000000003000dfd0       0x48 NuttX/nuttx/fs/libfs.a(fs_inodegetpath.o)
                0x000000003000dfd0                inode_getpath
 .text.strcat   0x000000003000e018       0x20 NuttX/nuttx/libs/libc/libc.a(lib_strcat.o)
                0x000000003000e018                strcat
 .text.board_get_devices
                0x000000003000e038        0x4 platforms/nuttx/src/bootloader/nxp/rt117x/arch_bootloader/libarch_bootloader.a(main.c.obj)
                0x000000003000e038                board_get_devices
 .text.board_deinit
                0x000000003000e03c       0x48 platforms/nuttx/src/bootloader/nxp/rt117x/arch_bootloader/libarch_bootloader.a(main.c.obj)
                0x000000003000e03c                board_deinit
 .text.arch_systic_init
                0x000000003000e084        0x2 platforms/nuttx/src/bootloader/nxp/rt117x/arch_bootloader/libarch_bootloader.a(main.c.obj)
                0x000000003000e084                arch_systic_init
 *fill*         0x000000003000e086        0x2 ffecc2925d7d05c5
 .text.arch_systic_deinit
                0x000000003000e088       0x20 platforms/nuttx/src/bootloader/nxp/rt117x/arch_bootloader/libarch_bootloader.a(main.c.obj)
                0x000000003000e088                arch_systic_deinit
 .text.clock_deinit
                0x000000003000e0a8        0x2 platforms/nuttx/src/bootloader/nxp/rt117x/arch_bootloader/libarch_bootloader.a(main.c.obj)
                0x000000003000e0a8                clock_deinit
 .text.arch_flash_lock
                0x000000003000e0aa        0x2 platforms/nuttx/src/bootloader/nxp/rt117x/arch_bootloader/libarch_bootloader.a(main.c.obj)
                0x000000003000e0aa                arch_flash_lock
 .text.arch_flash_unlock
                0x000000003000e0ac        0x4 platforms/nuttx/src/bootloader/nxp/rt117x/arch_bootloader/libarch_bootloader.a(main.c.obj)
                0x000000003000e0ac                arch_flash_unlock
 .text.arch_flash_write
                0x000000003000e0b0       0x58 platforms/nuttx/src/bootloader/nxp/rt117x/arch_bootloader/libarch_bootloader.a(main.c.obj)
                0x000000003000e0b0                arch_flash_write
 .text.arch_setvtor
                0x000000003000e108        0xc platforms/nuttx/src/bootloader/nxp/rt117x/arch_bootloader/libarch_bootloader.a(main.c.obj)
                0x000000003000e108                arch_setvtor
 .text.flash_func_sector_size
                0x000000003000e114        0xe platforms/nuttx/src/bootloader/nxp/rt117x/arch_bootloader/libarch_bootloader.a(main.c.obj)
                0x000000003000e114                flash_func_sector_size
 .text.up_progmem_ispageerased
                0x000000003000e122       0x2a platforms/nuttx/src/bootloader/nxp/rt117x/arch_bootloader/libarch_bootloader.a(main.c.obj)
                0x000000003000e122                up_progmem_ispageerased
 .text.flash_func_write_word
                0x000000003000e14c        0xc platforms/nuttx/src/bootloader/nxp/rt117x/arch_bootloader/libarch_bootloader.a(main.c.obj)
                0x000000003000e14c                flash_func_write_word
 .text.flash_func_read_word
                0x000000003000e158       0x14 platforms/nuttx/src/bootloader/nxp/rt117x/arch_bootloader/libarch_bootloader.a(main.c.obj)
                0x000000003000e158                flash_func_read_word
 .text.flash_func_read_otp
                0x000000003000e16c        0x4 platforms/nuttx/src/bootloader/nxp/rt117x/arch_bootloader/libarch_bootloader.a(main.c.obj)
                0x000000003000e16c                flash_func_read_otp
 .text.get_mcu_id
                0x000000003000e170        0xc platforms/nuttx/src/bootloader/nxp/rt117x/arch_bootloader/libarch_bootloader.a(main.c.obj)
                0x000000003000e170                get_mcu_id
 .text.get_mcu_desc
                0x000000003000e17c       0x48 platforms/nuttx/src/bootloader/nxp/rt117x/arch_bootloader/libarch_bootloader.a(main.c.obj)
                0x000000003000e17c                get_mcu_desc
 .text.flash_func_read_sn
                0x000000003000e1c4       0x1c platforms/nuttx/src/bootloader/nxp/rt117x/arch_bootloader/libarch_bootloader.a(main.c.obj)
                0x000000003000e1c4                flash_func_read_sn
 .text.led_on   0x000000003000e1e0       0x20 platforms/nuttx/src/bootloader/nxp/rt117x/arch_bootloader/libarch_bootloader.a(main.c.obj)
                0x000000003000e1e0                led_on
 .text.led_off  0x000000003000e200       0x20 platforms/nuttx/src/bootloader/nxp/rt117x/arch_bootloader/libarch_bootloader.a(main.c.obj)